../BSP/PS2/bsp_ps2.c:34:6:PS2_Cmd	24	static
../BSP/PS2/bsp_ps2.c:64:9:PS2_RedLight	8	static
../BSP/PS2/bsp_ps2.c:83:6:PS2_ReadData	16	static
../BSP/PS2/bsp_ps2.c:116:9:PS2_DataKey	16	static
../BSP/PS2/bsp_ps2.c:137:9:PS2_AnologData	16	static
../BSP/PS2/bsp_ps2.c:142:6:PS2_ClearData	16	static
../BSP/PS2/bsp_ps2.c:160:6:PS2_Vibration	16	static
../BSP/PS2/bsp_ps2.c:184:6:PS2_ShortPoll	8	static
../BSP/PS2/bsp_ps2.c:204:6:PS2_EnterConfing	8	static
../BSP/PS2/bsp_ps2.c:228:6:PS2_TurnOnAnalogMode	8	static
../BSP/PS2/bsp_ps2.c:252:6:PS2_VibrationMode	8	static
../BSP/PS2/bsp_ps2.c:272:6:PS2_ExitConfing	8	static
../BSP/PS2/bsp_ps2.c:296:6:PS2_SetInit	8	static
