../BSP/OLED/bsp_oled.c:25:6:I2C_WriteByte	32	static
../BSP/OLED/bsp_oled.c:88:6:SSD1306_UpdateScreen	24	static
../BSP/OLED/bsp_oled.c:110:6:SSD1306_Fill	0	static
../BSP/OLED/bsp_oled.c:36:6:OLED_Init	8	static
../BSP/OLED/bsp_oled.c:116:6:SSD1306_DrawPixel	12	static
../BSP/OLED/bsp_oled.c:144:6:SSD1306_GotoXY	0	static
../BSP/OLED/bsp_oled.c:150:6:SSD1306_Putc	56	static
../BSP/OLED/bsp_oled.c:184:6:SSD1306_Puts	16	static
../BSP/OLED/bsp_oled.c:205:6:OLED_ON	8	static
../BSP/OLED/bsp_oled.c:214:6:OLED_OFF	8	static
../BSP/OLED/bsp_oled.c:221:6:SSD1306_DrawLine	56	static
../BSP/OLED/bsp_oled.c:323:6:OLED_Clear	0	static
../BSP/OLED/bsp_oled.c:329:6:OLED_Refresh	0	static
../BSP/OLED/bsp_oled.c:335:6:OLED_Draw_String	24	static
../BSP/OLED/bsp_oled.c:346:6:OLED_Draw_Line	16	static
