../BSP/motor/app_motor.c:28:14:Motion_Get_Circle_Pulse	4	static
../BSP/motor/app_motor.c:35:7:Motion_Get_Data	16	static
../BSP/motor/app_motor.c:48:6:Motion_Get_Motor_Speed	24	static
../BSP/motor/app_motor.c:58:6:Motion_Set_Yaw_Adjust	16	static
../BSP/motor/app_motor.c:76:9:Motion_Get_Yaw_Adjust	4	static
../BSP/motor/app_motor.c:83:6:Motion_Set_Pwm	24	static
../BSP/motor/app_motor.c:104:6:Motion_Stop	16	static
../BSP/motor/app_motor.c:115:6:Motion_Set_Speed	32	static
../BSP/motor/app_motor.c:130:6:Motion_Yaw_Calc	16	static
../BSP/motor/app_motor.c:135:6:Wheel_Yaw_Calc	40	static
../BSP/motor/app_motor.c:166:6:Motion_Get_Speed	48	static
../BSP/motor/app_motor.c:199:7:Motion_Get_APB	4	static
../BSP/motor/app_motor.c:206:7:Motion_Get_Circle_MM	4	static
../BSP/motor/app_motor.c:213:6:Motion_Get_Encoder	16	static
../BSP/motor/app_motor.c:230:6:Motion_Ctrl	16	static
../BSP/motor/app_motor.c:235:6:Motion_Ctrl_State	24	static
../BSP/motor/app_motor.c:247:6:wheel_State_YAW	16	static
../BSP/motor/app_motor.c:290:6:wheel_State	16	static
../BSP/motor/app_motor.c:329:6:wheel_Ctrl	24	static
../BSP/motor/app_motor.c:369:6:Motion_Handle	24	static
