Archive member included to satisfy reference by file (symbol)

C:/Program Files/STM32CubeIDE_1.16.1/STM32CubeIDE/plugins/com.st.stm32cube.ide.mcu.externaltools.gnu-tools-for-stm32.12.3.rel1.win32_1.0.200.202406191623/tools/bin/../lib/gcc/arm-none-eabi/12.3.1/../../../../arm-none-eabi/lib/thumb/v7-m/nofp\libc_nano.a(libc_a-exit.o)
                              C:/Program Files/STM32CubeIDE_1.16.1/STM32CubeIDE/plugins/com.st.stm32cube.ide.mcu.externaltools.gnu-tools-for-stm32.12.3.rel1.win32_1.0.200.202406191623/tools/bin/../lib/gcc/arm-none-eabi/12.3.1/../../../../arm-none-eabi/lib/thumb/v7-m/nofp/crt0.o (exit)
C:/Program Files/STM32CubeIDE_1.16.1/STM32CubeIDE/plugins/com.st.stm32cube.ide.mcu.externaltools.gnu-tools-for-stm32.12.3.rel1.win32_1.0.200.202406191623/tools/bin/../lib/gcc/arm-none-eabi/12.3.1/../../../../arm-none-eabi/lib/thumb/v7-m/nofp\libc_nano.a(libc_a-nano-vfprintf_float.o)
                              (_printf_float)
C:/Program Files/STM32CubeIDE_1.16.1/STM32CubeIDE/plugins/com.st.stm32cube.ide.mcu.externaltools.gnu-tools-for-stm32.12.3.rel1.win32_1.0.200.202406191623/tools/bin/../lib/gcc/arm-none-eabi/12.3.1/../../../../arm-none-eabi/lib/thumb/v7-m/nofp\libc_nano.a(libc_a-nano-vfprintf_i.o)
                              C:/Program Files/STM32CubeIDE_1.16.1/STM32CubeIDE/plugins/com.st.stm32cube.ide.mcu.externaltools.gnu-tools-for-stm32.12.3.rel1.win32_1.0.200.202406191623/tools/bin/../lib/gcc/arm-none-eabi/12.3.1/../../../../arm-none-eabi/lib/thumb/v7-m/nofp\libc_nano.a(libc_a-nano-vfprintf_float.o) (_printf_common)
C:/Program Files/STM32CubeIDE_1.16.1/STM32CubeIDE/plugins/com.st.stm32cube.ide.mcu.externaltools.gnu-tools-for-stm32.12.3.rel1.win32_1.0.200.202406191623/tools/bin/../lib/gcc/arm-none-eabi/12.3.1/../../../../arm-none-eabi/lib/thumb/v7-m/nofp\libc_nano.a(libc_a-nano-vfscanf_float.o)
                              (_scanf_float)
C:/Program Files/STM32CubeIDE_1.16.1/STM32CubeIDE/plugins/com.st.stm32cube.ide.mcu.externaltools.gnu-tools-for-stm32.12.3.rel1.win32_1.0.200.202406191623/tools/bin/../lib/gcc/arm-none-eabi/12.3.1/../../../../arm-none-eabi/lib/thumb/v7-m/nofp\libc_nano.a(libc_a-findfp.o)
                              C:/Program Files/STM32CubeIDE_1.16.1/STM32CubeIDE/plugins/com.st.stm32cube.ide.mcu.externaltools.gnu-tools-for-stm32.12.3.rel1.win32_1.0.200.202406191623/tools/bin/../lib/gcc/arm-none-eabi/12.3.1/../../../../arm-none-eabi/lib/thumb/v7-m/nofp\libc_nano.a(libc_a-exit.o) (__stdio_exit_handler)
C:/Program Files/STM32CubeIDE_1.16.1/STM32CubeIDE/plugins/com.st.stm32cube.ide.mcu.externaltools.gnu-tools-for-stm32.12.3.rel1.win32_1.0.200.202406191623/tools/bin/../lib/gcc/arm-none-eabi/12.3.1/../../../../arm-none-eabi/lib/thumb/v7-m/nofp\libc_nano.a(libc_a-fwalk.o)
                              C:/Program Files/STM32CubeIDE_1.16.1/STM32CubeIDE/plugins/com.st.stm32cube.ide.mcu.externaltools.gnu-tools-for-stm32.12.3.rel1.win32_1.0.200.202406191623/tools/bin/../lib/gcc/arm-none-eabi/12.3.1/../../../../arm-none-eabi/lib/thumb/v7-m/nofp\libc_nano.a(libc_a-findfp.o) (_fwalk_sglue)
C:/Program Files/STM32CubeIDE_1.16.1/STM32CubeIDE/plugins/com.st.stm32cube.ide.mcu.externaltools.gnu-tools-for-stm32.12.3.rel1.win32_1.0.200.202406191623/tools/bin/../lib/gcc/arm-none-eabi/12.3.1/../../../../arm-none-eabi/lib/thumb/v7-m/nofp\libc_nano.a(libc_a-sprintf.o)
                              ./BSP/PS2/app_ps2.o (sprintf)
C:/Program Files/STM32CubeIDE_1.16.1/STM32CubeIDE/plugins/com.st.stm32cube.ide.mcu.externaltools.gnu-tools-for-stm32.12.3.rel1.win32_1.0.200.202406191623/tools/bin/../lib/gcc/arm-none-eabi/12.3.1/../../../../arm-none-eabi/lib/thumb/v7-m/nofp\libc_nano.a(libc_a-stdio.o)
                              C:/Program Files/STM32CubeIDE_1.16.1/STM32CubeIDE/plugins/com.st.stm32cube.ide.mcu.externaltools.gnu-tools-for-stm32.12.3.rel1.win32_1.0.200.202406191623/tools/bin/../lib/gcc/arm-none-eabi/12.3.1/../../../../arm-none-eabi/lib/thumb/v7-m/nofp\libc_nano.a(libc_a-findfp.o) (__sread)
C:/Program Files/STM32CubeIDE_1.16.1/STM32CubeIDE/plugins/com.st.stm32cube.ide.mcu.externaltools.gnu-tools-for-stm32.12.3.rel1.win32_1.0.200.202406191623/tools/bin/../lib/gcc/arm-none-eabi/12.3.1/../../../../arm-none-eabi/lib/thumb/v7-m/nofp\libc_nano.a(libc_a-memset.o)
                              C:/Program Files/STM32CubeIDE_1.16.1/STM32CubeIDE/plugins/com.st.stm32cube.ide.mcu.externaltools.gnu-tools-for-stm32.12.3.rel1.win32_1.0.200.202406191623/tools/bin/../lib/gcc/arm-none-eabi/12.3.1/../../../../arm-none-eabi/lib/thumb/v7-m/nofp/crt0.o (memset)
C:/Program Files/STM32CubeIDE_1.16.1/STM32CubeIDE/plugins/com.st.stm32cube.ide.mcu.externaltools.gnu-tools-for-stm32.12.3.rel1.win32_1.0.200.202406191623/tools/bin/../lib/gcc/arm-none-eabi/12.3.1/../../../../arm-none-eabi/lib/thumb/v7-m/nofp\libc_nano.a(libc_a-localeconv.o)
[...]
Memory Configuration

Name             Origin             Length             Attributes
RAM              0x20000000         0x00010000         xrw
FLASH            0x08000000         0x00080000         xr
*default*        0x00000000         0xffffffff

Linker script and memory map

LOAD C:/Program Files/STM32CubeIDE_1.16.1/STM32CubeIDE/plugins/com.st.stm32cube.ide.mcu.externaltools.gnu-tools-for-stm32.12.3.rel1.win32_1.0.200.202406191623/tools/bin/../lib/gcc/arm-none-eabi/12.3.1/thumb/v7-m/nofp/crti.o
LOAD C:/Program Files/STM32CubeIDE_1.16.1/STM32CubeIDE/plugins/com.st.stm32cube.ide.mcu.externaltools.gnu-tools-for-stm32.12.3.rel1.win32_1.0.200.202406191623/tools/bin/../lib/gcc/arm-none-eabi/12.3.1/thumb/v7-m/nofp/crtbegin.o
LOAD C:/Program Files/STM32CubeIDE_1.16.1/STM32CubeIDE/plugins/com.st.stm32cube.ide.mcu.externaltools.gnu-tools-for-stm32.12.3.rel1.win32_1.0.200.202406191623/tools/bin/../lib/gcc/arm-none-eabi/12.3.1/../../../../arm-none-eabi/lib/thumb/v7-m/nofp/crt0.o
LOAD ./BSP/OLED/bsp_oled.o
LOAD ./BSP/OLED/oled_fonts.o
LOAD ./BSP/PS2/app_ps2.o
LOAD ./BSP/PS2/bsp_ps2.o
LOAD ./BSP/RGB/app_rgb.o
LOAD ./BSP/RGB/bsp_rgb.o
LOAD ./BSP/bsp.o
LOAD ./BSP/delay/delay.o
LOAD ./BSP/encoder/bsp_encoder.o
LOAD ./BSP/motor/app_motor.o
LOAD ./BSP/motor/bsp_PID_motor.o
LOAD ./BSP/motor/bsp_motor.o
LOAD ./BSP/tim/bsp_tim.o
LOAD ./BSP/ultrasonic/bsp_ultrasonic.o
LOAD ./Core/Src/gpio.o
LOAD ./Core/Src/i2c.o
LOAD ./Core/Src/main.o
LOAD ./Core/Src/stm32f1xx_hal_msp.o
LOAD ./Core/Src/stm32f1xx_it.o
LOAD ./Core/Src/syscalls.o
LOAD ./Core/Src/sysmem.o
LOAD ./Core/Src/system_stm32f1xx.o
LOAD ./Core/Src/tim.o
LOAD ./Core/Startup/startup_stm32f103zetx.o
LOAD ./Drivers/STM32F1xx_HAL_Driver/Src/stm32f1xx_hal.o
LOAD ./Drivers/STM32F1xx_HAL_Driver/Src/stm32f1xx_hal_cortex.o
LOAD ./Drivers/STM32F1xx_HAL_Driver/Src/stm32f1xx_hal_dma.o
LOAD ./Drivers/STM32F1xx_HAL_Driver/Src/stm32f1xx_hal_exti.o
LOAD ./Drivers/STM32F1xx_HAL_Driver/Src/stm32f1xx_hal_flash.o
LOAD ./Drivers/STM32F1xx_HAL_Driver/Src/stm32f1xx_hal_flash_ex.o
LOAD ./Drivers/STM32F1xx_HAL_Driver/Src/stm32f1xx_hal_gpio.o
LOAD ./Drivers/STM32F1xx_HAL_Driver/Src/stm32f1xx_hal_gpio_ex.o
LOAD ./Drivers/STM32F1xx_HAL_Driver/Src/stm32f1xx_hal_i2c.o
LOAD ./Drivers/STM32F1xx_HAL_Driver/Src/stm32f1xx_hal_pwr.o
LOAD ./Drivers/STM32F1xx_HAL_Driver/Src/stm32f1xx_hal_rcc.o
LOAD ./Drivers/STM32F1xx_HAL_Driver/Src/stm32f1xx_hal_rcc_ex.o
LOAD ./Drivers/STM32F1xx_HAL_Driver/Src/stm32f1xx_hal_tim.o
LOAD ./Drivers/STM32F1xx_HAL_Driver/Src/stm32f1xx_hal_tim_ex.o
START GROUP
LOAD C:/Program Files/STM32CubeIDE_1.16.1/STM32CubeIDE/plugins/com.st.stm32cube.ide.mcu.externaltools.gnu-tools-for-stm32.12.3.rel1.win32_1.0.200.202406191623/tools/bin/../lib/gcc/arm-none-eabi/12.3.1/../../../../arm-none-eabi/lib/thumb/v7-m/nofp\libc_nano.a
LOAD C:/Program Files/STM32CubeIDE_1.16.1/STM32CubeIDE/plugins/com.st.stm32cube.ide.mcu.externaltools.gnu-tools-for-stm32.12.3.rel1.win32_1.0.200.202406191623/tools/bin/../lib/gcc/arm-none-eabi/12.3.1/../../../../arm-none-eabi/lib/thumb/v7-m/nofp\libm.a
END GROUP
START GROUP
LOAD C:/Program Files/STM32CubeIDE_1.16.1/STM32CubeIDE/plugins/com.st.stm32cube.ide.mcu.externaltools.gnu-tools-for-stm32.12.3.rel1.win32_1.0.200.202406191623/tools/bin/../lib/gcc/arm-none-eabi/12.3.1/thumb/v7-m/nofp\libgcc.a
LOAD C:/Program Files/STM32CubeIDE_1.16.1/STM32CubeIDE/plugins/com.st.stm32cube.ide.mcu.externaltools.gnu-tools-for-stm32.12.3.rel1.win32_1.0.200.202406191623/tools/bin/../lib/gcc/arm-none-eabi/12.3.1/../../../../arm-none-eabi/lib/thumb/v7-m/nofp\libc_nano.a
END GROUP
START GROUP
LOAD C:/Program Files/STM32CubeIDE_1.16.1/STM32CubeIDE/plugins/com.st.stm32cube.ide.mcu.externaltools.gnu-tools-for-stm32.12.3.rel1.win32_1.0.200.202406191623/tools/bin/../lib/gcc/arm-none-eabi/12.3.1/thumb/v7-m/nofp\libgcc.a
LOAD C:/Program Files/STM32CubeIDE_1.16.1/STM32CubeIDE/plugins/com.st.stm32cube.ide.mcu.externaltools.gnu-tools-for-stm32.12.3.rel1.win32_1.0.200.202406191623/tools/bin/../lib/gcc/arm-none-eabi/12.3.1/../../../../arm-none-eabi/lib/thumb/v7-m/nofp\libc_nano.a
LOAD C:/Program Files/STM32CubeIDE_1.16.1/STM32CubeIDE/plugins/com.st.stm32cube.ide.mcu.externaltools.gnu-tools-for-stm32.12.3.rel1.win32_1.0.200.202406191623/tools/bin/../lib/gcc/arm-none-eabi/12.3.1/../../../../arm-none-eabi/lib/thumb/v7-m/nofp\libnosys.a
END GROUP
START GROUP
LOAD C:/Program Files/STM32CubeIDE_1.16.1/STM32CubeIDE/plugins/com.st.stm32cube.ide.mcu.externaltools.gnu-tools-for-stm32.12.3.rel1.win32_1.0.200.202406191623/tools/bin/../lib/gcc/arm-none-eabi/12.3.1/thumb/v7-m/nofp\libgcc.a
LOAD C:/Program Files/STM32CubeIDE_1.16.1/STM32CubeIDE/plugins/com.st.stm32cube.ide.mcu.externaltools.gnu-tools-for-stm32.12.3.rel1.win32_1.0.200.202406191623/tools/bin/../lib/gcc/arm-none-eabi/12.3.1/../../../../arm-none-eabi/lib/thumb/v7-m/nofp\libc_nano.a
LOAD C:/Program Files/STM32CubeIDE_1.16.1/STM32CubeIDE/plugins/com.st.stm32cube.ide.mcu.externaltools.gnu-tools-for-stm32.12.3.rel1.win32_1.0.200.202406191623/tools/bin/../lib/gcc/arm-none-eabi/12.3.1/../../../../arm-none-eabi/lib/thumb/v7-m/nofp\libnosys.a
END GROUP
LOAD C:/Program Files/STM32CubeIDE_1.16.1/STM32CubeIDE/plugins/com.st.stm32cube.ide.mcu.externaltools.gnu-tools-for-stm32.12.3.rel1.win32_1.0.200.202406191623/tools/bin/../lib/gcc/arm-none-eabi/12.3.1/thumb/v7-m/nofp/crtend.o
LOAD C:/Program Files/STM32CubeIDE_1.16.1/STM32CubeIDE/plugins/com.st.stm32cube.ide.mcu.externaltools.gnu-tools-for-stm32.12.3.rel1.win32_1.0.200.202406191623/tools/bin/../lib/gcc/arm-none-eabi/12.3.1/thumb/v7-m/nofp/crtn.o
                0x20010000                        _estack = (ORIGIN (RAM) + LENGTH (RAM))
                0x00000200                        _Min_Heap_Size = 0x200
                0x00000400                        _Min_Stack_Size = 0x400

.isr_vector     0x08000000      0x1e4
                0x08000000                        . = ALIGN (0x4)
 *(.isr_vector)
 .isr_vector    0x08000000      0x1e4 ./Core/Startup/startup_stm32f103zetx.o
                0x08000000                g_pfnVectors
                0x080001e4                        . = ALIGN (0x4)

.text           0x080001e8     0x9d54
                0x080001e8                        . = ALIGN (0x4)
 *(.text)
 .text          0x080001e8       0x40 C:/Program Files/STM32CubeIDE_1.16.1/STM32CubeIDE/plugins/com.st.stm32cube.ide.mcu.externaltools.gnu-tools-for-stm32.12.3.rel1.win32_1.0.200.202406191623/tools/bin/../lib/gcc/arm-none-eabi/12.3.1/thumb/v7-m/nofp/crtbegin.o
 .text          0x08000228       0x10 C:/Program Files/STM32CubeIDE_1.16.1/STM32CubeIDE/plugins/com.st.stm32cube.ide.mcu.externaltools.gnu-tools-for-stm32.12.3.rel1.win32_1.0.200.202406191623/tools/bin/../lib/gcc/arm-none-eabi/12.3.1/../../../../arm-none-eabi/lib/thumb/v7-m/nofp\libc_nano.a(libc_a-strlen.o)
                0x08000228                strlen
 .text          0x08000238      0x378 C:/Program Files/STM32CubeIDE_1.16.1/STM32CubeIDE/plugins/com.st.stm32cube.ide.mcu.externaltools.gnu-tools-for-stm32.12.3.rel1.win32_1.0.200.202406191623/tools/bin/../lib/gcc/arm-none-eabi/12.3.1/thumb/v7-m/nofp\libgcc.a(_arm_addsubdf3.o)
                0x08000238                __aeabi_drsub
                0x08000240                __aeabi_dsub
                0x08000240                __subdf3
                0x08000244                __aeabi_dadd
                0x08000244                __adddf3
                0x080004bc                __floatunsidf
                0x080004bc                __aeabi_ui2d
                0x080004dc                __floatsidf
                0x080004dc                __aeabi_i2d
                0x08000500                __aeabi_f2d
                0x08000500                __extendsfdf2
                0x08000544                __floatundidf
                0x08000544                __aeabi_ul2d
                0x08000554                __floatdidf
                0x08000554                __aeabi_l2d
 .text          0x080005b0      0x424 C:/Program Files/STM32CubeIDE_1.16.1/STM32CubeIDE/plugins/com.st.stm32cube.ide.mcu.externaltools.gnu-tools-for-stm32.12.3.rel1.win32_1.0.200.202406191623/tools/bin/../lib/gcc/arm-none-eabi/12.3.1/thumb/v7-m/nofp\libgcc.a(_arm_muldivdf3.o)
                0x080005b0                __aeabi_dmul
                0x080005b0                __muldf3
                0x08000804                __divdf3
                0x08000804                __aeabi_ddiv
 .text          0x080009d4      0x110 C:/Program Files/STM32CubeIDE_1.16.1/STM32CubeIDE/plugins/com.st.stm32cube.ide.mcu.externaltools.gnu-tools-for-stm32.12.3.rel1.win32_1.0.200.202406191623/tools/bin/../lib/gcc/arm-none-eabi/12.3.1/thumb/v7-m/nofp\libgcc.a(_arm_cmpdf2.o)
                0x080009d4                __gtdf2
                0x080009d4                __gedf2
                0x080009dc                __ltdf2
                0x080009dc                __ledf2
                0x080009e4                __nedf2
                0x080009e4                __eqdf2
                0x080009e4                __cmpdf2
                0x08000a60                __aeabi_cdrcmple
                0x08000a70                __aeabi_cdcmpeq
                0x08000a70                __aeabi_cdcmple
                0x08000a80                __aeabi_dcmpeq
                0x08000a94                __aeabi_dcmplt
                0x08000aa8                __aeabi_dcmple
                0x08000abc                __aeabi_dcmpge
                0x08000ad0                __aeabi_dcmpgt
 .text          0x08000ae4       0x2c C:/Program Files/STM32CubeIDE_1.16.1/STM32CubeIDE/plugins/com.st.stm32cube.ide.mcu.externaltools.gnu-tools-for-stm32.12.3.rel1.win32_1.0.200.202406191623/tools/bin/../lib/gcc/arm-none-eabi/12.3.1/thumb/v7-m/nofp\libgcc.a(_arm_unorddf2.o)
                0x08000ae4                __unorddf2
                0x08000ae4                __aeabi_dcmpun
 .text          0x08000b10       0x50 C:/Program Files/STM32CubeIDE_1.16.1/STM32CubeIDE/plugins/com.st.stm32cube.ide.mcu.externaltools.gnu-tools-for-stm32.12.3.rel1.win32_1.0.200.202406191623/tools/bin/../lib/gcc/arm-none-eabi/12.3.1/thumb/v7-m/nofp\libgcc.a(_arm_fixdfsi.o)
                0x08000b10                __aeabi_d2iz
                0x08000b10                __fixdfsi
 .text          0x08000b60       0x40 C:/Program Files/STM32CubeIDE_1.16.1/STM32CubeIDE/plugins/com.st.stm32cube.ide.mcu.externaltools.gnu-tools-for-stm32.12.3.rel1.win32_1.0.200.202406191623/tools/bin/../lib/gcc/arm-none-eabi/12.3.1/thumb/v7-m/nofp\libgcc.a(_arm_fixunsdfsi.o)
                0x08000b60                __aeabi_d2uiz
                0x08000b60                __fixunsdfsi
 .text          0x08000ba0       0xa0 C:/Program Files/STM32CubeIDE_1.16.1/STM32CubeIDE/plugins/com.st.stm32cube.ide.mcu.externaltools.gnu-tools-for-stm32.12.3.rel1.win32_1.0.200.202406191623/tools/bin/../lib/gcc/arm-none-eabi/12.3.1/thumb/v7-m/nofp\libgcc.a(_arm_truncdfsf2.o)
                0x08000ba0                __truncdfsf2
                0x08000ba0                __aeabi_d2f
 .text          0x08000c40      0x21c C:/Program Files/STM32CubeIDE_1.16.1/STM32CubeIDE/plugins/com.st.stm32cube.ide.mcu.externaltools.gnu-tools-for-stm32.12.3.rel1.win32_1.0.200.202406191623/tools/bin/../lib/gcc/arm-none-eabi/12.3.1/thumb/v7-m/nofp\libgcc.a(_arm_addsubsf3.o)
                0x08000c40                __aeabi_frsub
                0x08000c48                __subsf3
                0x08000c48                __aeabi_fsub
                0x08000c4c                __aeabi_fadd
                0x08000c4c                __addsf3
                0x08000dac                __aeabi_ui2f
                0x08000dac                __floatunsisf
                0x08000db4                __aeabi_i2f
                0x08000db4                __floatsisf
                0x08000dd0                __aeabi_ul2f
                0x08000dd0                __floatundisf
                0x08000de0                __aeabi_l2f
                0x08000de0                __floatdisf
 .text          0x08000e5c      0x2a0 C:/Program Files/STM32CubeIDE_1.16.1/STM32CubeIDE/plugins/com.st.stm32cube.ide.mcu.externaltools.gnu-tools-for-stm32.12.3.rel1.win32_1.0.200.202406191623/tools/bin/../lib/gcc/arm-none-eabi/12.3.1/thumb/v7-m/nofp\libgcc.a(_arm_muldivsf3.o)
                0x08000e5c                __mulsf3
                0x08000e5c                __aeabi_fmul
                0x08000fc4                __aeabi_fdiv
                0x08000fc4                __divsf3
 .text          0x080010fc       0xec C:/Program Files/STM32CubeIDE_1.16.1/STM32CubeIDE/plugins/com.st.stm32cube.ide.mcu.externaltools.gnu-tools-for-stm32.12.3.rel1.win32_1.0.200.202406191623/tools/bin/../lib/gcc/arm-none-eabi/12.3.1/thumb/v7-m/nofp\libgcc.a(_arm_cmpsf2.o)
                0x080010fc                __gesf2
                0x080010fc                __gtsf2
                0x08001104                __lesf2
                0x08001104                __ltsf2
                0x0800110c                __nesf2
                0x0800110c                __eqsf2
                0x0800110c                __cmpsf2
                0x0800116c                __aeabi_cfrcmple
                0x08001174                __aeabi_cfcmpeq
                0x08001174                __aeabi_cfcmple
                0x08001184                __aeabi_fcmpeq
                0x08001198                __aeabi_fcmplt
                0x080011ac                __aeabi_fcmple
                0x080011c0                __aeabi_fcmpge
                0x080011d4                __aeabi_fcmpgt
 .text          0x080011e8       0x4c C:/Program Files/STM32CubeIDE_1.16.1/STM32CubeIDE/plugins/com.st.stm32cube.ide.mcu.externaltools.gnu-tools-for-stm32.12.3.rel1.win32_1.0.200.202406191623/tools/bin/../lib/gcc/arm-none-eabi/12.3.1/thumb/v7-m/nofp\libgcc.a(_arm_fixsfsi.o)
                0x080011e8                __aeabi_f2iz
                0x080011e8                __fixsfsi
 .text          0x08001234       0x30 C:/Program Files/STM32CubeIDE_1.16.1/STM32CubeIDE/plugins/com.st.stm32cube.ide.mcu.externaltools.gnu-tools-for-stm32.12.3.rel1.win32_1.0.200.202406191623/tools/bin/../lib/gcc/arm-none-eabi/12.3.1/thumb/v7-m/nofp\libgcc.a(_fixdfdi.o)
                0x08001234                __fixdfdi
                0x08001234                __aeabi_d2lz
 .text          0x08001264       0x3c C:/Program Files/STM32CubeIDE_1.16.1/STM32CubeIDE/plugins/com.st.stm32cube.ide.mcu.externaltools.gnu-tools-for-stm32.12.3.rel1.win32_1.0.200.202406191623/tools/bin/../lib/gcc/arm-none-eabi/12.3.1/thumb/v7-m/nofp\libgcc.a(_fixunsdfdi.o)
                0x08001264                __fixunsdfdi
                0x08001264                __aeabi_d2ulz
 *(.text*)
 .text.I2C_WriteByte
                0x080012a0       0x28 ./BSP/OLED/bsp_oled.o
                0x080012a0                I2C_WriteByte
 .text.SSD1306_UpdateScreen
                0x080012c8       0x48 ./BSP/OLED/bsp_oled.o
                0x080012c8                SSD1306_UpdateScreen
 .text.SSD1306_Fill
                0x08001310       0x18 ./BSP/OLED/bsp_oled.o
                0x08001310                SSD1306_Fill
 .text.OLED_Init
                0x08001328      0x104 ./BSP/OLED/bsp_oled.o
                0x08001328                OLED_Init
 .text.SSD1306_DrawPixel
                0x0800142c       0x48 ./BSP/OLED/bsp_oled.o
                0x0800142c                SSD1306_DrawPixel
 .text.SSD1306_Putc
                0x08001474       0x9c ./BSP/OLED/bsp_oled.o
                0x08001474                SSD1306_Putc
 .text.SSD1306_Puts
                0x08001510       0x20 ./BSP/OLED/bsp_oled.o
                0x08001510                SSD1306_Puts
 .text.OLED_Clear
                0x08001530        0x6 ./BSP/OLED/bsp_oled.o
                0x08001530                OLED_Clear
 *fill*         0x08001536        0x2 
 .text.OLED_Draw_String
                0x08001538       0x38 ./BSP/OLED/bsp_oled.o
                0x08001538                OLED_Draw_String
 .text.OLED_Draw_Line
                0x08001570       0x22 ./BSP/OLED/bsp_oled.o
                0x08001570                OLED_Draw_Line
 *fill*         0x08001592        0x2 
 .text.User_PS2_Control
                0x08001594      0x328 ./BSP/PS2/app_ps2.o
                0x08001594                User_PS2_Control
 .text.PS2_Cmd  0x080018bc       0x8c ./BSP/PS2/bsp_ps2.o
                0x080018bc                PS2_Cmd
 .text.PS2_ReadData
                0x08001948       0xc4 ./BSP/PS2/bsp_ps2.o
                0x08001948                PS2_ReadData
 .text.PS2_AnologData
                0x08001a0c        0xc ./BSP/PS2/bsp_ps2.o
                0x08001a0c                PS2_AnologData
 .text.PS2_ClearData
                0x08001a18       0x10 ./BSP/PS2/bsp_ps2.o
                0x08001a18                PS2_ClearData
 .text.PS2_DataKey
                0x08001a28       0x40 ./BSP/PS2/bsp_ps2.o
                0x08001a28                PS2_DataKey
 .text.PS2_ShortPoll
                0x08001a68       0x4c ./BSP/PS2/bsp_ps2.o
                0x08001a68                PS2_ShortPoll
 .text.PS2_EnterConfing
                0x08001ab4       0x64 ./BSP/PS2/bsp_ps2.o
                0x08001ab4                PS2_EnterConfing
 .text.PS2_TurnOnAnalogMode
                0x08001b18       0x5c ./BSP/PS2/bsp_ps2.o
                0x08001b18                PS2_TurnOnAnalogMode
 .text.PS2_ExitConfing
                0x08001b74       0x64 ./BSP/PS2/bsp_ps2.o
                0x08001b74                PS2_ExitConfing
 .text.PS2_SetInit
                0x08001bd8       0x1e ./BSP/PS2/bsp_ps2.o
                0x08001bd8                PS2_SetInit
 .text.RGB_color_water.part.0
                0x08001bf6       0x2c ./BSP/RGB/app_rgb.o
 .text.RGB_color_ALL
                0x08001c22       0x1c ./BSP/RGB/app_rgb.o
                0x08001c22                RGB_color_ALL
 .text.RGB_color_follow
                0x08001c3e       0x3c ./BSP/RGB/app_rgb.o
                0x08001c3e                RGB_color_follow
 .text.RGB_color_water
                0x08001c7a       0x38 ./BSP/RGB/app_rgb.o
                0x08001c7a                RGB_color_water
 *fill*         0x08001cb2        0x2 
 .text.RGB_one_light
                0x08001cb4       0xe8 ./BSP/RGB/app_rgb.o
                0x08001cb4                RGB_one_light
 .text.user_control
                0x08001d9c       0x98 ./BSP/RGB/app_rgb.o
                0x08001d9c                user_control
 .text.Set_color_R
                0x08001e34       0x7c ./BSP/RGB/bsp_rgb.o
                0x08001e34                Set_color_R
 .text.Set_color_L
                0x08001eb0       0x80 ./BSP/RGB/bsp_rgb.o
                0x08001eb0                Set_color_L
 .text.Set_RGB  0x08001f30       0x74 ./BSP/RGB/bsp_rgb.o
                0x08001f30                Set_RGB
 .text.BSP_Init
                0x08001fa4       0x38 ./BSP/bsp.o
                0x08001fa4                BSP_Init
 .text.BSP_Loop
                0x08001fdc        0x4 ./BSP/bsp.o
                0x08001fdc                BSP_Loop
 .text.Delay_Init
                0x08001fe0        0xc ./BSP/delay/delay.o
                0x08001fe0                Delay_Init
 .text.Delay_Us
                0x08001fec       0x34 ./BSP/delay/delay.o
                0x08001fec                Delay_Us
 .text.Delay_Ms
                0x08002020        0xa ./BSP/delay/delay.o
                0x08002020                Delay_Ms
 *fill*         0x0800202a        0x2 
 .text.Encoder_Get_ALL
                0x0800202c       0x2c ./BSP/encoder/bsp_encoder.o
                0x0800202c                Encoder_Get_ALL
 .text.Encoder_Update_Count
                0x08002058       0x6c ./BSP/encoder/bsp_encoder.o
                0x08002058                Encoder_Update_Count
 .text.Motion_Set_Pwm
                0x080020c4       0x5e ./BSP/motor/app_motor.o
                0x080020c4                Motion_Set_Pwm
 *fill*         0x08002122        0x2 
 .text.Motion_Set_Speed
                0x08002124       0x3c ./BSP/motor/app_motor.o
                0x08002124                Motion_Set_Speed
 .text.Motion_Stop
                0x08002160       0x34 ./BSP/motor/app_motor.o
                0x08002160                Motion_Stop
 .text.Motion_Get_Encoder
                0x08002194       0x38 ./BSP/motor/app_motor.o
                0x08002194                Motion_Get_Encoder
 .text.Motion_Get_Speed
                0x080021cc      0x108 ./BSP/motor/app_motor.o
                0x080021cc                Motion_Get_Speed
 .text.wheel_Ctrl
                0x080022d4      0x124 ./BSP/motor/app_motor.o
                0x080022d4                wheel_Ctrl
 .text.wheel_State
                0x080023f8       0x74 ./BSP/motor/app_motor.o
                0x080023f8                wheel_State
 .text.Motion_Handle
                0x0800246c       0x50 ./BSP/motor/app_motor.o
                0x0800246c                Motion_Handle
 .text.PID_Param_Init
                0x080024bc       0x54 ./BSP/motor/bsp_PID_motor.o
                0x080024bc                PID_Param_Init
 .text.PID_Incre_Calc
                0x08002510       0x88 ./BSP/motor/bsp_PID_motor.o
                0x08002510                PID_Incre_Calc
 .text.PID_Calc_Motor
                0x08002598       0x24 ./BSP/motor/bsp_PID_motor.o
                0x08002598                PID_Calc_Motor
 .text.PID_Clear_Motor
                0x080025bc       0x38 ./BSP/motor/bsp_PID_motor.o
                0x080025bc                PID_Clear_Motor
 .text.PID_Set_Motor_Target
                0x080025f4       0x20 ./BSP/motor/bsp_PID_motor.o
                0x080025f4                PID_Set_Motor_Target
 .text.Motor_Stop
                0x08002614       0x28 ./BSP/motor/bsp_motor.o
                0x08002614                Motor_Stop
 .text.Motor_Set_Pwm
                0x0800263c       0x94 ./BSP/motor/bsp_motor.o
                0x0800263c                Motor_Set_Pwm
 .text.Bsp_Tim_Init
                0x080026d0       0xb8 ./BSP/tim/bsp_tim.o
                0x080026d0                Bsp_Tim_Init
 .text.HAL_TIM_PeriodElapsedCallback
                0x08002788       0x3c ./BSP/tim/bsp_tim.o
                0x08002788                HAL_TIM_PeriodElapsedCallback
 .text.Get_distance
                0x080027c4       0xd0 ./BSP/ultrasonic/bsp_ultrasonic.o
                0x080027c4                Get_distance
 .text.MX_GPIO_Init
                0x08002894      0x154 ./Core/Src/gpio.o
                0x08002894                MX_GPIO_Init
 .text.MX_I2C1_Init
                0x080029e8       0x3c ./Core/Src/i2c.o
                0x080029e8                MX_I2C1_Init
 .text.HAL_I2C_MspInit
                0x08002a24       0x64 ./Core/Src/i2c.o
                0x08002a24                HAL_I2C_MspInit
 .text.SystemClock_Config
                0x08002a88       0x5e ./Core/Src/main.o
                0x08002a88                SystemClock_Config
 .text.startup.main
                0x08002ae6       0x3c ./Core/Src/main.o
                0x08002ae6                main
 .text.Error_Handler
                0x08002b22        0x4 ./Core/Src/main.o
                0x08002b22                Error_Handler
 .text.assert_failed
                0x08002b26        0x2 ./Core/Src/main.o
                0x08002b26                assert_failed
 .text.HAL_MspInit
                0x08002b28       0x4c ./Core/Src/stm32f1xx_hal_msp.o
                0x08002b28                HAL_MspInit
 .text.NMI_Handler
                0x08002b74        0x2 ./Core/Src/stm32f1xx_it.o
                0x08002b74                NMI_Handler
 .text.HardFault_Handler
                0x08002b76        0x2 ./Core/Src/stm32f1xx_it.o
                0x08002b76                HardFault_Handler
 .text.MemManage_Handler
                0x08002b78        0x2 ./Core/Src/stm32f1xx_it.o
                0x08002b78                MemManage_Handler
 .text.BusFault_Handler
                0x08002b7a        0x2 ./Core/Src/stm32f1xx_it.o
                0x08002b7a                BusFault_Handler
 .text.UsageFault_Handler
                0x08002b7c        0x2 ./Core/Src/stm32f1xx_it.o
                0x08002b7c                UsageFault_Handler
 .text.SVC_Handler
                0x08002b7e        0x2 ./Core/Src/stm32f1xx_it.o
                0x08002b7e                SVC_Handler
 .text.DebugMon_Handler
                0x08002b80        0x2 ./Core/Src/stm32f1xx_it.o
                0x08002b80                DebugMon_Handler
 .text.PendSV_Handler
                0x08002b82        0x2 ./Core/Src/stm32f1xx_it.o
                0x08002b82                PendSV_Handler
 .text.SysTick_Handler
                0x08002b84        0x4 ./Core/Src/stm32f1xx_it.o
                0x08002b84                SysTick_Handler
 .text.TIM6_IRQHandler
                0x08002b88        0xc ./Core/Src/stm32f1xx_it.o
                0x08002b88                TIM6_IRQHandler
 .text.TIM7_IRQHandler
                0x08002b94        0xc ./Core/Src/stm32f1xx_it.o
                0x08002b94                TIM7_IRQHandler
 .text._getpid  0x08002ba0        0x4 ./Core/Src/syscalls.o
                0x08002ba0                _getpid
 .text._kill    0x08002ba4       0x10 ./Core/Src/syscalls.o
                0x08002ba4                _kill
 .text._exit    0x08002bb4        0xc ./Core/Src/syscalls.o
                0x08002bb4                _exit
 .text._read    0x08002bc0       0x1c ./Core/Src/syscalls.o
                0x08002bc0                _read
 .text._write   0x08002bdc       0x1c ./Core/Src/syscalls.o
                0x08002bdc                _write
 .text._close   0x08002bf8        0x6 ./Core/Src/syscalls.o
                0x08002bf8                _close
 .text._fstat   0x08002bfe        0xa ./Core/Src/syscalls.o
                0x08002bfe                _fstat
 .text._isatty  0x08002c08        0x4 ./Core/Src/syscalls.o
                0x08002c08                _isatty
 .text._lseek   0x08002c0c        0x4 ./Core/Src/syscalls.o
                0x08002c0c                _lseek
 .text._sbrk    0x08002c10       0x40 ./Core/Src/sysmem.o
                0x08002c10                _sbrk
 .text.SystemInit
                0x08002c50        0x2 ./Core/Src/system_stm32f1xx.o
                0x08002c50                SystemInit
 *fill*         0x08002c52        0x2 
 .text.MX_TIM2_Init
                0x08002c54       0x5c ./Core/Src/tim.o
                0x08002c54                MX_TIM2_Init
 .text.MX_TIM3_Init
                0x08002cb0       0x5c ./Core/Src/tim.o
                0x08002cb0                MX_TIM3_Init
 .text.MX_TIM4_Init
                0x08002d0c       0x5c ./Core/Src/tim.o
                0x08002d0c                MX_TIM4_Init
 .text.MX_TIM5_Init
                0x08002d68       0x5c ./Core/Src/tim.o
                0x08002d68                MX_TIM5_Init
 .text.MX_TIM6_Init
                0x08002dc4       0x44 ./Core/Src/tim.o
                0x08002dc4                MX_TIM6_Init
 .text.MX_TIM7_Init
                0x08002e08       0x44 ./Core/Src/tim.o
                0x08002e08                MX_TIM7_Init
 .text.HAL_TIM_Base_MspInit
                0x08002e4c       0xac ./Core/Src/tim.o
                0x08002e4c                HAL_TIM_Base_MspInit
 .text.HAL_TIM_Encoder_MspInit
                0x08002ef8      0x174 ./Core/Src/tim.o
                0x08002ef8                HAL_TIM_Encoder_MspInit
 .text.HAL_TIM_MspPostInit
                0x0800306c       0x9c ./Core/Src/tim.o
                0x0800306c                HAL_TIM_MspPostInit
 .text.MX_TIM1_Init
                0x08003108      0x104 ./Core/Src/tim.o
                0x08003108                MX_TIM1_Init
 .text.MX_TIM8_Init
                0x0800320c      0x104 ./Core/Src/tim.o
                0x0800320c                MX_TIM8_Init
 .text.Reset_Handler
                0x08003310       0x48 ./Core/Startup/startup_stm32f103zetx.o
                0x08003310                Reset_Handler
 .text.Default_Handler
                0x08003358        0x2 ./Core/Startup/startup_stm32f103zetx.o
                0x08003358                RTC_Alarm_IRQHandler
                0x08003358                EXTI2_IRQHandler
                0x08003358                TIM8_TRG_COM_IRQHandler
                0x08003358                TIM8_CC_IRQHandler
                0x08003358                TIM1_CC_IRQHandler
                0x08003358                PVD_IRQHandler
                0x08003358                SDIO_IRQHandler
                0x08003358                EXTI3_IRQHandler
                0x08003358                EXTI0_IRQHandler
                0x08003358                I2C2_EV_IRQHandler
                0x08003358                ADC1_2_IRQHandler
                0x08003358                SPI1_IRQHandler
                0x08003358                TAMPER_IRQHandler
                0x08003358                TIM8_UP_IRQHandler
                0x08003358                DMA2_Channel2_IRQHandler
                0x08003358                DMA1_Channel4_IRQHandler
                0x08003358                USART3_IRQHandler
                0x08003358                RTC_IRQHandler
                0x08003358                DMA1_Channel7_IRQHandler
                0x08003358                CAN1_RX1_IRQHandler
                0x08003358                UART5_IRQHandler
                0x08003358                ADC3_IRQHandler
                0x08003358                TIM4_IRQHandler
                0x08003358                DMA2_Channel1_IRQHandler
                0x08003358                I2C1_EV_IRQHandler
                0x08003358                DMA1_Channel6_IRQHandler
                0x08003358                UART4_IRQHandler
                0x08003358                TIM3_IRQHandler
                0x08003358                RCC_IRQHandler
                0x08003358                TIM1_TRG_COM_IRQHandler
                0x08003358                DMA1_Channel1_IRQHandler
                0x08003358                Default_Handler
                0x08003358                EXTI15_10_IRQHandler
                0x08003358                TIM5_IRQHandler
                0x08003358                EXTI9_5_IRQHandler
                0x08003358                SPI2_IRQHandler
                0x08003358                DMA1_Channel5_IRQHandler
                0x08003358                EXTI4_IRQHandler
                0x08003358                USB_LP_CAN1_RX0_IRQHandler
                0x08003358                USB_HP_CAN1_TX_IRQHandler
                0x08003358                DMA1_Channel3_IRQHandler
                0x08003358                FSMC_IRQHandler
                0x08003358                TIM1_UP_IRQHandler
                0x08003358                WWDG_IRQHandler
                0x08003358                TIM2_IRQHandler
                0x08003358                TIM1_BRK_IRQHandler
                0x08003358                EXTI1_IRQHandler
                0x08003358                DMA2_Channel4_5_IRQHandler
                0x08003358                USART2_IRQHandler
                0x08003358                I2C2_ER_IRQHandler
                0x08003358                DMA1_Channel2_IRQHandler
                0x08003358                TIM8_BRK_IRQHandler
                0x08003358                CAN1_SCE_IRQHandler
                0x08003358                FLASH_IRQHandler
                0x08003358                USART1_IRQHandler
                0x08003358                SPI3_IRQHandler
                0x08003358                I2C1_ER_IRQHandler
                0x08003358                USBWakeUp_IRQHandler
                0x08003358                DMA2_Channel3_IRQHandler
 *fill*         0x0800335a        0x2 
 .text.HAL_InitTick
                0x0800335c       0x48 ./Drivers/STM32F1xx_HAL_Driver/Src/stm32f1xx_hal.o
                0x0800335c                HAL_InitTick
 .text.HAL_Init
                0x080033a4       0x24 ./Drivers/STM32F1xx_HAL_Driver/Src/stm32f1xx_hal.o
                0x080033a4                HAL_Init
 .text.HAL_IncTick
                0x080033c8       0x18 ./Drivers/STM32F1xx_HAL_Driver/Src/stm32f1xx_hal.o
                0x080033c8                HAL_IncTick
 .text.HAL_GetTick
                0x080033e0        0xc ./Drivers/STM32F1xx_HAL_Driver/Src/stm32f1xx_hal.o
                0x080033e0                HAL_GetTick
 .text.HAL_Delay
                0x080033ec       0x24 ./Drivers/STM32F1xx_HAL_Driver/Src/stm32f1xx_hal.o
                0x080033ec                HAL_Delay
 .text.HAL_NVIC_SetPriorityGrouping
                0x08003410       0x3c ./Drivers/STM32F1xx_HAL_Driver/Src/stm32f1xx_hal_cortex.o
                0x08003410                HAL_NVIC_SetPriorityGrouping
 .text.HAL_NVIC_SetPriority
                0x0800344c       0x84 ./Drivers/STM32F1xx_HAL_Driver/Src/stm32f1xx_hal_cortex.o
                0x0800344c                HAL_NVIC_SetPriority
 .text.HAL_NVIC_EnableIRQ
                0x080034d0       0x28 ./Drivers/STM32F1xx_HAL_Driver/Src/stm32f1xx_hal_cortex.o
                0x080034d0                HAL_NVIC_EnableIRQ
 .text.HAL_SYSTICK_Config
                0x080034f8       0x28 ./Drivers/STM32F1xx_HAL_Driver/Src/stm32f1xx_hal_cortex.o
                0x080034f8                HAL_SYSTICK_Config
 .text.HAL_GPIO_Init
                0x08003520      0x2f8 ./Drivers/STM32F1xx_HAL_Driver/Src/stm32f1xx_hal_gpio.o
                0x08003520                HAL_GPIO_Init
 .text.HAL_GPIO_ReadPin
                0x08003818       0x24 ./Drivers/STM32F1xx_HAL_Driver/Src/stm32f1xx_hal_gpio.o
                0x08003818                HAL_GPIO_ReadPin
 .text.HAL_GPIO_WritePin
                0x0800383c       0x34 ./Drivers/STM32F1xx_HAL_Driver/Src/stm32f1xx_hal_gpio.o
                0x0800383c                HAL_GPIO_WritePin
 .text.I2C_IsAcknowledgeFailed
                0x08003870       0x32 ./Drivers/STM32F1xx_HAL_Driver/Src/stm32f1xx_hal_i2c.o
 .text.I2C_WaitOnFlagUntilTimeout
                0x080038a2       0x80 ./Drivers/STM32F1xx_HAL_Driver/Src/stm32f1xx_hal_i2c.o
 .text.I2C_WaitOnMasterAddressFlagUntilTimeout
                0x08003922       0x84 ./Drivers/STM32F1xx_HAL_Driver/Src/stm32f1xx_hal_i2c.o
 .text.I2C_WaitOnTXEFlagUntilTimeout
                0x080039a6       0x54 ./Drivers/STM32F1xx_HAL_Driver/Src/stm32f1xx_hal_i2c.o
 *fill*         0x080039fa        0x2 
 .text.I2C_RequestMemoryWrite
                0x080039fc       0xb4 ./Drivers/STM32F1xx_HAL_Driver/Src/stm32f1xx_hal_i2c.o
 .text.I2C_WaitOnBTFFlagUntilTimeout
                0x08003ab0       0x54 ./Drivers/STM32F1xx_HAL_Driver/Src/stm32f1xx_hal_i2c.o
 .text.HAL_I2C_Init
                0x08003b04      0x210 ./Drivers/STM32F1xx_HAL_Driver/Src/stm32f1xx_hal_i2c.o
                0x08003b04                HAL_I2C_Init
 .text.HAL_I2C_Mem_Write
                0x08003d14      0x138 ./Drivers/STM32F1xx_HAL_Driver/Src/stm32f1xx_hal_i2c.o
                0x08003d14                HAL_I2C_Mem_Write
 .text.HAL_RCC_OscConfig
                0x08003e4c      0x41c ./Drivers/STM32F1xx_HAL_Driver/Src/stm32f1xx_hal_rcc.o
                0x08003e4c                HAL_RCC_OscConfig
 .text.HAL_RCC_GetSysClockFreq
                0x08004268       0x4c ./Drivers/STM32F1xx_HAL_Driver/Src/stm32f1xx_hal_rcc.o
                0x08004268                HAL_RCC_GetSysClockFreq
 .text.HAL_RCC_ClockConfig
                0x080042b4      0x1e8 ./Drivers/STM32F1xx_HAL_Driver/Src/stm32f1xx_hal_rcc.o
                0x080042b4                HAL_RCC_ClockConfig
 .text.HAL_RCC_GetPCLK1Freq
                0x0800449c       0x20 ./Drivers/STM32F1xx_HAL_Driver/Src/stm32f1xx_hal_rcc.o
                0x0800449c                HAL_RCC_GetPCLK1Freq
 .text.TIM_OC1_SetConfig
                0x080044bc       0xac ./Drivers/STM32F1xx_HAL_Driver/Src/stm32f1xx_hal_tim.o
 .text.TIM_OC3_SetConfig
                0x08004568       0xb0 ./Drivers/STM32F1xx_HAL_Driver/Src/stm32f1xx_hal_tim.o
 .text.TIM_OC4_SetConfig
                0x08004618       0x70 ./Drivers/STM32F1xx_HAL_Driver/Src/stm32f1xx_hal_tim.o
 .text.HAL_TIM_Base_Start_IT
                0x08004688       0xb4 ./Drivers/STM32F1xx_HAL_Driver/Src/stm32f1xx_hal_tim.o
                0x08004688                HAL_TIM_Base_Start_IT
 .text.HAL_TIM_PWM_MspInit
                0x0800473c        0x2 ./Drivers/STM32F1xx_HAL_Driver/Src/stm32f1xx_hal_tim.o
                0x0800473c                HAL_TIM_PWM_MspInit
 .text.HAL_TIM_OC_DelayElapsedCallback
                0x0800473e        0x2 ./Drivers/STM32F1xx_HAL_Driver/Src/stm32f1xx_hal_tim.o
                0x0800473e                HAL_TIM_OC_DelayElapsedCallback
 .text.HAL_TIM_IC_CaptureCallback
                0x08004740        0x2 ./Drivers/STM32F1xx_HAL_Driver/Src/stm32f1xx_hal_tim.o
                0x08004740                HAL_TIM_IC_CaptureCallback
 .text.HAL_TIM_PWM_PulseFinishedCallback
                0x08004742        0x2 ./Drivers/STM32F1xx_HAL_Driver/Src/stm32f1xx_hal_tim.o
                0x08004742                HAL_TIM_PWM_PulseFinishedCallback
 .text.HAL_TIM_TriggerCallback
                0x08004744        0x2 ./Drivers/STM32F1xx_HAL_Driver/Src/stm32f1xx_hal_tim.o
                0x08004744                HAL_TIM_TriggerCallback
 .text.HAL_TIM_IRQHandler
                0x08004746      0x144 ./Drivers/STM32F1xx_HAL_Driver/Src/stm32f1xx_hal_tim.o
                0x08004746                HAL_TIM_IRQHandler
 *fill*         0x0800488a        0x2 
 .text.TIM_Base_SetConfig
                0x0800488c       0x98 ./Drivers/STM32F1xx_HAL_Driver/Src/stm32f1xx_hal_tim.o
                0x0800488c                TIM_Base_SetConfig
 .text.HAL_TIM_Base_Init
                0x08004924      0x10c ./Drivers/STM32F1xx_HAL_Driver/Src/stm32f1xx_hal_tim.o
                0x08004924                HAL_TIM_Base_Init
 .text.HAL_TIM_PWM_Init
                0x08004a30      0x10c ./Drivers/STM32F1xx_HAL_Driver/Src/stm32f1xx_hal_tim.o
                0x08004a30                HAL_TIM_PWM_Init
 .text.HAL_TIM_Encoder_Init
                0x08004b3c      0x204 ./Drivers/STM32F1xx_HAL_Driver/Src/stm32f1xx_hal_tim.o
                0x08004b3c                HAL_TIM_Encoder_Init
 .text.TIM_OC2_SetConfig
                0x08004d40       0xb4 ./Drivers/STM32F1xx_HAL_Driver/Src/stm32f1xx_hal_tim.o
                0x08004d40                TIM_OC2_SetConfig
 .text.HAL_TIM_PWM_ConfigChannel
                0x08004df4      0x208 ./Drivers/STM32F1xx_HAL_Driver/Src/stm32f1xx_hal_tim.o
                0x08004df4                HAL_TIM_PWM_ConfigChannel
 .text.TIM_ETR_SetConfig
                0x08004ffc       0x14 ./Drivers/STM32F1xx_HAL_Driver/Src/stm32f1xx_hal_tim.o
                0x08004ffc                TIM_ETR_SetConfig
 .text.HAL_TIM_ConfigClockSource
                0x08005010      0x408 ./Drivers/STM32F1xx_HAL_Driver/Src/stm32f1xx_hal_tim.o
                0x08005010                HAL_TIM_ConfigClockSource
 .text.TIM_CCxChannelCmd
                0x08005418       0x88 ./Drivers/STM32F1xx_HAL_Driver/Src/stm32f1xx_hal_tim.o
                0x08005418                TIM_CCxChannelCmd
 .text.HAL_TIM_PWM_Start
                0x080054a0      0x10c ./Drivers/STM32F1xx_HAL_Driver/Src/stm32f1xx_hal_tim.o
                0x080054a0                HAL_TIM_PWM_Start
 .text.HAL_TIM_Encoder_Start
                0x080055ac       0xec ./Drivers/STM32F1xx_HAL_Driver/Src/stm32f1xx_hal_tim.o
                0x080055ac                HAL_TIM_Encoder_Start
 .text.HAL_TIMEx_MasterConfigSynchronization
                0x08005698       0xe0 ./Drivers/STM32F1xx_HAL_Driver/Src/stm32f1xx_hal_tim_ex.o
                0x08005698                HAL_TIMEx_MasterConfigSynchronization
 .text.HAL_TIMEx_ConfigBreakDeadTime
                0x08005778       0xf0 ./Drivers/STM32F1xx_HAL_Driver/Src/stm32f1xx_hal_tim_ex.o
                0x08005778                HAL_TIMEx_ConfigBreakDeadTime
 .text.HAL_TIMEx_CommutCallback
                0x08005868        0x2 ./Drivers/STM32F1xx_HAL_Driver/Src/stm32f1xx_hal_tim_ex.o
                0x08005868                HAL_TIMEx_CommutCallback
 .text.HAL_TIMEx_BreakCallback
                0x0800586a        0x2 ./Drivers/STM32F1xx_HAL_Driver/Src/stm32f1xx_hal_tim_ex.o
                0x0800586a                HAL_TIMEx_BreakCallback
 .text.__cvt    0x0800586c       0xc8 C:/Program Files/STM32CubeIDE_1.16.1/STM32CubeIDE/plugins/com.st.stm32cube.ide.mcu.externaltools.gnu-tools-for-stm32.12.3.rel1.win32_1.0.200.202406191623/tools/bin/../lib/gcc/arm-none-eabi/12.3.1/../../../../arm-none-eabi/lib/thumb/v7-m/nofp\libc_nano.a(libc_a-nano-vfprintf_float.o)
                0x0800586c                __cvt
 .text.__exponent
                0x08005934       0x74 C:/Program Files/STM32CubeIDE_1.16.1/STM32CubeIDE/plugins/com.st.stm32cube.ide.mcu.externaltools.gnu-tools-for-stm32.12.3.rel1.win32_1.0.200.202406191623/tools/bin/../lib/gcc/arm-none-eabi/12.3.1/../../../../arm-none-eabi/lib/thumb/v7-m/nofp\libc_nano.a(libc_a-nano-vfprintf_float.o)
                0x08005934                __exponent
 .text._printf_float
                0x080059a8      0x458 C:/Program Files/STM32CubeIDE_1.16.1/STM32CubeIDE/plugins/com.st.stm32cube.ide.mcu.externaltools.gnu-tools-for-stm32.12.3.rel1.win32_1.0.200.202406191623/tools/bin/../lib/gcc/arm-none-eabi/12.3.1/../../../../arm-none-eabi/lib/thumb/v7-m/nofp\libc_nano.a(libc_a-nano-vfprintf_float.o)
                0x080059a8                _printf_float
 .text._printf_common
                0x08005e00       0xe4 C:/Program Files/STM32CubeIDE_1.16.1/STM32CubeIDE/plugins/com.st.stm32cube.ide.mcu.externaltools.gnu-tools-for-stm32.12.3.rel1.win32_1.0.200.202406191623/tools/bin/../lib/gcc/arm-none-eabi/12.3.1/../../../../arm-none-eabi/lib/thumb/v7-m/nofp\libc_nano.a(libc_a-nano-vfprintf_i.o)
                0x08005e00                _printf_common
 .text._printf_i
                0x08005ee4      0x240 C:/Program Files/STM32CubeIDE_1.16.1/STM32CubeIDE/plugins/com.st.stm32cube.ide.mcu.externaltools.gnu-tools-for-stm32.12.3.rel1.win32_1.0.200.202406191623/tools/bin/../lib/gcc/arm-none-eabi/12.3.1/../../../../arm-none-eabi/lib/thumb/v7-m/nofp\libc_nano.a(libc_a-nano-vfprintf_i.o)
                0x08005ee4                _printf_i
 .text._scanf_float
                0x08006124      0x420 C:/Program Files/STM32CubeIDE_1.16.1/STM32CubeIDE/plugins/com.st.stm32cube.ide.mcu.externaltools.gnu-tools-for-stm32.12.3.rel1.win32_1.0.200.202406191623/tools/bin/../lib/gcc/arm-none-eabi/12.3.1/../../../../arm-none-eabi/lib/thumb/v7-m/nofp\libc_nano.a(libc_a-nano-vfscanf_float.o)
                0x08006124                _scanf_float
 .text.std      0x08006544       0x6c C:/Program Files/STM32CubeIDE_1.16.1/STM32CubeIDE/plugins/com.st.stm32cube.ide.mcu.externaltools.gnu-tools-for-stm32.12.3.rel1.win32_1.0.200.202406191623/tools/bin/../lib/gcc/arm-none-eabi/12.3.1/../../../../arm-none-eabi/lib/thumb/v7-m/nofp\libc_nano.a(libc_a-findfp.o)
 .text.stdio_exit_handler
                0x080065b0       0x18 C:/Program Files/STM32CubeIDE_1.16.1/STM32CubeIDE/plugins/com.st.stm32cube.ide.mcu.externaltools.gnu-tools-for-stm32.12.3.rel1.win32_1.0.200.202406191623/tools/bin/../lib/gcc/arm-none-eabi/12.3.1/../../../../arm-none-eabi/lib/thumb/v7-m/nofp\libc_nano.a(libc_a-findfp.o)
 .text.cleanup_stdio
                0x080065c8       0x40 C:/Program Files/STM32CubeIDE_1.16.1/STM32CubeIDE/plugins/com.st.stm32cube.ide.mcu.externaltools.gnu-tools-for-stm32.12.3.rel1.win32_1.0.200.202406191623/tools/bin/../lib/gcc/arm-none-eabi/12.3.1/../../../../arm-none-eabi/lib/thumb/v7-m/nofp\libc_nano.a(libc_a-findfp.o)
 .text.global_stdio_init.part.0
                0x08006608       0x3c C:/Program Files/STM32CubeIDE_1.16.1/STM32CubeIDE/plugins/com.st.stm32cube.ide.mcu.externaltools.gnu-tools-for-stm32.12.3.rel1.win32_1.0.200.202406191623/tools/bin/../lib/gcc/arm-none-eabi/12.3.1/../../../../arm-none-eabi/lib/thumb/v7-m/nofp\libc_nano.a(libc_a-findfp.o)
 .text.__sfp_lock_acquire
                0x08006644        0xc C:/Program Files/STM32CubeIDE_1.16.1/STM32CubeIDE/plugins/com.st.stm32cube.ide.mcu.externaltools.gnu-tools-for-stm32.12.3.rel1.win32_1.0.200.202406191623/tools/bin/../lib/gcc/arm-none-eabi/12.3.1/../../../../arm-none-eabi/lib/thumb/v7-m/nofp\libc_nano.a(libc_a-findfp.o)
                0x08006644                __sfp_lock_acquire
 .text.__sfp_lock_release
                0x08006650        0xc C:/Program Files/STM32CubeIDE_1.16.1/STM32CubeIDE/plugins/com.st.stm32cube.ide.mcu.externaltools.gnu-tools-for-stm32.12.3.rel1.win32_1.0.200.202406191623/tools/bin/../lib/gcc/arm-none-eabi/12.3.1/../../../../arm-none-eabi/lib/thumb/v7-m/nofp\libc_nano.a(libc_a-findfp.o)
                0x08006650                __sfp_lock_release
 .text.__sinit  0x0800665c       0x30 C:/Program Files/STM32CubeIDE_1.16.1/STM32CubeIDE/plugins/com.st.stm32cube.ide.mcu.externaltools.gnu-tools-for-stm32.12.3.rel1.win32_1.0.200.202406191623/tools/bin/../lib/gcc/arm-none-eabi/12.3.1/../../../../arm-none-eabi/lib/thumb/v7-m/nofp\libc_nano.a(libc_a-findfp.o)
                0x0800665c                __sinit
 .text._fwalk_sglue
                0x0800668c       0x3c C:/Program Files/STM32CubeIDE_1.16.1/STM32CubeIDE/plugins/com.st.stm32cube.ide.mcu.externaltools.gnu-tools-for-stm32.12.3.rel1.win32_1.0.200.202406191623/tools/bin/../lib/gcc/arm-none-eabi/12.3.1/../../../../arm-none-eabi/lib/thumb/v7-m/nofp\libc_nano.a(libc_a-fwalk.o)
                0x0800668c                _fwalk_sglue
 .text.sprintf  0x080066c8       0x40 C:/Program Files/STM32CubeIDE_1.16.1/STM32CubeIDE/plugins/com.st.stm32cube.ide.mcu.externaltools.gnu-tools-for-stm32.12.3.rel1.win32_1.0.200.202406191623/tools/bin/../lib/gcc/arm-none-eabi/12.3.1/../../../../arm-none-eabi/lib/thumb/v7-m/nofp\libc_nano.a(libc_a-sprintf.o)
                0x080066c8                siprintf
                0x080066c8                sprintf
 .text.__sread  0x08006708       0x22 C:/Program Files/STM32CubeIDE_1.16.1/STM32CubeIDE/plugins/com.st.stm32cube.ide.mcu.externaltools.gnu-tools-for-stm32.12.3.rel1.win32_1.0.200.202406191623/tools/bin/../lib/gcc/arm-none-eabi/12.3.1/../../../../arm-none-eabi/lib/thumb/v7-m/nofp\libc_nano.a(libc_a-stdio.o)
                0x08006708                __sread
 .text.__swrite
                0x0800672a       0x38 C:/Program Files/STM32CubeIDE_1.16.1/STM32CubeIDE/plugins/com.st.stm32cube.ide.mcu.externaltools.gnu-tools-for-stm32.12.3.rel1.win32_1.0.200.202406191623/tools/bin/../lib/gcc/arm-none-eabi/12.3.1/../../../../arm-none-eabi/lib/thumb/v7-m/nofp\libc_nano.a(libc_a-stdio.o)
                0x0800672a                __swrite
 .text.__sseek  0x08006762       0x24 C:/Program Files/STM32CubeIDE_1.16.1/STM32CubeIDE/plugins/com.st.stm32cube.ide.mcu.externaltools.gnu-tools-for-stm32.12.3.rel1.win32_1.0.200.202406191623/tools/bin/../lib/gcc/arm-none-eabi/12.3.1/../../../../arm-none-eabi/lib/thumb/v7-m/nofp\libc_nano.a(libc_a-stdio.o)
                0x08006762                __sseek
 .text.__sclose
                0x08006786        0x8 C:/Program Files/STM32CubeIDE_1.16.1/STM32CubeIDE/plugins/com.st.stm32cube.ide.mcu.externaltools.gnu-tools-for-stm32.12.3.rel1.win32_1.0.200.202406191623/tools/bin/../lib/gcc/arm-none-eabi/12.3.1/../../../../arm-none-eabi/lib/thumb/v7-m/nofp\libc_nano.a(libc_a-stdio.o)
                0x08006786                __sclose
 .text.memset   0x0800678e       0x10 C:/Program Files/STM32CubeIDE_1.16.1/STM32CubeIDE/plugins/com.st.stm32cube.ide.mcu.externaltools.gnu-tools-for-stm32.12.3.rel1.win32_1.0.200.202406191623/tools/bin/../lib/gcc/arm-none-eabi/12.3.1/../../../../arm-none-eabi/lib/thumb/v7-m/nofp\libc_nano.a(libc_a-memset.o)
                0x0800678e                memset
 *fill*         0x0800679e        0x2 
 .text._localeconv_r
                0x080067a0        0x8 C:/Program Files/STM32CubeIDE_1.16.1/STM32CubeIDE/plugins/com.st.stm32cube.ide.mcu.externaltools.gnu-tools-for-stm32.12.3.rel1.win32_1.0.200.202406191623/tools/bin/../lib/gcc/arm-none-eabi/12.3.1/../../../../arm-none-eabi/lib/thumb/v7-m/nofp\libc_nano.a(libc_a-localeconv.o)
                0x080067a0                _localeconv_r
 .text._close_r
                0x080067a8       0x20 C:/Program Files/STM32CubeIDE_1.16.1/STM32CubeIDE/plugins/com.st.stm32cube.ide.mcu.externaltools.gnu-tools-for-stm32.12.3.rel1.win32_1.0.200.202406191623/tools/bin/../lib/gcc/arm-none-eabi/12.3.1/../../../../arm-none-eabi/lib/thumb/v7-m/nofp\libc_nano.a(libc_a-closer.o)
                0x080067a8                _close_r
 .text._lseek_r
                0x080067c8       0x24 C:/Program Files/STM32CubeIDE_1.16.1/STM32CubeIDE/plugins/com.st.stm32cube.ide.mcu.externaltools.gnu-tools-for-stm32.12.3.rel1.win32_1.0.200.202406191623/tools/bin/../lib/gcc/arm-none-eabi/12.3.1/../../../../arm-none-eabi/lib/thumb/v7-m/nofp\libc_nano.a(libc_a-lseekr.o)
                0x080067c8                _lseek_r
 .text._read_r  0x080067ec       0x24 C:/Program Files/STM32CubeIDE_1.16.1/STM32CubeIDE/plugins/com.st.stm32cube.ide.mcu.externaltools.gnu-tools-for-stm32.12.3.rel1.win32_1.0.200.202406191623/tools/bin/../lib/gcc/arm-none-eabi/12.3.1/../../../../arm-none-eabi/lib/thumb/v7-m/nofp\libc_nano.a(libc_a-readr.o)
                0x080067ec                _read_r
 .text._write_r
                0x08006810       0x24 C:/Program Files/STM32CubeIDE_1.16.1/STM32CubeIDE/plugins/com.st.stm32cube.ide.mcu.externaltools.gnu-tools-for-stm32.12.3.rel1.win32_1.0.200.202406191623/tools/bin/../lib/gcc/arm-none-eabi/12.3.1/../../../../arm-none-eabi/lib/thumb/v7-m/nofp\libc_nano.a(libc_a-writer.o)
                0x08006810                _write_r
 .text.__errno  0x08006834        0xc C:/Program Files/STM32CubeIDE_1.16.1/STM32CubeIDE/plugins/com.st.stm32cube.ide.mcu.externaltools.gnu-tools-for-stm32.12.3.rel1.win32_1.0.200.202406191623/tools/bin/../lib/gcc/arm-none-eabi/12.3.1/../../../../arm-none-eabi/lib/thumb/v7-m/nofp\libc_nano.a(libc_a-errno.o)
                0x08006834                __errno
 .text.__libc_init_array
                0x08006840       0x48 C:/Program Files/STM32CubeIDE_1.16.1/STM32CubeIDE/plugins/com.st.stm32cube.ide.mcu.externaltools.gnu-tools-for-stm32.12.3.rel1.win32_1.0.200.202406191623/tools/bin/../lib/gcc/arm-none-eabi/12.3.1/../../../../arm-none-eabi/lib/thumb/v7-m/nofp\libc_nano.a(libc_a-init.o)
                0x08006840                __libc_init_array
 .text.__retarget_lock_init_recursive
                0x08006888        0x2 C:/Program Files/STM32CubeIDE_1.16.1/STM32CubeIDE/plugins/com.st.stm32cube.ide.mcu.externaltools.gnu-tools-for-stm32.12.3.rel1.win32_1.0.200.202406191623/tools/bin/../lib/gcc/arm-none-eabi/12.3.1/../../../../arm-none-eabi/lib/thumb/v7-m/nofp\libc_nano.a(libc_a-lock.o)
                0x08006888                __retarget_lock_init_recursive
 .text.__retarget_lock_acquire_recursive
                0x0800688a        0x2 C:/Program Files/STM32CubeIDE_1.16.1/STM32CubeIDE/plugins/com.st.stm32cube.ide.mcu.externaltools.gnu-tools-for-stm32.12.3.rel1.win32_1.0.200.202406191623/tools/bin/../lib/gcc/arm-none-eabi/12.3.1/../../../../arm-none-eabi/lib/thumb/v7-m/nofp\libc_nano.a(libc_a-lock.o)
                0x0800688a                __retarget_lock_acquire_recursive
 .text.__retarget_lock_release_recursive
                0x0800688c        0x2 C:/Program Files/STM32CubeIDE_1.16.1/STM32CubeIDE/plugins/com.st.stm32cube.ide.mcu.externaltools.gnu-tools-for-stm32.12.3.rel1.win32_1.0.200.202406191623/tools/bin/../lib/gcc/arm-none-eabi/12.3.1/../../../../arm-none-eabi/lib/thumb/v7-m/nofp\libc_nano.a(libc_a-lock.o)
                0x0800688c                __retarget_lock_release_recursive
 .text.memchr   0x0800688e       0x1c C:/Program Files/STM32CubeIDE_1.16.1/STM32CubeIDE/plugins/com.st.stm32cube.ide.mcu.externaltools.gnu-tools-for-stm32.12.3.rel1.win32_1.0.200.202406191623/tools/bin/../lib/gcc/arm-none-eabi/12.3.1/../../../../arm-none-eabi/lib/thumb/v7-m/nofp\libc_nano.a(libc_a-memchr-stub.o)
                0x0800688e                memchr
 *fill*         0x080068aa        0x2 
 .text.nanf     0x080068ac        0x8 C:/Program Files/STM32CubeIDE_1.16.1/STM32CubeIDE/plugins/com.st.stm32cube.ide.mcu.externaltools.gnu-tools-for-stm32.12.3.rel1.win32_1.0.200.202406191623/tools/bin/../lib/gcc/arm-none-eabi/12.3.1/../../../../arm-none-eabi/lib/thumb/v7-m/nofp\libc_nano.a(libm_a-sf_nan.o)
                0x080068ac                nanf
 .text.quorem   0x080068b4      0x110 C:/Program Files/STM32CubeIDE_1.16.1/STM32CubeIDE/plugins/com.st.stm32cube.ide.mcu.externaltools.gnu-tools-for-stm32.12.3.rel1.win32_1.0.200.202406191623/tools/bin/../lib/gcc/arm-none-eabi/12.3.1/../../../../arm-none-eabi/lib/thumb/v7-m/nofp\libc_nano.a(libc_a-dtoa.o)
 *fill*         0x080069c4        0x4 
 .text._dtoa_r  0x080069c8      0xb90 C:/Program Files/STM32CubeIDE_1.16.1/STM32CubeIDE/plugins/com.st.stm32cube.ide.mcu.externaltools.gnu-tools-for-stm32.12.3.rel1.win32_1.0.200.202406191623/tools/bin/../lib/gcc/arm-none-eabi/12.3.1/../../../../arm-none-eabi/lib/thumb/v7-m/nofp\libc_nano.a(libc_a-dtoa.o)
                0x080069c8                _dtoa_r
 .text._free_r  0x08007558       0x90 C:/Program Files/STM32CubeIDE_1.16.1/STM32CubeIDE/plugins/com.st.stm32cube.ide.mcu.externaltools.gnu-tools-for-stm32.12.3.rel1.win32_1.0.200.202406191623/tools/bin/../lib/gcc/arm-none-eabi/12.3.1/../../../../arm-none-eabi/lib/thumb/v7-m/nofp\libc_nano.a(libc_a-freer.o)
                0x08007558                _free_r
 .text.malloc   0x080075e8       0x10 C:/Program Files/STM32CubeIDE_1.16.1/STM32CubeIDE/plugins/com.st.stm32cube.ide.mcu.externaltools.gnu-tools-for-stm32.12.3.rel1.win32_1.0.200.202406191623/tools/bin/../lib/gcc/arm-none-eabi/12.3.1/../../../../arm-none-eabi/lib/thumb/v7-m/nofp\libc_nano.a(libc_a-malloc.o)
                0x080075e8                malloc
 .text.sbrk_aligned
                0x080075f8       0x44 C:/Program Files/STM32CubeIDE_1.16.1/STM32CubeIDE/plugins/com.st.stm32cube.ide.mcu.externaltools.gnu-tools-for-stm32.12.3.rel1.win32_1.0.200.202406191623/tools/bin/../lib/gcc/arm-none-eabi/12.3.1/../../../../arm-none-eabi/lib/thumb/v7-m/nofp\libc_nano.a(libc_a-mallocr.o)
 .text._malloc_r
                0x0800763c      0x100 C:/Program Files/STM32CubeIDE_1.16.1/STM32CubeIDE/plugins/com.st.stm32cube.ide.mcu.externaltools.gnu-tools-for-stm32.12.3.rel1.win32_1.0.200.202406191623/tools/bin/../lib/gcc/arm-none-eabi/12.3.1/../../../../arm-none-eabi/lib/thumb/v7-m/nofp\libc_nano.a(libc_a-mallocr.o)
                0x0800763c                _malloc_r
 .text.__malloc_lock
                0x0800773c        0xc C:/Program Files/STM32CubeIDE_1.16.1/STM32CubeIDE/plugins/com.st.stm32cube.ide.mcu.externaltools.gnu-tools-for-stm32.12.3.rel1.win32_1.0.200.202406191623/tools/bin/../lib/gcc/arm-none-eabi/12.3.1/../../../../arm-none-eabi/lib/thumb/v7-m/nofp\libc_nano.a(libc_a-mlock.o)
                0x0800773c                __malloc_lock
 .text.__malloc_unlock
                0x08007748        0xc C:/Program Files/STM32CubeIDE_1.16.1/STM32CubeIDE/plugins/com.st.stm32cube.ide.mcu.externaltools.gnu-tools-for-stm32.12.3.rel1.win32_1.0.200.202406191623/tools/bin/../lib/gcc/arm-none-eabi/12.3.1/../../../../arm-none-eabi/lib/thumb/v7-m/nofp\libc_nano.a(libc_a-mlock.o)
                0x08007748                __malloc_unlock
 .text._Balloc  0x08007754       0x80 C:/Program Files/STM32CubeIDE_1.16.1/STM32CubeIDE/plugins/com.st.stm32cube.ide.mcu.externaltools.gnu-tools-for-stm32.12.3.rel1.win32_1.0.200.202406191623/tools/bin/../lib/gcc/arm-none-eabi/12.3.1/../../../../arm-none-eabi/lib/thumb/v7-m/nofp\libc_nano.a(libc_a-mprec.o)
                0x08007754                _Balloc
 .text._Bfree   0x080077d4       0x44 C:/Program Files/STM32CubeIDE_1.16.1/STM32CubeIDE/plugins/com.st.stm32cube.ide.mcu.externaltools.gnu-tools-for-stm32.12.3.rel1.win32_1.0.200.202406191623/tools/bin/../lib/gcc/arm-none-eabi/12.3.1/../../../../arm-none-eabi/lib/thumb/v7-m/nofp\libc_nano.a(libc_a-mprec.o)
                0x080077d4                _Bfree
 .text.__multadd
                0x08007818       0x8c C:/Program Files/STM32CubeIDE_1.16.1/STM32CubeIDE/plugins/com.st.stm32cube.ide.mcu.externaltools.gnu-tools-for-stm32.12.3.rel1.win32_1.0.200.202406191623/tools/bin/../lib/gcc/arm-none-eabi/12.3.1/../../../../arm-none-eabi/lib/thumb/v7-m/nofp\libc_nano.a(libc_a-mprec.o)
                0x08007818                __multadd
 .text.__s2b    0x080078a4       0x94 C:/Program Files/STM32CubeIDE_1.16.1/STM32CubeIDE/plugins/com.st.stm32cube.ide.mcu.externaltools.gnu-tools-for-stm32.12.3.rel1.win32_1.0.200.202406191623/tools/bin/../lib/gcc/arm-none-eabi/12.3.1/../../../../arm-none-eabi/lib/thumb/v7-m/nofp\libc_nano.a(libc_a-mprec.o)
                0x080078a4                __s2b
 .text.__hi0bits
                0x08007938       0x3e C:/Program Files/STM32CubeIDE_1.16.1/STM32CubeIDE/plugins/com.st.stm32cube.ide.mcu.externaltools.gnu-tools-for-stm32.12.3.rel1.win32_1.0.200.202406191623/tools/bin/../lib/gcc/arm-none-eabi/12.3.1/../../../../arm-none-eabi/lib/thumb/v7-m/nofp\libc_nano.a(libc_a-mprec.o)
                0x08007938                __hi0bits
 .text.__lo0bits
                0x08007976       0x5a C:/Program Files/STM32CubeIDE_1.16.1/STM32CubeIDE/plugins/com.st.stm32cube.ide.mcu.externaltools.gnu-tools-for-stm32.12.3.rel1.win32_1.0.200.202406191623/tools/bin/../lib/gcc/arm-none-eabi/12.3.1/../../../../arm-none-eabi/lib/thumb/v7-m/nofp\libc_nano.a(libc_a-mprec.o)
                0x08007976                __lo0bits
 .text.__i2b    0x080079d0       0x2c C:/Program Files/STM32CubeIDE_1.16.1/STM32CubeIDE/plugins/com.st.stm32cube.ide.mcu.externaltools.gnu-tools-for-stm32.12.3.rel1.win32_1.0.200.202406191623/tools/bin/../lib/gcc/arm-none-eabi/12.3.1/../../../../arm-none-eabi/lib/thumb/v7-m/nofp\libc_nano.a(libc_a-mprec.o)
                0x080079d0                __i2b
 .text.__multiply
                0x080079fc      0x150 C:/Program Files/STM32CubeIDE_1.16.1/STM32CubeIDE/plugins/com.st.stm32cube.ide.mcu.externaltools.gnu-tools-for-stm32.12.3.rel1.win32_1.0.200.202406191623/tools/bin/../lib/gcc/arm-none-eabi/12.3.1/../../../../arm-none-eabi/lib/thumb/v7-m/nofp\libc_nano.a(libc_a-mprec.o)
                0x080079fc                __multiply
 .text.__pow5mult
                0x08007b4c       0xb4 C:/Program Files/STM32CubeIDE_1.16.1/STM32CubeIDE/plugins/com.st.stm32cube.ide.mcu.externaltools.gnu-tools-for-stm32.12.3.rel1.win32_1.0.200.202406191623/tools/bin/../lib/gcc/arm-none-eabi/12.3.1/../../../../arm-none-eabi/lib/thumb/v7-m/nofp\libc_nano.a(libc_a-mprec.o)
                0x08007b4c                __pow5mult
 .text.__lshift
                0x08007c00       0xd8 C:/Program Files/STM32CubeIDE_1.16.1/STM32CubeIDE/plugins/com.st.stm32cube.ide.mcu.externaltools.gnu-tools-for-stm32.12.3.rel1.win32_1.0.200.202406191623/tools/bin/../lib/gcc/arm-none-eabi/12.3.1/../../../../arm-none-eabi/lib/thumb/v7-m/nofp\libc_nano.a(libc_a-mprec.o)
                0x08007c00                __lshift
 .text.__mcmp   0x08007cd8       0x36 C:/Program Files/STM32CubeIDE_1.16.1/STM32CubeIDE/plugins/com.st.stm32cube.ide.mcu.externaltools.gnu-tools-for-stm32.12.3.rel1.win32_1.0.200.202406191623/tools/bin/../lib/gcc/arm-none-eabi/12.3.1/../../../../arm-none-eabi/lib/thumb/v7-m/nofp\libc_nano.a(libc_a-mprec.o)
                0x08007cd8                __mcmp
 *fill*         0x08007d0e        0x2 
 .text.__mdiff  0x08007d10      0x128 C:/Program Files/STM32CubeIDE_1.16.1/STM32CubeIDE/plugins/com.st.stm32cube.ide.mcu.externaltools.gnu-tools-for-stm32.12.3.rel1.win32_1.0.200.202406191623/tools/bin/../lib/gcc/arm-none-eabi/12.3.1/../../../../arm-none-eabi/lib/thumb/v7-m/nofp\libc_nano.a(libc_a-mprec.o)
                0x08007d10                __mdiff
 .text.__ulp    0x08007e38       0x40 C:/Program Files/STM32CubeIDE_1.16.1/STM32CubeIDE/plugins/com.st.stm32cube.ide.mcu.externaltools.gnu-tools-for-stm32.12.3.rel1.win32_1.0.200.202406191623/tools/bin/../lib/gcc/arm-none-eabi/12.3.1/../../../../arm-none-eabi/lib/thumb/v7-m/nofp\libc_nano.a(libc_a-mprec.o)
                0x08007e38                __ulp
 .text.__b2d    0x08007e78       0x90 C:/Program Files/STM32CubeIDE_1.16.1/STM32CubeIDE/plugins/com.st.stm32cube.ide.mcu.externaltools.gnu-tools-for-stm32.12.3.rel1.win32_1.0.200.202406191623/tools/bin/../lib/gcc/arm-none-eabi/12.3.1/../../../../arm-none-eabi/lib/thumb/v7-m/nofp\libc_nano.a(libc_a-mprec.o)
                0x08007e78                __b2d
 .text.__d2b    0x08007f08       0xb0 C:/Program Files/STM32CubeIDE_1.16.1/STM32CubeIDE/plugins/com.st.stm32cube.ide.mcu.externaltools.gnu-tools-for-stm32.12.3.rel1.win32_1.0.200.202406191623/tools/bin/../lib/gcc/arm-none-eabi/12.3.1/../../../../arm-none-eabi/lib/thumb/v7-m/nofp\libc_nano.a(libc_a-mprec.o)
                0x08007f08                __d2b
 .text.__ratio  0x08007fb8       0x60 C:/Program Files/STM32CubeIDE_1.16.1/STM32CubeIDE/plugins/com.st.stm32cube.ide.mcu.externaltools.gnu-tools-for-stm32.12.3.rel1.win32_1.0.200.202406191623/tools/bin/../lib/gcc/arm-none-eabi/12.3.1/../../../../arm-none-eabi/lib/thumb/v7-m/nofp\libc_nano.a(libc_a-mprec.o)
                0x08007fb8                __ratio
 .text.__copybits
                0x08008018       0x46 C:/Program Files/STM32CubeIDE_1.16.1/STM32CubeIDE/plugins/com.st.stm32cube.ide.mcu.externaltools.gnu-tools-for-stm32.12.3.rel1.win32_1.0.200.202406191623/tools/bin/../lib/gcc/arm-none-eabi/12.3.1/../../../../arm-none-eabi/lib/thumb/v7-m/nofp\libc_nano.a(libc_a-mprec.o)
                0x08008018                __copybits
 .text.__any_on
                0x0800805e       0x42 C:/Program Files/STM32CubeIDE_1.16.1/STM32CubeIDE/plugins/com.st.stm32cube.ide.mcu.externaltools.gnu-tools-for-stm32.12.3.rel1.win32_1.0.200.202406191623/tools/bin/../lib/gcc/arm-none-eabi/12.3.1/../../../../arm-none-eabi/lib/thumb/v7-m/nofp\libc_nano.a(libc_a-mprec.o)
                0x0800805e                __any_on
 .text.sulp     0x080080a0       0x42 C:/Program Files/STM32CubeIDE_1.16.1/STM32CubeIDE/plugins/com.st.stm32cube.ide.mcu.externaltools.gnu-tools-for-stm32.12.3.rel1.win32_1.0.200.202406191623/tools/bin/../lib/gcc/arm-none-eabi/12.3.1/../../../../arm-none-eabi/lib/thumb/v7-m/nofp\libc_nano.a(libc_a-strtod.o)
 *fill*         0x080080e2        0x6 
 .text._strtod_l
                0x080080e8      0xbb0 C:/Program Files/STM32CubeIDE_1.16.1/STM32CubeIDE/plugins/com.st.stm32cube.ide.mcu.externaltools.gnu-tools-for-stm32.12.3.rel1.win32_1.0.200.202406191623/tools/bin/../lib/gcc/arm-none-eabi/12.3.1/../../../../arm-none-eabi/lib/thumb/v7-m/nofp\libc_nano.a(libc_a-strtod.o)
                0x080080e8                _strtod_l
 .text._strtod_r
                0x08008c98        0xc C:/Program Files/STM32CubeIDE_1.16.1/STM32CubeIDE/plugins/com.st.stm32cube.ide.mcu.externaltools.gnu-tools-for-stm32.12.3.rel1.win32_1.0.200.202406191623/tools/bin/../lib/gcc/arm-none-eabi/12.3.1/../../../../arm-none-eabi/lib/thumb/v7-m/nofp\libc_nano.a(libc_a-strtod.o)
                0x08008c98                _strtod_r
 .text._strtol_l.constprop.0
                0x08008ca4       0xf4 C:/Program Files/STM32CubeIDE_1.16.1/STM32CubeIDE/plugins/com.st.stm32cube.ide.mcu.externaltools.gnu-tools-for-stm32.12.3.rel1.win32_1.0.200.202406191623/tools/bin/../lib/gcc/arm-none-eabi/12.3.1/../../../../arm-none-eabi/lib/thumb/v7-m/nofp\libc_nano.a(libc_a-strtol.o)
 .text._strtol_r
                0x08008d98        0x4 C:/Program Files/STM32CubeIDE_1.16.1/STM32CubeIDE/plugins/com.st.stm32cube.ide.mcu.externaltools.gnu-tools-for-stm32.12.3.rel1.win32_1.0.200.202406191623/tools/bin/../lib/gcc/arm-none-eabi/12.3.1/../../../../arm-none-eabi/lib/thumb/v7-m/nofp\libc_nano.a(libc_a-strtol.o)
                0x08008d98                _strtol_r
 .text.__ssputs_r
                0x08008d9c       0xb6 C:/Program Files/STM32CubeIDE_1.16.1/STM32CubeIDE/plugins/com.st.stm32cube.ide.mcu.externaltools.gnu-tools-for-stm32.12.3.rel1.win32_1.0.200.202406191623/tools/bin/../lib/gcc/arm-none-eabi/12.3.1/../../../../arm-none-eabi/lib/thumb/v7-m/nofp\libc_nano.a(libc_a-nano-svfprintf.o)
                0x08008d9c                __ssputs_r
 *fill*         0x08008e52        0x2 
 .text._svfprintf_r
                0x08008e54      0x1f8 C:/Program Files/STM32CubeIDE_1.16.1/STM32CubeIDE/plugins/com.st.stm32cube.ide.mcu.externaltools.gnu-tools-for-stm32.12.3.rel1.win32_1.0.200.202406191623/tools/bin/../lib/gcc/arm-none-eabi/12.3.1/../../../../arm-none-eabi/lib/thumb/v7-m/nofp\libc_nano.a(libc_a-nano-svfprintf.o)
                0x08008e54                _svfiprintf_r
                0x08008e54                _svfprintf_r
 .text.__sflush_r
                0x0800904c      0x100 C:/Program Files/STM32CubeIDE_1.16.1/STM32CubeIDE/plugins/com.st.stm32cube.ide.mcu.externaltools.gnu-tools-for-stm32.12.3.rel1.win32_1.0.200.202406191623/tools/bin/../lib/gcc/arm-none-eabi/12.3.1/../../../../arm-none-eabi/lib/thumb/v7-m/nofp\libc_nano.a(libc_a-fflush.o)
                0x0800904c                __sflush_r
 .text._fflush_r
                0x0800914c       0x50 C:/Program Files/STM32CubeIDE_1.16.1/STM32CubeIDE/plugins/com.st.stm32cube.ide.mcu.externaltools.gnu-tools-for-stm32.12.3.rel1.win32_1.0.200.202406191623/tools/bin/../lib/gcc/arm-none-eabi/12.3.1/../../../../arm-none-eabi/lib/thumb/v7-m/nofp\libc_nano.a(libc_a-fflush.o)
                0x0800914c                _fflush_r
 .text.memmove  0x0800919c       0x34 C:/Program Files/STM32CubeIDE_1.16.1/STM32CubeIDE/plugins/com.st.stm32cube.ide.mcu.externaltools.gnu-tools-for-stm32.12.3.rel1.win32_1.0.200.202406191623/tools/bin/../lib/gcc/arm-none-eabi/12.3.1/../../../../arm-none-eabi/lib/thumb/v7-m/nofp\libc_nano.a(libc_a-memmove.o)
                0x0800919c                memmove
 .text.strncmp  0x080091d0       0x24 C:/Program Files/STM32CubeIDE_1.16.1/STM32CubeIDE/plugins/com.st.stm32cube.ide.mcu.externaltools.gnu-tools-for-stm32.12.3.rel1.win32_1.0.200.202406191623/tools/bin/../lib/gcc/arm-none-eabi/12.3.1/../../../../arm-none-eabi/lib/thumb/v7-m/nofp\libc_nano.a(libc_a-strncmp.o)
                0x080091d0                strncmp
 .text._sbrk_r  0x080091f4       0x20 C:/Program Files/STM32CubeIDE_1.16.1/STM32CubeIDE/plugins/com.st.stm32cube.ide.mcu.externaltools.gnu-tools-for-stm32.12.3.rel1.win32_1.0.200.202406191623/tools/bin/../lib/gcc/arm-none-eabi/12.3.1/../../../../arm-none-eabi/lib/thumb/v7-m/nofp\libc_nano.a(libc_a-sbrkr.o)
                0x080091f4                _sbrk_r
 .text.memcpy   0x08009214       0x1c C:/Program Files/STM32CubeIDE_1.16.1/STM32CubeIDE/plugins/com.st.stm32cube.ide.mcu.externaltools.gnu-tools-for-stm32.12.3.rel1.win32_1.0.200.202406191623/tools/bin/../lib/gcc/arm-none-eabi/12.3.1/../../../../arm-none-eabi/lib/thumb/v7-m/nofp\libc_nano.a(libc_a-memcpy-stub.o)
                0x08009214                memcpy
 .text.nan      0x08009230        0xc C:/Program Files/STM32CubeIDE_1.16.1/STM32CubeIDE/plugins/com.st.stm32cube.ide.mcu.externaltools.gnu-tools-for-stm32.12.3.rel1.win32_1.0.200.202406191623/tools/bin/../lib/gcc/arm-none-eabi/12.3.1/../../../../arm-none-eabi/lib/thumb/v7-m/nofp\libc_nano.a(libm_a-s_nan.o)
                0x08009230                nan
 .text.__assert_func
                0x0800923c       0x3c C:/Program Files/STM32CubeIDE_1.16.1/STM32CubeIDE/plugins/com.st.stm32cube.ide.mcu.externaltools.gnu-tools-for-stm32.12.3.rel1.win32_1.0.200.202406191623/tools/bin/../lib/gcc/arm-none-eabi/12.3.1/../../../../arm-none-eabi/lib/thumb/v7-m/nofp\libc_nano.a(libc_a-assert.o)
                0x0800923c                __assert_func
 .text._calloc_r
                0x08009278       0x28 C:/Program Files/STM32CubeIDE_1.16.1/STM32CubeIDE/plugins/com.st.stm32cube.ide.mcu.externaltools.gnu-tools-for-stm32.12.3.rel1.win32_1.0.200.202406191623/tools/bin/../lib/gcc/arm-none-eabi/12.3.1/../../../../arm-none-eabi/lib/thumb/v7-m/nofp\libc_nano.a(libc_a-callocr.o)
                0x08009278                _calloc_r
 .text.rshift   0x080092a0       0xa6 C:/Program Files/STM32CubeIDE_1.16.1/STM32CubeIDE/plugins/com.st.stm32cube.ide.mcu.externaltools.gnu-tools-for-stm32.12.3.rel1.win32_1.0.200.202406191623/tools/bin/../lib/gcc/arm-none-eabi/12.3.1/../../../../arm-none-eabi/lib/thumb/v7-m/nofp\libc_nano.a(libc_a-gdtoa-gethex.o)
 .text.__hexdig_fun
                0x08009346       0x2a C:/Program Files/STM32CubeIDE_1.16.1/STM32CubeIDE/plugins/com.st.stm32cube.ide.mcu.externaltools.gnu-tools-for-stm32.12.3.rel1.win32_1.0.200.202406191623/tools/bin/../lib/gcc/arm-none-eabi/12.3.1/../../../../arm-none-eabi/lib/thumb/v7-m/nofp\libc_nano.a(libc_a-gdtoa-gethex.o)
                0x08009346                __hexdig_fun
 .text.__gethex
                0x08009370      0x420 C:/Program Files/STM32CubeIDE_1.16.1/STM32CubeIDE/plugins/com.st.stm32cube.ide.mcu.externaltools.gnu-tools-for-stm32.12.3.rel1.win32_1.0.200.202406191623/tools/bin/../lib/gcc/arm-none-eabi/12.3.1/../../../../arm-none-eabi/lib/thumb/v7-m/nofp\libc_nano.a(libc_a-gdtoa-gethex.o)
                0x08009370                __gethex
 .text.L_shift  0x08009790       0x24 C:/Program Files/STM32CubeIDE_1.16.1/STM32CubeIDE/plugins/com.st.stm32cube.ide.mcu.externaltools.gnu-tools-for-stm32.12.3.rel1.win32_1.0.200.202406191623/tools/bin/../lib/gcc/arm-none-eabi/12.3.1/../../../../arm-none-eabi/lib/thumb/v7-m/nofp\libc_nano.a(libc_a-gdtoa-hexnan.o)
 .text.__match  0x080097b4       0x28 C:/Program Files/STM32CubeIDE_1.16.1/STM32CubeIDE/plugins/com.st.stm32cube.ide.mcu.externaltools.gnu-tools-for-stm32.12.3.rel1.win32_1.0.200.202406191623/tools/bin/../lib/gcc/arm-none-eabi/12.3.1/../../../../arm-none-eabi/lib/thumb/v7-m/nofp\libc_nano.a(libc_a-gdtoa-hexnan.o)
                0x080097b4                __match
 .text.__hexnan
                0x080097dc      0x136 C:/Program Files/STM32CubeIDE_1.16.1/STM32CubeIDE/plugins/com.st.stm32cube.ide.mcu.externaltools.gnu-tools-for-stm32.12.3.rel1.win32_1.0.200.202406191623/tools/bin/../lib/gcc/arm-none-eabi/12.3.1/../../../../arm-none-eabi/lib/thumb/v7-m/nofp\libc_nano.a(libc_a-gdtoa-hexnan.o)
                0x080097dc                __hexnan
 .text.__ascii_mbtowc
                0x08009912       0x24 C:/Program Files/STM32CubeIDE_1.16.1/STM32CubeIDE/plugins/com.st.stm32cube.ide.mcu.externaltools.gnu-tools-for-stm32.12.3.rel1.win32_1.0.200.202406191623/tools/bin/../lib/gcc/arm-none-eabi/12.3.1/../../../../arm-none-eabi/lib/thumb/v7-m/nofp\libc_nano.a(libc_a-mbtowc_r.o)
                0x08009912                __ascii_mbtowc
 .text._realloc_r
                0x08009936       0x5c C:/Program Files/STM32CubeIDE_1.16.1/STM32CubeIDE/plugins/com.st.stm32cube.ide.mcu.externaltools.gnu-tools-for-stm32.12.3.rel1.win32_1.0.200.202406191623/tools/bin/../lib/gcc/arm-none-eabi/12.3.1/../../../../arm-none-eabi/lib/thumb/v7-m/nofp\libc_nano.a(libc_a-reallocr.o)
                0x08009936                _realloc_r
 .text.__ascii_wctomb
                0x08009992       0x1a C:/Program Files/STM32CubeIDE_1.16.1/STM32CubeIDE/plugins/com.st.stm32cube.ide.mcu.externaltools.gnu-tools-for-stm32.12.3.rel1.win32_1.0.200.202406191623/tools/bin/../lib/gcc/arm-none-eabi/12.3.1/../../../../arm-none-eabi/lib/thumb/v7-m/nofp\libc_nano.a(libc_a-wctomb_r.o)
                0x08009992                __ascii_wctomb
 .text.fprintf  0x080099ac       0x24 C:/Program Files/STM32CubeIDE_1.16.1/STM32CubeIDE/plugins/com.st.stm32cube.ide.mcu.externaltools.gnu-tools-for-stm32.12.3.rel1.win32_1.0.200.202406191623/tools/bin/../lib/gcc/arm-none-eabi/12.3.1/../../../../arm-none-eabi/lib/thumb/v7-m/nofp\libc_nano.a(libc_a-fprintf.o)
                0x080099ac                fiprintf
                0x080099ac                fprintf
 .text.abort    0x080099d0        0xe C:/Program Files/STM32CubeIDE_1.16.1/STM32CubeIDE/plugins/com.st.stm32cube.ide.mcu.externaltools.gnu-tools-for-stm32.12.3.rel1.win32_1.0.200.202406191623/tools/bin/../lib/gcc/arm-none-eabi/12.3.1/../../../../arm-none-eabi/lib/thumb/v7-m/nofp\libc_nano.a(libc_a-abort.o)
                0x080099d0                abort
 .text._malloc_usable_size_r
                0x080099de       0x10 C:/Program Files/STM32CubeIDE_1.16.1/STM32CubeIDE/plugins/com.st.stm32cube.ide.mcu.externaltools.gnu-tools-for-stm32.12.3.rel1.win32_1.0.200.202406191623/tools/bin/../lib/gcc/arm-none-eabi/12.3.1/../../../../arm-none-eabi/lib/thumb/v7-m/nofp\libc_nano.a(libc_a-msizer.o)
                0x080099de                _malloc_usable_size_r
 .text.__sfputc_r
                0x080099ee       0x2a C:/Program Files/STM32CubeIDE_1.16.1/STM32CubeIDE/plugins/com.st.stm32cube.ide.mcu.externaltools.gnu-tools-for-stm32.12.3.rel1.win32_1.0.200.202406191623/tools/bin/../lib/gcc/arm-none-eabi/12.3.1/../../../../arm-none-eabi/lib/thumb/v7-m/nofp\libc_nano.a(libc_a-nano-vfprintf.o)
 .text.__sfputs_r
                0x08009a18       0x24 C:/Program Files/STM32CubeIDE_1.16.1/STM32CubeIDE/plugins/com.st.stm32cube.ide.mcu.externaltools.gnu-tools-for-stm32.12.3.rel1.win32_1.0.200.202406191623/tools/bin/../lib/gcc/arm-none-eabi/12.3.1/../../../../arm-none-eabi/lib/thumb/v7-m/nofp\libc_nano.a(libc_a-nano-vfprintf.o)
                0x08009a18                __sfputs_r
 .text._vfprintf_r
                0x08009a3c      0x230 C:/Program Files/STM32CubeIDE_1.16.1/STM32CubeIDE/plugins/com.st.stm32cube.ide.mcu.externaltools.gnu-tools-for-stm32.12.3.rel1.win32_1.0.200.202406191623/tools/bin/../lib/gcc/arm-none-eabi/12.3.1/../../../../arm-none-eabi/lib/thumb/v7-m/nofp\libc_nano.a(libc_a-nano-vfprintf.o)
                0x08009a3c                _vfprintf_r
                0x08009a3c                _vfiprintf_r
 .text.__swbuf_r
                0x08009c6c       0x7c C:/Program Files/STM32CubeIDE_1.16.1/STM32CubeIDE/plugins/com.st.stm32cube.ide.mcu.externaltools.gnu-tools-for-stm32.12.3.rel1.win32_1.0.200.202406191623/tools/bin/../lib/gcc/arm-none-eabi/12.3.1/../../../../arm-none-eabi/lib/thumb/v7-m/nofp\libc_nano.a(libc_a-wbuf.o)
                0x08009c6c                __swbuf_r
 .text.__swsetup_r
                0x08009ce8       0xac C:/Program Files/STM32CubeIDE_1.16.1/STM32CubeIDE/plugins/com.st.stm32cube.ide.mcu.externaltools.gnu-tools-for-stm32.12.3.rel1.win32_1.0.200.202406191623/tools/bin/../lib/gcc/arm-none-eabi/12.3.1/../../../../arm-none-eabi/lib/thumb/v7-m/nofp\libc_nano.a(libc_a-wsetup.o)
                0x08009ce8                __swsetup_r
 .text._raise_r
                0x08009d94       0x50 C:/Program Files/STM32CubeIDE_1.16.1/STM32CubeIDE/plugins/com.st.stm32cube.ide.mcu.externaltools.gnu-tools-for-stm32.12.3.rel1.win32_1.0.200.202406191623/tools/bin/../lib/gcc/arm-none-eabi/12.3.1/../../../../arm-none-eabi/lib/thumb/v7-m/nofp\libc_nano.a(libc_a-signal.o)
                0x08009d94                _raise_r
 .text.raise    0x08009de4       0x10 C:/Program Files/STM32CubeIDE_1.16.1/STM32CubeIDE/plugins/com.st.stm32cube.ide.mcu.externaltools.gnu-tools-for-stm32.12.3.rel1.win32_1.0.200.202406191623/tools/bin/../lib/gcc/arm-none-eabi/12.3.1/../../../../arm-none-eabi/lib/thumb/v7-m/nofp\libc_nano.a(libc_a-signal.o)
                0x08009de4                raise
 .text._kill_r  0x08009df4       0x24 C:/Program Files/STM32CubeIDE_1.16.1/STM32CubeIDE/plugins/com.st.stm32cube.ide.mcu.externaltools.gnu-tools-for-stm32.12.3.rel1.win32_1.0.200.202406191623/tools/bin/../lib/gcc/arm-none-eabi/12.3.1/../../../../arm-none-eabi/lib/thumb/v7-m/nofp\libc_nano.a(libc_a-signalr.o)
                0x08009df4                _kill_r
 .text._getpid_r
                0x08009e18        0x4 C:/Program Files/STM32CubeIDE_1.16.1/STM32CubeIDE/plugins/com.st.stm32cube.ide.mcu.externaltools.gnu-tools-for-stm32.12.3.rel1.win32_1.0.200.202406191623/tools/bin/../lib/gcc/arm-none-eabi/12.3.1/../../../../arm-none-eabi/lib/thumb/v7-m/nofp\libc_nano.a(libc_a-signalr.o)
                0x08009e18                _getpid_r
 .text.__swhatbuf_r
                0x08009e1c       0x4a C:/Program Files/STM32CubeIDE_1.16.1/STM32CubeIDE/plugins/com.st.stm32cube.ide.mcu.externaltools.gnu-tools-for-stm32.12.3.rel1.win32_1.0.200.202406191623/tools/bin/../lib/gcc/arm-none-eabi/12.3.1/../../../../arm-none-eabi/lib/thumb/v7-m/nofp\libc_nano.a(libc_a-makebuf.o)
                0x08009e1c                __swhatbuf_r
 .text.__smakebuf_r
                0x08009e66       0x78 C:/Program Files/STM32CubeIDE_1.16.1/STM32CubeIDE/plugins/com.st.stm32cube.ide.mcu.externaltools.gnu-tools-for-stm32.12.3.rel1.win32_1.0.200.202406191623/tools/bin/../lib/gcc/arm-none-eabi/12.3.1/../../../../arm-none-eabi/lib/thumb/v7-m/nofp\libc_nano.a(libc_a-makebuf.o)
                0x08009e66                __smakebuf_r
 *fill*         0x08009ede        0x2 
 .text._fstat_r
                0x08009ee0       0x24 C:/Program Files/STM32CubeIDE_1.16.1/STM32CubeIDE/plugins/com.st.stm32cube.ide.mcu.externaltools.gnu-tools-for-stm32.12.3.rel1.win32_1.0.200.202406191623/tools/bin/../lib/gcc/arm-none-eabi/12.3.1/../../../../arm-none-eabi/lib/thumb/v7-m/nofp\libc_nano.a(libc_a-fstatr.o)
                0x08009ee0                _fstat_r
 .text._isatty_r
                0x08009f04       0x20 C:/Program Files/STM32CubeIDE_1.16.1/STM32CubeIDE/plugins/com.st.stm32cube.ide.mcu.externaltools.gnu-tools-for-stm32.12.3.rel1.win32_1.0.200.202406191623/tools/bin/../lib/gcc/arm-none-eabi/12.3.1/../../../../arm-none-eabi/lib/thumb/v7-m/nofp\libc_nano.a(libc_a-isattyr.o)
                0x08009f04                _isatty_r
 *(.glue_7)
 .glue_7        0x08009f24        0x0 linker stubs
 *(.glue_7t)
 .glue_7t       0x08009f24        0x0 linker stubs
 *(.eh_frame)
 .eh_frame      0x08009f24        0x0 C:/Program Files/STM32CubeIDE_1.16.1/STM32CubeIDE/plugins/com.st.stm32cube.ide.mcu.externaltools.gnu-tools-for-stm32.12.3.rel1.win32_1.0.200.202406191623/tools/bin/../lib/gcc/arm-none-eabi/12.3.1/thumb/v7-m/nofp/crtbegin.o
 *(.init)
 .init          0x08009f24        0x4 C:/Program Files/STM32CubeIDE_1.16.1/STM32CubeIDE/plugins/com.st.stm32cube.ide.mcu.externaltools.gnu-tools-for-stm32.12.3.rel1.win32_1.0.200.202406191623/tools/bin/../lib/gcc/arm-none-eabi/12.3.1/thumb/v7-m/nofp/crti.o
                0x08009f24                _init
 .init          0x08009f28        0x8 C:/Program Files/STM32CubeIDE_1.16.1/STM32CubeIDE/plugins/com.st.stm32cube.ide.mcu.externaltools.gnu-tools-for-stm32.12.3.rel1.win32_1.0.200.202406191623/tools/bin/../lib/gcc/arm-none-eabi/12.3.1/thumb/v7-m/nofp/crtn.o
 *(.fini)
 .fini          0x08009f30        0x4 C:/Program Files/STM32CubeIDE_1.16.1/STM32CubeIDE/plugins/com.st.stm32cube.ide.mcu.externaltools.gnu-tools-for-stm32.12.3.rel1.win32_1.0.200.202406191623/tools/bin/../lib/gcc/arm-none-eabi/12.3.1/thumb/v7-m/nofp/crti.o
                0x08009f30                _fini
 .fini          0x08009f34        0x8 C:/Program Files/STM32CubeIDE_1.16.1/STM32CubeIDE/plugins/com.st.stm32cube.ide.mcu.externaltools.gnu-tools-for-stm32.12.3.rel1.win32_1.0.200.202406191623/tools/bin/../lib/gcc/arm-none-eabi/12.3.1/thumb/v7-m/nofp/crtn.o
                0x08009f3c                        . = ALIGN (0x4)
                0x08009f3c                        _etext = .

.vfp11_veneer   0x08009f3c        0x0
 .vfp11_veneer  0x08009f3c        0x0 linker stubs

.v4_bx          0x08009f3c        0x0
 .v4_bx         0x08009f3c        0x0 linker stubs

.iplt           0x08009f3c        0x0
 .iplt          0x08009f3c        0x0 C:/Program Files/STM32CubeIDE_1.16.1/STM32CubeIDE/plugins/com.st.stm32cube.ide.mcu.externaltools.gnu-tools-for-stm32.12.3.rel1.win32_1.0.200.202406191623/tools/bin/../lib/gcc/arm-none-eabi/12.3.1/thumb/v7-m/nofp/crtbegin.o

.rodata         0x08009f40      0xd60
                0x08009f40                        . = ALIGN (0x4)
 *(.rodata)
 *(.rodata*)
 .rodata.Font7x10
                0x08009f40      0x76c ./BSP/OLED/oled_fonts.o
                0x08009f40                Font7x10
 .rodata.User_PS2_Control.str1.1
                0x0800a6ac       0x36 ./BSP/PS2/app_ps2.o
 .rodata.BSP_Init.str1.1
                0x0800a6e2       0x11 ./BSP/bsp.o
 .rodata.APBPrescTable
                0x0800a6f3        0x8 ./Core/Src/system_stm32f1xx.o
                0x0800a6f3                APBPrescTable
 .rodata.AHBPrescTable
                0x0800a6fb       0x10 ./Core/Src/system_stm32f1xx.o
                0x0800a6fb                AHBPrescTable
 .rodata.HAL_NVIC_SetPriorityGrouping.str1.1
                0x0800a70b       0x3b ./Drivers/STM32F1xx_HAL_Driver/Src/stm32f1xx_hal_cortex.o
 .rodata.HAL_GPIO_Init.str1.1
                0x0800a746       0x39 ./Drivers/STM32F1xx_HAL_Driver/Src/stm32f1xx_hal_gpio.o
 .rodata.HAL_I2C_Init.str1.1
                0x0800a77f       0x38 ./Drivers/STM32F1xx_HAL_Driver/Src/stm32f1xx_hal_i2c.o
 .rodata.HAL_RCC_OscConfig.str1.1
                0x0800a7b7       0x38 ./Drivers/STM32F1xx_HAL_Driver/Src/stm32f1xx_hal_rcc.o
 .rodata.aPredivFactorTable.0
                0x0800a7ef        0x2 ./Drivers/STM32F1xx_HAL_Driver/Src/stm32f1xx_hal_rcc.o
 .rodata.aPLLMULFactorTable.1
                0x0800a7f1       0x10 ./Drivers/STM32F1xx_HAL_Driver/Src/stm32f1xx_hal_rcc.o
 .rodata.TIM_OC1_SetConfig.str1.1
                0x0800a801       0x38 ./Drivers/STM32F1xx_HAL_Driver/Src/stm32f1xx_hal_tim.o
 .rodata.HAL_TIMEx_HallSensor_Init.str1.1
                0x0800a839       0x3b ./Drivers/STM32F1xx_HAL_Driver/Src/stm32f1xx_hal_tim_ex.o
 .rodata._printf_float.str1.1
                0x0800a874       0x12 C:/Program Files/STM32CubeIDE_1.16.1/STM32CubeIDE/plugins/com.st.stm32cube.ide.mcu.externaltools.gnu-tools-for-stm32.12.3.rel1.win32_1.0.200.202406191623/tools/bin/../lib/gcc/arm-none-eabi/12.3.1/../../../../arm-none-eabi/lib/thumb/v7-m/nofp\libc_nano.a(libc_a-nano-vfprintf_float.o)
 .rodata._printf_i.str1.1
                0x0800a886       0x22 C:/Program Files/STM32CubeIDE_1.16.1/STM32CubeIDE/plugins/com.st.stm32cube.ide.mcu.externaltools.gnu-tools-for-stm32.12.3.rel1.win32_1.0.200.202406191623/tools/bin/../lib/gcc/arm-none-eabi/12.3.1/../../../../arm-none-eabi/lib/thumb/v7-m/nofp\libc_nano.a(libc_a-nano-vfprintf_i.o)
 .rodata._scanf_float.str1.1
                0x0800a8a8        0x5 C:/Program Files/STM32CubeIDE_1.16.1/STM32CubeIDE/plugins/com.st.stm32cube.ide.mcu.externaltools.gnu-tools-for-stm32.12.3.rel1.win32_1.0.200.202406191623/tools/bin/../lib/gcc/arm-none-eabi/12.3.1/../../../../arm-none-eabi/lib/thumb/v7-m/nofp\libc_nano.a(libc_a-nano-vfscanf_float.o)
                                  0x6 (size before relaxing)
 .rodata._dtoa_r.str1.1
                0x0800a8ad       0x8d C:/Program Files/STM32CubeIDE_1.16.1/STM32CubeIDE/plugins/com.st.stm32cube.ide.mcu.externaltools.gnu-tools-for-stm32.12.3.rel1.win32_1.0.200.202406191623/tools/bin/../lib/gcc/arm-none-eabi/12.3.1/../../../../arm-none-eabi/lib/thumb/v7-m/nofp\libc_nano.a(libc_a-dtoa.o)
                                 0x8f (size before relaxing)
 .rodata._Balloc.str1.1
                0x0800a93a       0x59 C:/Program Files/STM32CubeIDE_1.16.1/STM32CubeIDE/plugins/com.st.stm32cube.ide.mcu.externaltools.gnu-tools-for-stm32.12.3.rel1.win32_1.0.200.202406191623/tools/bin/../lib/gcc/arm-none-eabi/12.3.1/../../../../arm-none-eabi/lib/thumb/v7-m/nofp\libc_nano.a(libc_a-mprec.o)
                                 0x70 (size before relaxing)
 .rodata.__multadd.str1.1
                0x0800a993       0x11 C:/Program Files/STM32CubeIDE_1.16.1/STM32CubeIDE/plugins/com.st.stm32cube.ide.mcu.externaltools.gnu-tools-for-stm32.12.3.rel1.win32_1.0.200.202406191623/tools/bin/../lib/gcc/arm-none-eabi/12.3.1/../../../../arm-none-eabi/lib/thumb/v7-m/nofp\libc_nano.a(libc_a-mprec.o)
 *fill*         0x0800a993        0x1 
 .rodata.p05.0  0x0800a994        0xc C:/Program Files/STM32CubeIDE_1.16.1/STM32CubeIDE/plugins/com.st.stm32cube.ide.mcu.externaltools.gnu-tools-for-stm32.12.3.rel1.win32_1.0.200.202406191623/tools/bin/../lib/gcc/arm-none-eabi/12.3.1/../../../../arm-none-eabi/lib/thumb/v7-m/nofp\libc_nano.a(libc_a-mprec.o)
 .rodata.__mprec_bigtens
                0x0800a9a0       0x28 C:/Program Files/STM32CubeIDE_1.16.1/STM32CubeIDE/plugins/com.st.stm32cube.ide.mcu.externaltools.gnu-tools-for-stm32.12.3.rel1.win32_1.0.200.202406191623/tools/bin/../lib/gcc/arm-none-eabi/12.3.1/../../../../arm-none-eabi/lib/thumb/v7-m/nofp\libc_nano.a(libc_a-mprec.o)
                0x0800a9a0                __mprec_bigtens
 .rodata.__mprec_tens
                0x0800a9c8       0xc8 C:/Program Files/STM32CubeIDE_1.16.1/STM32CubeIDE/plugins/com.st.stm32cube.ide.mcu.externaltools.gnu-tools-for-stm32.12.3.rel1.win32_1.0.200.202406191623/tools/bin/../lib/gcc/arm-none-eabi/12.3.1/../../../../arm-none-eabi/lib/thumb/v7-m/nofp\libc_nano.a(libc_a-mprec.o)
                0x0800a9c8                __mprec_tens
 .rodata._strtod_l.str1.1
                0x0800aa90        0x2 C:/Program Files/STM32CubeIDE_1.16.1/STM32CubeIDE/plugins/com.st.stm32cube.ide.mcu.externaltools.gnu-tools-for-stm32.12.3.rel1.win32_1.0.200.202406191623/tools/bin/../lib/gcc/arm-none-eabi/12.3.1/../../../../arm-none-eabi/lib/thumb/v7-m/nofp\libc_nano.a(libc_a-strtod.o)
                                  0xf (size before relaxing)
 *fill*         0x0800aa92        0x2 
 .rodata.fpinan.0
                0x0800aa94       0x14 C:/Program Files/STM32CubeIDE_1.16.1/STM32CubeIDE/plugins/com.st.stm32cube.ide.mcu.externaltools.gnu-tools-for-stm32.12.3.rel1.win32_1.0.200.202406191623/tools/bin/../lib/gcc/arm-none-eabi/12.3.1/../../../../arm-none-eabi/lib/thumb/v7-m/nofp\libc_nano.a(libc_a-strtod.o)
 .rodata.fpi.1  0x0800aaa8       0x14 C:/Program Files/STM32CubeIDE_1.16.1/STM32CubeIDE/plugins/com.st.stm32cube.ide.mcu.externaltools.gnu-tools-for-stm32.12.3.rel1.win32_1.0.200.202406191623/tools/bin/../lib/gcc/arm-none-eabi/12.3.1/../../../../arm-none-eabi/lib/thumb/v7-m/nofp\libc_nano.a(libc_a-strtod.o)
 *fill*         0x0800aabc        0x4 
 .rodata.tinytens
                0x0800aac0       0x28 C:/Program Files/STM32CubeIDE_1.16.1/STM32CubeIDE/plugins/com.st.stm32cube.ide.mcu.externaltools.gnu-tools-for-stm32.12.3.rel1.win32_1.0.200.202406191623/tools/bin/../lib/gcc/arm-none-eabi/12.3.1/../../../../arm-none-eabi/lib/thumb/v7-m/nofp\libc_nano.a(libc_a-strtod.o)
 .rodata._ctype_
                0x0800aae8      0x101 C:/Program Files/STM32CubeIDE_1.16.1/STM32CubeIDE/plugins/com.st.stm32cube.ide.mcu.externaltools.gnu-tools-for-stm32.12.3.rel1.win32_1.0.200.202406191623/tools/bin/../lib/gcc/arm-none-eabi/12.3.1/../../../../arm-none-eabi/lib/thumb/v7-m/nofp\libc_nano.a(libc_a-ctype_.o)
                0x0800aae8                _ctype_
 .rodata._svfprintf_r.str1.1
                0x0800abe9       0x11 C:/Program Files/STM32CubeIDE_1.16.1/STM32CubeIDE/plugins/com.st.stm32cube.ide.mcu.externaltools.gnu-tools-for-stm32.12.3.rel1.win32_1.0.200.202406191623/tools/bin/../lib/gcc/arm-none-eabi/12.3.1/../../../../arm-none-eabi/lib/thumb/v7-m/nofp\libc_nano.a(libc_a-nano-svfprintf.o)
 .rodata._setlocale_r.str1.1
                0x0800abfa        0x8 C:/Program Files/STM32CubeIDE_1.16.1/STM32CubeIDE/plugins/com.st.stm32cube.ide.mcu.externaltools.gnu-tools-for-stm32.12.3.rel1.win32_1.0.200.202406191623/tools/bin/../lib/gcc/arm-none-eabi/12.3.1/../../../../arm-none-eabi/lib/thumb/v7-m/nofp\libc_nano.a(libc_a-locale.o)
                                  0x9 (size before relaxing)
 .rodata.str1.1
                0x0800ac02        0x2 C:/Program Files/STM32CubeIDE_1.16.1/STM32CubeIDE/plugins/com.st.stm32cube.ide.mcu.externaltools.gnu-tools-for-stm32.12.3.rel1.win32_1.0.200.202406191623/tools/bin/../lib/gcc/arm-none-eabi/12.3.1/../../../../arm-none-eabi/lib/thumb/v7-m/nofp\libc_nano.a(libc_a-locale.o)
 .rodata.__assert_func.str1.1
                0x0800ac02       0x3c C:/Program Files/STM32CubeIDE_1.16.1/STM32CubeIDE/plugins/com.st.stm32cube.ide.mcu.externaltools.gnu-tools-for-stm32.12.3.rel1.win32_1.0.200.202406191623/tools/bin/../lib/gcc/arm-none-eabi/12.3.1/../../../../arm-none-eabi/lib/thumb/v7-m/nofp\libc_nano.a(libc_a-assert.o)
                                 0x3d (size before relaxing)
 .rodata.__gethex.str1.1
                0x0800ac3e       0x60 C:/Program Files/STM32CubeIDE_1.16.1/STM32CubeIDE/plugins/com.st.stm32cube.ide.mcu.externaltools.gnu-tools-for-stm32.12.3.rel1.win32_1.0.200.202406191623/tools/bin/../lib/gcc/arm-none-eabi/12.3.1/../../../../arm-none-eabi/lib/thumb/v7-m/nofp\libc_nano.a(libc_a-gdtoa-gethex.o)
                                 0x73 (size before relaxing)
 .rodata._vfprintf_r.str1.1
                0x0800ac9e       0x11 C:/Program Files/STM32CubeIDE_1.16.1/STM32CubeIDE/plugins/com.st.stm32cube.ide.mcu.externaltools.gnu-tools-for-stm32.12.3.rel1.win32_1.0.200.202406191623/tools/bin/../lib/gcc/arm-none-eabi/12.3.1/../../../../arm-none-eabi/lib/thumb/v7-m/nofp\libc_nano.a(libc_a-nano-vfprintf.o)
                0x0800acb0                        . = ALIGN (0x4)
 *fill*         0x0800ac9e        0x2 

.ARM.extab      0x0800aca0        0x0
                0x0800aca0                        . = ALIGN (0x4)
 *(.ARM.extab* .gnu.linkonce.armextab.*)
                0x0800aca0                        . = ALIGN (0x4)

.ARM            0x0800aca0        0x8
                0x0800aca0                        . = ALIGN (0x4)
                0x0800aca0                        __exidx_start = .
 *(.ARM.exidx*)
 .ARM.exidx     0x0800aca0        0x8 C:/Program Files/STM32CubeIDE_1.16.1/STM32CubeIDE/plugins/com.st.stm32cube.ide.mcu.externaltools.gnu-tools-for-stm32.12.3.rel1.win32_1.0.200.202406191623/tools/bin/../lib/gcc/arm-none-eabi/12.3.1/../../../../arm-none-eabi/lib/thumb/v7-m/nofp\libc_nano.a(libc_a-strlen.o)
                0x0800aca8                        __exidx_end = .
                0x0800aca8                        . = ALIGN (0x4)

.rel.dyn        0x0800aca8        0x0
 .rel.iplt      0x0800aca8        0x0 C:/Program Files/STM32CubeIDE_1.16.1/STM32CubeIDE/plugins/com.st.stm32cube.ide.mcu.externaltools.gnu-tools-for-stm32.12.3.rel1.win32_1.0.200.202406191623/tools/bin/../lib/gcc/arm-none-eabi/12.3.1/thumb/v7-m/nofp/crtbegin.o

.preinit_array  0x0800aca8        0x0
                0x0800aca8                        . = ALIGN (0x4)
                0x0800aca8                        PROVIDE (__preinit_array_start = .)
 *(.preinit_array*)
                0x0800aca8                        PROVIDE (__preinit_array_end = .)
                0x0800aca8                        . = ALIGN (0x4)

.init_array     0x0800aca8        0x4
                0x0800aca8                        . = ALIGN (0x4)
                0x0800aca8                        PROVIDE (__init_array_start = .)
 *(SORT_BY_NAME(.init_array.*))
 *(.init_array*)
 .init_array    0x0800aca8        0x4 C:/Program Files/STM32CubeIDE_1.16.1/STM32CubeIDE/plugins/com.st.stm32cube.ide.mcu.externaltools.gnu-tools-for-stm32.12.3.rel1.win32_1.0.200.202406191623/tools/bin/../lib/gcc/arm-none-eabi/12.3.1/thumb/v7-m/nofp/crtbegin.o
                0x0800acac                        PROVIDE (__init_array_end = .)
                0x0800acac                        . = ALIGN (0x4)

.fini_array     0x0800acac        0x4
                0x0800acac                        . = ALIGN (0x4)
                [!provide]                        PROVIDE (__fini_array_start = .)
 *(SORT_BY_NAME(.fini_array.*))
 *(.fini_array*)
 .fini_array    0x0800acac        0x4 C:/Program Files/STM32CubeIDE_1.16.1/STM32CubeIDE/plugins/com.st.stm32cube.ide.mcu.externaltools.gnu-tools-for-stm32.12.3.rel1.win32_1.0.200.202406191623/tools/bin/../lib/gcc/arm-none-eabi/12.3.1/thumb/v7-m/nofp/crtbegin.o
                [!provide]                        PROVIDE (__fini_array_end = .)
                0x0800acb0                        . = ALIGN (0x4)
                0x0800acb0                        _sidata = LOADADDR (.data)

.data           0x20000000      0x228 load address 0x0800acb0
                0x20000000                        . = ALIGN (0x4)
                0x20000000                        _sdata = .
 *(.data)
 *(.data*)
 .data.Font_7x10
                0x20000000        0x8 ./BSP/OLED/oled_fonts.o
                0x20000000                Font_7x10
 .data.g_Se_eff
                0x20000008        0x1 ./BSP/PS2/app_ps2.o
                0x20000008                g_Se_eff
 *fill*         0x20000009        0x1 
 .data.g_car_speed
                0x2000000a        0x2 ./BSP/PS2/app_ps2.o
                0x2000000a                g_car_speed
 .data.Pas_Wall
                0x2000000c        0x4 ./BSP/PS2/app_ps2.o
                0x2000000c                Pas_Wall
 .data.Offset_Wall
                0x20000010        0x4 ./BSP/PS2/app_ps2.o
                0x20000010                Offset_Wall
 .data.MASK     0x20000014       0x20 ./BSP/PS2/bsp_ps2.o
                0x20000014                MASK
 .data.Comd     0x20000034        0x2 ./BSP/PS2/bsp_ps2.o
                0x20000034                Comd
 *fill*         0x20000036        0x2 
 .data.pid_Yaw  0x20000038       0x1c ./BSP/motor/bsp_PID_motor.o
                0x20000038                pid_Yaw
 .data.SystemCoreClock
                0x20000054        0x4 ./Core/Src/system_stm32f1xx.o
                0x20000054                SystemCoreClock
 .data.uwTickFreq
                0x20000058        0x1 ./Drivers/STM32F1xx_HAL_Driver/Src/stm32f1xx_hal.o
                0x20000058                uwTickFreq
 *fill*         0x20000059        0x3 
 .data.uwTickPrio
                0x2000005c        0x4 ./Drivers/STM32F1xx_HAL_Driver/Src/stm32f1xx_hal.o
                0x2000005c                uwTickPrio
 .data.__sglue  0x20000060        0xc C:/Program Files/STM32CubeIDE_1.16.1/STM32CubeIDE/plugins/com.st.stm32cube.ide.mcu.externaltools.gnu-tools-for-stm32.12.3.rel1.win32_1.0.200.202406191623/tools/bin/../lib/gcc/arm-none-eabi/12.3.1/../../../../arm-none-eabi/lib/thumb/v7-m/nofp\libc_nano.a(libc_a-findfp.o)
                0x20000060                __sglue
 .data._impure_ptr
                0x2000006c        0x4 C:/Program Files/STM32CubeIDE_1.16.1/STM32CubeIDE/plugins/com.st.stm32cube.ide.mcu.externaltools.gnu-tools-for-stm32.12.3.rel1.win32_1.0.200.202406191623/tools/bin/../lib/gcc/arm-none-eabi/12.3.1/../../../../arm-none-eabi/lib/thumb/v7-m/nofp\libc_nano.a(libc_a-impure.o)
                0x2000006c                _impure_ptr
 .data._impure_data
                0x20000070       0x4c C:/Program Files/STM32CubeIDE_1.16.1/STM32CubeIDE/plugins/com.st.stm32cube.ide.mcu.externaltools.gnu-tools-for-stm32.12.3.rel1.win32_1.0.200.202406191623/tools/bin/../lib/gcc/arm-none-eabi/12.3.1/../../../../arm-none-eabi/lib/thumb/v7-m/nofp\libc_nano.a(libc_a-impure.o)
                0x20000070                _impure_data
 .data.__global_locale
                0x200000bc      0x16c C:/Program Files/STM32CubeIDE_1.16.1/STM32CubeIDE/plugins/com.st.stm32cube.ide.mcu.externaltools.gnu-tools-for-stm32.12.3.rel1.win32_1.0.200.202406191623/tools/bin/../lib/gcc/arm-none-eabi/12.3.1/../../../../arm-none-eabi/lib/thumb/v7-m/nofp\libc_nano.a(libc_a-locale.o)
                0x200000bc                __global_locale
 *(.RamFunc)
 *(.RamFunc*)