12:34:42 **** Incremental Build of configuration Release for project PS_Control_Car ****
make -j24 all 
arm-none-eabi-gcc "../Drivers/STM32F1xx_HAL_Driver/Src/stm32f1xx_hal.c" -mcpu=cortex-m3 -std=gnu11 -DUSE_HAL_DRIVER -DSTM32F103xE -c -I../Core/Inc -I../Drivers/STM32F1xx_HAL_Driver/Inc -I../Drivers/STM32F1xx_HAL_Driver/Inc/Legacy -I../Drivers/CMSIS/Device/ST/STM32F1xx/Include -I../Drivers/CMSIS/Include -I"C:/Projet Programmation/GitHub/VoitureIntel/VoitureIntel/PS_Control_Car/BSP/delay" -I"C:/Projet Programmation/GitHub/VoitureIntel/VoitureIntel/PS_Control_Car/BSP/encoder" -I"C:/Projet Programmation/GitHub/VoitureIntel/VoitureIntel/PS_Control_Car/BSP/motor" -I"C:/Projet Programmation/GitHub/VoitureIntel/VoitureIntel/PS_Control_Car/BSP/OLED" -I"C:/Projet Programmation/GitHub/VoitureIntel/VoitureIntel/PS_Control_Car/BSP/PS2" -I"C:/Projet Programmation/GitHub/VoitureIntel/VoitureIntel/PS_Control_Car/BSP/RGB" -I"C:/Projet Programmation/GitHub/VoitureIntel/VoitureIntel/PS_Control_Car/BSP/tim" -I"C:/Projet Programmation/GitHub/VoitureIntel/VoitureIntel/PS_Control_Car/BSP/ultrasonic" -I"C:/Projet Programmation/GitHub/VoitureIntel/VoitureIntel/PS_Control_Car/BSP" -Os -ffunction-sections -fdata-sections -Wall -fstack-usage -fcyclomatic-complexity -MMD -MP -MF"Drivers/STM32F1xx_HAL_Driver/Src/stm32f1xx_hal.d" -MT"Drivers/STM32F1xx_HAL_Driver/Src/stm32f1xx_hal.o" --specs=nano.specs -mfloat-abi=soft -mthumb -o "Drivers/STM32F1xx_HAL_Driver/Src/stm32f1xx_hal.o"
arm-none-eabi-gcc "../Drivers/STM32F1xx_HAL_Driver/Src/stm32f1xx_hal_cortex.c" -mcpu=cortex-m3 -std=gnu11 -DUSE_HAL_DRIVER -DSTM32F103xE -c -I../Core/Inc -I../Drivers/STM32F1xx_HAL_Driver/Inc -I../Drivers/STM32F1xx_HAL_Driver/Inc/Legacy -I../Drivers/CMSIS/Device/ST/STM32F1xx/Include -I../Drivers/CMSIS/Include -I"C:/Projet Programmation/GitHub/VoitureIntel/VoitureIntel/PS_Control_Car/BSP/delay" -I"C:/Projet Programmation/GitHub/VoitureIntel/VoitureIntel/PS_Control_Car/BSP/encoder" -I"C:/Projet Programmation/GitHub/VoitureIntel/VoitureIntel/PS_Control_Car/BSP/motor" -I"C:/Projet Programmation/GitHub/VoitureIntel/VoitureIntel/PS_Control_Car/BSP/OLED" -I"C:/Projet Programmation/GitHub/VoitureIntel/VoitureIntel/PS_Control_Car/BSP/PS2" -I"C:/Projet Programmation/GitHub/VoitureIntel/VoitureIntel/PS_Control_Car/BSP/RGB" -I"C:/Projet Programmation/GitHub/VoitureIntel/VoitureIntel/PS_Control_Car/BSP/tim" -I"C:/Projet Programmation/GitHub/VoitureIntel/VoitureIntel/PS_Control_Car/BSP/ultrasonic" -I"C:/Projet Programmation/GitHub/VoitureIntel/VoitureIntel/PS_Control_Car/BSP" -Os -ffunction-sections -fdata-sections -Wall -fstack-usage -fcyclomatic-complexity -MMD -MP -MF"Drivers/STM32F1xx_HAL_Driver/Src/stm32f1xx_hal_cortex.d" -MT"Drivers/STM32F1xx_HAL_Driver/Src/stm32f1xx_hal_cortex.o" --specs=nano.specs -mfloat-abi=soft -mthumb -o "Drivers/STM32F1xx_HAL_Driver/Src/stm32f1xx_hal_cortex.o"
arm-none-eabi-gcc "../Drivers/STM32F1xx_HAL_Driver/Src/stm32f1xx_hal_dma.c" -mcpu=cortex-m3 -std=gnu11 -DUSE_HAL_DRIVER -DSTM32F103xE -c -I../Core/Inc -I../Drivers/STM32F1xx_HAL_Driver/Inc -I../Drivers/STM32F1xx_HAL_Driver/Inc/Legacy -I../Drivers/CMSIS/Device/ST/STM32F1xx/Include -I../Drivers/CMSIS/Include -I"C:/Projet Programmation/GitHub/VoitureIntel/VoitureIntel/PS_Control_Car/BSP/delay" -I"C:/Projet Programmation/GitHub/VoitureIntel/VoitureIntel/PS_Control_Car/BSP/encoder" -I"C:/Projet Programmation/GitHub/VoitureIntel/VoitureIntel/PS_Control_Car/BSP/motor" -I"C:/Projet Programmation/GitHub/VoitureIntel/VoitureIntel/PS_Control_Car/BSP/OLED" -I"C:/Projet Programmation/GitHub/VoitureIntel/VoitureIntel/PS_Control_Car/BSP/PS2" -I"C:/Projet Programmation/GitHub/VoitureIntel/VoitureIntel/PS_Control_Car/BSP/RGB" -I"C:/Projet Programmation/GitHub/VoitureIntel/VoitureIntel/PS_Control_Car/BSP/tim" -I"C:/Projet Programmation/GitHub/VoitureIntel/VoitureIntel/PS_Control_Car/BSP/ultrasonic" -I"C:/Projet Programmation/GitHub/VoitureIntel/VoitureIntel/PS_Control_Car/BSP" -Os -ffunction-sections -fdata-sections -Wall -fstack-usage -fcyclomatic-complexity -MMD -MP -MF"Drivers/STM32F1xx_HAL_Driver/Src/stm32f1xx_hal_dma.d" -MT"Drivers/STM32F1xx_HAL_Driver/Src/stm32f1xx_hal_dma.o" --specs=nano.specs -mfloat-abi=soft -mthumb -o "Drivers/STM32F1xx_HAL_Driver/Src/stm32f1xx_hal_dma.o"
arm-none-eabi-gcc "../Drivers/STM32F1xx_HAL_Driver/Src/stm32f1xx_hal_exti.c" -mcpu=cortex-m3 -std=gnu11 -DUSE_HAL_DRIVER -DSTM32F103xE -c -I../Core/Inc -I../Drivers/STM32F1xx_HAL_Driver/Inc -I../Drivers/STM32F1xx_HAL_Driver/Inc/Legacy -I../Drivers/CMSIS/Device/ST/STM32F1xx/Include -I../Drivers/CMSIS/Include -I"C:/Projet Programmation/GitHub/VoitureIntel/VoitureIntel/PS_Control_Car/BSP/delay" -I"C:/Projet Programmation/GitHub/VoitureIntel/VoitureIntel/PS_Control_Car/BSP/encoder" -I"C:/Projet Programmation/GitHub/VoitureIntel/VoitureIntel/PS_Control_Car/BSP/motor" -I"C:/Projet Programmation/GitHub/VoitureIntel/VoitureIntel/PS_Control_Car/BSP/OLED" -I"C:/Projet Programmation/GitHub/VoitureIntel/VoitureIntel/PS_Control_Car/BSP/PS2" -I"C:/Projet Programmation/GitHub/VoitureIntel/VoitureIntel/PS_Control_Car/BSP/RGB" -I"C:/Projet Programmation/GitHub/VoitureIntel/VoitureIntel/PS_Control_Car/BSP/tim" -I"C:/Projet Programmation/GitHub/VoitureIntel/VoitureIntel/PS_Control_Car/BSP/ultrasonic" -I"C:/Projet Programmation/GitHub/VoitureIntel/VoitureIntel/PS_Control_Car/BSP" -Os -ffunction-sections -fdata-sections -Wall -fstack-usage -fcyclomatic-complexity -MMD -MP -MF"Drivers/STM32F1xx_HAL_Driver/Src/stm32f1xx_hal_exti.d" -MT"Drivers/STM32F1xx_HAL_Driver/Src/stm32f1xx_hal_exti.o" --specs=nano.specs -mfloat-abi=soft -mthumb -o "Drivers/STM32F1xx_HAL_Driver/Src/stm32f1xx_hal_exti.o"
arm-none-eabi-gcc "../Drivers/STM32F1xx_HAL_Driver/Src/stm32f1xx_hal_flash.c" -mcpu=cortex-m3 -std=gnu11 -DUSE_HAL_DRIVER -DSTM32F103xE -c -I../Core/Inc -I../Drivers/STM32F1xx_HAL_Driver/Inc -I../Drivers/STM32F1xx_HAL_Driver/Inc/Legacy -I../Drivers/CMSIS/Device/ST/STM32F1xx/Include -I../Drivers/CMSIS/Include -I"C:/Projet Programmation/GitHub/VoitureIntel/VoitureIntel/PS_Control_Car/BSP/delay" -I"C:/Projet Programmation/GitHub/VoitureIntel/VoitureIntel/PS_Control_Car/BSP/encoder" -I"C:/Projet Programmation/GitHub/VoitureIntel/VoitureIntel/PS_Control_Car/BSP/motor" -I"C:/Projet Programmation/GitHub/VoitureIntel/VoitureIntel/PS_Control_Car/BSP/OLED" -I"C:/Projet Programmation/GitHub/VoitureIntel/VoitureIntel/PS_Control_Car/BSP/PS2" -I"C:/Projet Programmation/GitHub/VoitureIntel/VoitureIntel/PS_Control_Car/BSP/RGB" -I"C:/Projet Programmation/GitHub/VoitureIntel/VoitureIntel/PS_Control_Car/BSP/tim" -I"C:/Projet Programmation/GitHub/VoitureIntel/VoitureIntel/PS_Control_Car/BSP/ultrasonic" -I"C:/Projet Programmation/GitHub/VoitureIntel/VoitureIntel/PS_Control_Car/BSP" -Os -ffunction-sections -fdata-sections -Wall -fstack-usage -fcyclomatic-complexity -MMD -MP -MF"Drivers/STM32F1xx_HAL_Driver/Src/stm32f1xx_hal_flash.d" -MT"Drivers/STM32F1xx_HAL_Driver/Src/stm32f1xx_hal_flash.o" --specs=nano.specs -mfloat-abi=soft -mthumb -o "Drivers/STM32F1xx_HAL_Driver/Src/stm32f1xx_hal_flash.o"
arm-none-eabi-gcc "../Drivers/STM32F1xx_HAL_Driver/Src/stm32f1xx_hal_flash_ex.c" -mcpu=cortex-m3 -std=gnu11 -DUSE_HAL_DRIVER -DSTM32F103xE -c -I../Core/Inc -I../Drivers/STM32F1xx_HAL_Driver/Inc -I../Drivers/STM32F1xx_HAL_Driver/Inc/Legacy -I../Drivers/CMSIS/Device/ST/STM32F1xx/Include -I../Drivers/CMSIS/Include -I"C:/Projet Programmation/GitHub/VoitureIntel/VoitureIntel/PS_Control_Car/BSP/delay" -I"C:/Projet Programmation/GitHub/VoitureIntel/VoitureIntel/PS_Control_Car/BSP/encoder" -I"C:/Projet Programmation/GitHub/VoitureIntel/VoitureIntel/PS_Control_Car/BSP/motor" -I"C:/Projet Programmation/GitHub/VoitureIntel/VoitureIntel/PS_Control_Car/BSP/OLED" -I"C:/Projet Programmation/GitHub/VoitureIntel/VoitureIntel/PS_Control_Car/BSP/PS2" -I"C:/Projet Programmation/GitHub/VoitureIntel/VoitureIntel/PS_Control_Car/BSP/RGB" -I"C:/Projet Programmation/GitHub/VoitureIntel/VoitureIntel/PS_Control_Car/BSP/tim" -I"C:/Projet Programmation/GitHub/VoitureIntel/VoitureIntel/PS_Control_Car/BSP/ultrasonic" -I"C:/Projet Programmation/GitHub/VoitureIntel/VoitureIntel/PS_Control_Car/BSP" -Os -ffunction-sections -fdata-sections -Wall -fstack-usage -fcyclomatic-complexity -MMD -MP -MF"Drivers/STM32F1xx_HAL_Driver/Src/stm32f1xx_hal_flash_ex.d" -MT"Drivers/STM32F1xx_HAL_Driver/Src/stm32f1xx_hal_flash_ex.o" --specs=nano.specs -mfloat-abi=soft -mthumb -o "Drivers/STM32F1xx_HAL_Driver/Src/stm32f1xx_hal_flash_ex.o"
arm-none-eabi-gcc "../Drivers/STM32F1xx_HAL_Driver/Src/stm32f1xx_hal_gpio.c" -mcpu=cortex-m3 -std=gnu11 -DUSE_HAL_DRIVER -DSTM32F103xE -c -I../Core/Inc -I../Drivers/STM32F1xx_HAL_Driver/Inc -I../Drivers/STM32F1xx_HAL_Driver/Inc/Legacy -I../Drivers/CMSIS/Device/ST/STM32F1xx/Include -I../Drivers/CMSIS/Include -I"C:/Projet Programmation/GitHub/VoitureIntel/VoitureIntel/PS_Control_Car/BSP/delay" -I"C:/Projet Programmation/GitHub/VoitureIntel/VoitureIntel/PS_Control_Car/BSP/encoder" -I"C:/Projet Programmation/GitHub/VoitureIntel/VoitureIntel/PS_Control_Car/BSP/motor" -I"C:/Projet Programmation/GitHub/VoitureIntel/VoitureIntel/PS_Control_Car/BSP/OLED" -I"C:/Projet Programmation/GitHub/VoitureIntel/VoitureIntel/PS_Control_Car/BSP/PS2" -I"C:/Projet Programmation/GitHub/VoitureIntel/VoitureIntel/PS_Control_Car/BSP/RGB" -I"C:/Projet Programmation/GitHub/VoitureIntel/VoitureIntel/PS_Control_Car/BSP/tim" -I"C:/Projet Programmation/GitHub/VoitureIntel/VoitureIntel/PS_Control_Car/BSP/ultrasonic" -I"C:/Projet Programmation/GitHub/VoitureIntel/VoitureIntel/PS_Control_Car/BSP" -Os -ffunction-sections -fdata-sections -Wall -fstack-usage -fcyclomatic-complexity -MMD -MP -MF"Drivers/STM32F1xx_HAL_Driver/Src/stm32f1xx_hal_gpio.d" -MT"Drivers/STM32F1xx_HAL_Driver/Src/stm32f1xx_hal_gpio.o" --specs=nano.specs -mfloat-abi=soft -mthumb -o "Drivers/STM32F1xx_HAL_Driver/Src/stm32f1xx_hal_gpio.o"
arm-none-eabi-gcc "../Drivers/STM32F1xx_HAL_Driver/Src/stm32f1xx_hal_gpio_ex.c" -mcpu=cortex-m3 -std=gnu11 -DUSE_HAL_DRIVER -DSTM32F103xE -c -I../Core/Inc -I../Drivers/STM32F1xx_HAL_Driver/Inc -I../Drivers/STM32F1xx_HAL_Driver/Inc/Legacy -I../Drivers/CMSIS/Device/ST/STM32F1xx/Include -I../Drivers/CMSIS/Include -I"C:/Projet Programmation/GitHub/VoitureIntel/VoitureIntel/PS_Control_Car/BSP/delay" -I"C:/Projet Programmation/GitHub/VoitureIntel/VoitureIntel/PS_Control_Car/BSP/encoder" -I"C:/Projet Programmation/GitHub/VoitureIntel/VoitureIntel/PS_Control_Car/BSP/motor" -I"C:/Projet Programmation/GitHub/VoitureIntel/VoitureIntel/PS_Control_Car/BSP/OLED" -I"C:/Projet Programmation/GitHub/VoitureIntel/VoitureIntel/PS_Control_Car/BSP/PS2" -I"C:/Projet Programmation/GitHub/VoitureIntel/VoitureIntel/PS_Control_Car/BSP/RGB" -I"C:/Projet Programmation/GitHub/VoitureIntel/VoitureIntel/PS_Control_Car/BSP/tim" -I"C:/Projet Programmation/GitHub/VoitureIntel/VoitureIntel/PS_Control_Car/BSP/ultrasonic" -I"C:/Projet Programmation/GitHub/VoitureIntel/VoitureIntel/PS_Control_Car/BSP" -Os -ffunction-sections -fdata-sections -Wall -fstack-usage -fcyclomatic-complexity -MMD -MP -MF"Drivers/STM32F1xx_HAL_Driver/Src/stm32f1xx_hal_gpio_ex.d" -MT"Drivers/STM32F1xx_HAL_Driver/Src/stm32f1xx_hal_gpio_ex.o" --specs=nano.specs -mfloat-abi=soft -mthumb -o "Drivers/STM32F1xx_HAL_Driver/Src/stm32f1xx_hal_gpio_ex.o"
arm-none-eabi-gcc "../Drivers/STM32F1xx_HAL_Driver/Src/stm32f1xx_hal_i2c.c" -mcpu=cortex-m3 -std=gnu11 -DUSE_HAL_DRIVER -DSTM32F103xE -c -I../Core/Inc -I../Drivers/STM32F1xx_HAL_Driver/Inc -I../Drivers/STM32F1xx_HAL_Driver/Inc/Legacy -I../Drivers/CMSIS/Device/ST/STM32F1xx/Include -I../Drivers/CMSIS/Include -I"C:/Projet Programmation/GitHub/VoitureIntel/VoitureIntel/PS_Control_Car/BSP/delay" -I"C:/Projet Programmation/GitHub/VoitureIntel/VoitureIntel/PS_Control_Car/BSP/encoder" -I"C:/Projet Programmation/GitHub/VoitureIntel/VoitureIntel/PS_Control_Car/BSP/motor" -I"C:/Projet Programmation/GitHub/VoitureIntel/VoitureIntel/PS_Control_Car/BSP/OLED" -I"C:/Projet Programmation/GitHub/VoitureIntel/VoitureIntel/PS_Control_Car/BSP/PS2" -I"C:/Projet Programmation/GitHub/VoitureIntel/VoitureIntel/PS_Control_Car/BSP/RGB" -I"C:/Projet Programmation/GitHub/VoitureIntel/VoitureIntel/PS_Control_Car/BSP/tim" -I"C:/Projet Programmation/GitHub/VoitureIntel/VoitureIntel/PS_Control_Car/BSP/ultrasonic" -I"C:/Projet Programmation/GitHub/VoitureIntel/VoitureIntel/PS_Control_Car/BSP" -Os -ffunction-sections -fdata-sections -Wall -fstack-usage -fcyclomatic-complexity -MMD -MP -MF"Drivers/STM32F1xx_HAL_Driver/Src/stm32f1xx_hal_i2c.d" -MT"Drivers/STM32F1xx_HAL_Driver/Src/stm32f1xx_hal_i2c.o" --specs=nano.specs -mfloat-abi=soft -mthumb -o "Drivers/STM32F1xx_HAL_Driver/Src/stm32f1xx_hal_i2c.o"
arm-none-eabi-gcc "../Drivers/STM32F1xx_HAL_Driver/Src/stm32f1xx_hal_pwr.c" -mcpu=cortex-m3 -std=gnu11 -DUSE_HAL_DRIVER -DSTM32F103xE -c -I../Core/Inc -I../Drivers/STM32F1xx_HAL_Driver/Inc -I../Drivers/STM32F1xx_HAL_Driver/Inc/Legacy -I../Drivers/CMSIS/Device/ST/STM32F1xx/Include -I../Drivers/CMSIS/Include -I"C:/Projet Programmation/GitHub/VoitureIntel/VoitureIntel/PS_Control_Car/BSP/delay" -I"C:/Projet Programmation/GitHub/VoitureIntel/VoitureIntel/PS_Control_Car/BSP/encoder" -I"C:/Projet Programmation/GitHub/VoitureIntel/VoitureIntel/PS_Control_Car/BSP/motor" -I"C:/Projet Programmation/GitHub/VoitureIntel/VoitureIntel/PS_Control_Car/BSP/OLED" -I"C:/Projet Programmation/GitHub/VoitureIntel/VoitureIntel/PS_Control_Car/BSP/PS2" -I"C:/Projet Programmation/GitHub/VoitureIntel/VoitureIntel/PS_Control_Car/BSP/RGB" -I"C:/Projet Programmation/GitHub/VoitureIntel/VoitureIntel/PS_Control_Car/BSP/tim" -I"C:/Projet Programmation/GitHub/VoitureIntel/VoitureIntel/PS_Control_Car/BSP/ultrasonic" -I"C:/Projet Programmation/GitHub/VoitureIntel/VoitureIntel/PS_Control_Car/BSP" -Os -ffunction-sections -fdata-sections -Wall -fstack-usage -fcyclomatic-complexity -MMD -MP -MF"Drivers/STM32F1xx_HAL_Driver/Src/stm32f1xx_hal_pwr.d" -MT"Drivers/STM32F1xx_HAL_Driver/Src/stm32f1xx_hal_pwr.o" --specs=nano.specs -mfloat-abi=soft -mthumb -o "Drivers/STM32F1xx_HAL_Driver/Src/stm32f1xx_hal_pwr.o"
arm-none-eabi-gcc "../Drivers/STM32F1xx_HAL_Driver/Src/stm32f1xx_hal_rcc.c" -mcpu=cortex-m3 -std=gnu11 -DUSE_HAL_DRIVER -DSTM32F103xE -c -I../Core/Inc -I../Drivers/STM32F1xx_HAL_Driver/Inc -I../Drivers/STM32F1xx_HAL_Driver/Inc/Legacy -I../Drivers/CMSIS/Device/ST/STM32F1xx/Include -I../Drivers/CMSIS/Include -I"C:/Projet Programmation/GitHub/VoitureIntel/VoitureIntel/PS_Control_Car/BSP/delay" -I"C:/Projet Programmation/GitHub/VoitureIntel/VoitureIntel/PS_Control_Car/BSP/encoder" -I"C:/Projet Programmation/GitHub/VoitureIntel/VoitureIntel/PS_Control_Car/BSP/motor" -I"C:/Projet Programmation/GitHub/VoitureIntel/VoitureIntel/PS_Control_Car/BSP/OLED" -I"C:/Projet Programmation/GitHub/VoitureIntel/VoitureIntel/PS_Control_Car/BSP/PS2" -I"C:/Projet Programmation/GitHub/VoitureIntel/VoitureIntel/PS_Control_Car/BSP/RGB" -I"C:/Projet Programmation/GitHub/VoitureIntel/VoitureIntel/PS_Control_Car/BSP/tim" -I"C:/Projet Programmation/GitHub/VoitureIntel/VoitureIntel/PS_Control_Car/BSP/ultrasonic" -I"C:/Projet Programmation/GitHub/VoitureIntel/VoitureIntel/PS_Control_Car/BSP" -Os -ffunction-sections -fdata-sections -Wall -fstack-usage -fcyclomatic-complexity -MMD -MP -MF"Drivers/STM32F1xx_HAL_Driver/Src/stm32f1xx_hal_rcc.d" -MT"Drivers/STM32F1xx_HAL_Driver/Src/stm32f1xx_hal_rcc.o" --specs=nano.specs -mfloat-abi=soft -mthumb -o "Drivers/STM32F1xx_HAL_Driver/Src/stm32f1xx_hal_rcc.o"
arm-none-eabi-gcc "../Drivers/STM32F1xx_HAL_Driver/Src/stm32f1xx_hal_rcc_ex.c" -mcpu=cortex-m3 -std=gnu11 -DUSE_HAL_DRIVER -DSTM32F103xE -c -I../Core/Inc -I../Drivers/STM32F1xx_HAL_Driver/Inc -I../Drivers/STM32F1xx_HAL_Driver/Inc/Legacy -I../Drivers/CMSIS/Device/ST/STM32F1xx/Include -I../Drivers/CMSIS/Include -I"C:/Projet Programmation/GitHub/VoitureIntel/VoitureIntel/PS_Control_Car/BSP/delay" -I"C:/Projet Programmation/GitHub/VoitureIntel/VoitureIntel/PS_Control_Car/BSP/encoder" -I"C:/Projet Programmation/GitHub/VoitureIntel/VoitureIntel/PS_Control_Car/BSP/motor" -I"C:/Projet Programmation/GitHub/VoitureIntel/VoitureIntel/PS_Control_Car/BSP/OLED" -I"C:/Projet Programmation/GitHub/VoitureIntel/VoitureIntel/PS_Control_Car/BSP/PS2" -I"C:/Projet Programmation/GitHub/VoitureIntel/VoitureIntel/PS_Control_Car/BSP/RGB" -I"C:/Projet Programmation/GitHub/VoitureIntel/VoitureIntel/PS_Control_Car/BSP/tim" -I"C:/Projet Programmation/GitHub/VoitureIntel/VoitureIntel/PS_Control_Car/BSP/ultrasonic" -I"C:/Projet Programmation/GitHub/VoitureIntel/VoitureIntel/PS_Control_Car/BSP" -Os -ffunction-sections -fdata-sections -Wall -fstack-usage -fcyclomatic-complexity -MMD -MP -MF"Drivers/STM32F1xx_HAL_Driver/Src/stm32f1xx_hal_rcc_ex.d" -MT"Drivers/STM32F1xx_HAL_Driver/Src/stm32f1xx_hal_rcc_ex.o" --specs=nano.specs -mfloat-abi=soft -mthumb -o "Drivers/STM32F1xx_HAL_Driver/Src/stm32f1xx_hal_rcc_ex.o"
arm-none-eabi-gcc "../Drivers/STM32F1xx_HAL_Driver/Src/stm32f1xx_hal_tim.c" -mcpu=cortex-m3 -std=gnu11 -DUSE_HAL_DRIVER -DSTM32F103xE -c -I../Core/Inc -I../Drivers/STM32F1xx_HAL_Driver/Inc -I../Drivers/STM32F1xx_HAL_Driver/Inc/Legacy -I../Drivers/CMSIS/Device/ST/STM32F1xx/Include -I../Drivers/CMSIS/Include -I"C:/Projet Programmation/GitHub/VoitureIntel/VoitureIntel/PS_Control_Car/BSP/delay" -I"C:/Projet Programmation/GitHub/VoitureIntel/VoitureIntel/PS_Control_Car/BSP/encoder" -I"C:/Projet Programmation/GitHub/VoitureIntel/VoitureIntel/PS_Control_Car/BSP/motor" -I"C:/Projet Programmation/GitHub/VoitureIntel/VoitureIntel/PS_Control_Car/BSP/OLED" -I"C:/Projet Programmation/GitHub/VoitureIntel/VoitureIntel/PS_Control_Car/BSP/PS2" -I"C:/Projet Programmation/GitHub/VoitureIntel/VoitureIntel/PS_Control_Car/BSP/RGB" -I"C:/Projet Programmation/GitHub/VoitureIntel/VoitureIntel/PS_Control_Car/BSP/tim" -I"C:/Projet Programmation/GitHub/VoitureIntel/VoitureIntel/PS_Control_Car/BSP/ultrasonic" -I"C:/Projet Programmation/GitHub/VoitureIntel/VoitureIntel/PS_Control_Car/BSP" -Os -ffunction-sections -fdata-sections -Wall -fstack-usage -fcyclomatic-complexity -MMD -MP -MF"Drivers/STM32F1xx_HAL_Driver/Src/stm32f1xx_hal_tim.d" -MT"Drivers/STM32F1xx_HAL_Driver/Src/stm32f1xx_hal_tim.o" --specs=nano.specs -mfloat-abi=soft -mthumb -o "Drivers/STM32F1xx_HAL_Driver/Src/stm32f1xx_hal_tim.o"
arm-none-eabi-gcc "../Drivers/STM32F1xx_HAL_Driver/Src/stm32f1xx_hal_tim_ex.c" -mcpu=cortex-m3 -std=gnu11 -DUSE_HAL_DRIVER -DSTM32F103xE -c -I../Core/Inc -I../Drivers/STM32F1xx_HAL_Driver/Inc -I../Drivers/STM32F1xx_HAL_Driver/Inc/Legacy -I../Drivers/CMSIS/Device/ST/STM32F1xx/Include -I../Drivers/CMSIS/Include -I"C:/Projet Programmation/GitHub/VoitureIntel/VoitureIntel/PS_Control_Car/BSP/delay" -I"C:/Projet Programmation/GitHub/VoitureIntel/VoitureIntel/PS_Control_Car/BSP/encoder" -I"C:/Projet Programmation/GitHub/VoitureIntel/VoitureIntel/PS_Control_Car/BSP/motor" -I"C:/Projet Programmation/GitHub/VoitureIntel/VoitureIntel/PS_Control_Car/BSP/OLED" -I"C:/Projet Programmation/GitHub/VoitureIntel/VoitureIntel/PS_Control_Car/BSP/PS2" -I"C:/Projet Programmation/GitHub/VoitureIntel/VoitureIntel/PS_Control_Car/BSP/RGB" -I"C:/Projet Programmation/GitHub/VoitureIntel/VoitureIntel/PS_Control_Car/BSP/tim" -I"C:/Projet Programmation/GitHub/VoitureIntel/VoitureIntel/PS_Control_Car/BSP/ultrasonic" -I"C:/Projet Programmation/GitHub/VoitureIntel/VoitureIntel/PS_Control_Car/BSP" -Os -ffunction-sections -fdata-sections -Wall -fstack-usage -fcyclomatic-complexity -MMD -MP -MF"Drivers/STM32F1xx_HAL_Driver/Src/stm32f1xx_hal_tim_ex.d" -MT"Drivers/STM32F1xx_HAL_Driver/Src/stm32f1xx_hal_tim_ex.o" --specs=nano.specs -mfloat-abi=soft -mthumb -o "Drivers/STM32F1xx_HAL_Driver/Src/stm32f1xx_hal_tim_ex.o"
arm-none-eabi-gcc "../Core/Src/gpio.c" -mcpu=cortex-m3 -std=gnu11 -DUSE_HAL_DRIVER -DSTM32F103xE -c -I../Core/Inc -I../Drivers/STM32F1xx_HAL_Driver/Inc -I../Drivers/STM32F1xx_HAL_Driver/Inc/Legacy -I../Drivers/CMSIS/Device/ST/STM32F1xx/Include -I../Drivers/CMSIS/Include -I"C:/Projet Programmation/GitHub/VoitureIntel/VoitureIntel/PS_Control_Car/BSP/delay" -I"C:/Projet Programmation/GitHub/VoitureIntel/VoitureIntel/PS_Control_Car/BSP/encoder" -I"C:/Projet Programmation/GitHub/VoitureIntel/VoitureIntel/PS_Control_Car/BSP/motor" -I"C:/Projet Programmation/GitHub/VoitureIntel/VoitureIntel/PS_Control_Car/BSP/OLED" -I"C:/Projet Programmation/GitHub/VoitureIntel/VoitureIntel/PS_Control_Car/BSP/PS2" -I"C:/Projet Programmation/GitHub/VoitureIntel/VoitureIntel/PS_Control_Car/BSP/RGB" -I"C:/Projet Programmation/GitHub/VoitureIntel/VoitureIntel/PS_Control_Car/BSP/tim" -I"C:/Projet Programmation/GitHub/VoitureIntel/VoitureIntel/PS_Control_Car/BSP/ultrasonic" -I"C:/Projet Programmation/GitHub/VoitureIntel/VoitureIntel/PS_Control_Car/BSP" -Os -ffunction-sections -fdata-sections -Wall -fstack-usage -fcyclomatic-complexity -MMD -MP -MF"Core/Src/gpio.d" -MT"Core/Src/gpio.o" --specs=nano.specs -mfloat-abi=soft -mthumb -o "Core/Src/gpio.o"
arm-none-eabi-gcc "../Core/Src/i2c.c" -mcpu=cortex-m3 -std=gnu11 -DUSE_HAL_DRIVER -DSTM32F103xE -c -I../Core/Inc -I../Drivers/STM32F1xx_HAL_Driver/Inc -I../Drivers/STM32F1xx_HAL_Driver/Inc/Legacy -I../Drivers/CMSIS/Device/ST/STM32F1xx/Include -I../Drivers/CMSIS/Include -I"C:/Projet Programmation/GitHub/VoitureIntel/VoitureIntel/PS_Control_Car/BSP/delay" -I"C:/Projet Programmation/GitHub/VoitureIntel/VoitureIntel/PS_Control_Car/BSP/encoder" -I"C:/Projet Programmation/GitHub/VoitureIntel/VoitureIntel/PS_Control_Car/BSP/motor" -I"C:/Projet Programmation/GitHub/VoitureIntel/VoitureIntel/PS_Control_Car/BSP/OLED" -I"C:/Projet Programmation/GitHub/VoitureIntel/VoitureIntel/PS_Control_Car/BSP/PS2" -I"C:/Projet Programmation/GitHub/VoitureIntel/VoitureIntel/PS_Control_Car/BSP/RGB" -I"C:/Projet Programmation/GitHub/VoitureIntel/VoitureIntel/PS_Control_Car/BSP/tim" -I"C:/Projet Programmation/GitHub/VoitureIntel/VoitureIntel/PS_Control_Car/BSP/ultrasonic" -I"C:/Projet Programmation/GitHub/VoitureIntel/VoitureIntel/PS_Control_Car/BSP" -Os -ffunction-sections -fdata-sections -Wall -fstack-usage -fcyclomatic-complexity -MMD -MP -MF"Core/Src/i2c.d" -MT"Core/Src/i2c.o" --specs=nano.specs -mfloat-abi=soft -mthumb -o "Core/Src/i2c.o"
arm-none-eabi-gcc "../Core/Src/main.c" -mcpu=cortex-m3 -std=gnu11 -DUSE_HAL_DRIVER -DSTM32F103xE -c -I../Core/Inc -I../Drivers/STM32F1xx_HAL_Driver/Inc -I../Drivers/STM32F1xx_HAL_Driver/Inc/Legacy -I../Drivers/CMSIS/Device/ST/STM32F1xx/Include -I../Drivers/CMSIS/Include -I"C:/Projet Programmation/GitHub/VoitureIntel/VoitureIntel/PS_Control_Car/BSP/delay" -I"C:/Projet Programmation/GitHub/VoitureIntel/VoitureIntel/PS_Control_Car/BSP/encoder" -I"C:/Projet Programmation/GitHub/VoitureIntel/VoitureIntel/PS_Control_Car/BSP/motor" -I"C:/Projet Programmation/GitHub/VoitureIntel/VoitureIntel/PS_Control_Car/BSP/OLED" -I"C:/Projet Programmation/GitHub/VoitureIntel/VoitureIntel/PS_Control_Car/BSP/PS2" -I"C:/Projet Programmation/GitHub/VoitureIntel/VoitureIntel/PS_Control_Car/BSP/RGB" -I"C:/Projet Programmation/GitHub/VoitureIntel/VoitureIntel/PS_Control_Car/BSP/tim" -I"C:/Projet Programmation/GitHub/VoitureIntel/VoitureIntel/PS_Control_Car/BSP/ultrasonic" -I"C:/Projet Programmation/GitHub/VoitureIntel/VoitureIntel/PS_Control_Car/BSP" -Os -ffunction-sections -fdata-sections -Wall -fstack-usage -fcyclomatic-complexity -MMD -MP -MF"Core/Src/main.d" -MT"Core/Src/main.o" --specs=nano.specs -mfloat-abi=soft -mthumb -o "Core/Src/main.o"
arm-none-eabi-gcc "../Core/Src/stm32f1xx_hal_msp.c" -mcpu=cortex-m3 -std=gnu11 -DUSE_HAL_DRIVER -DSTM32F103xE -c -I../Core/Inc -I../Drivers/STM32F1xx_HAL_Driver/Inc -I../Drivers/STM32F1xx_HAL_Driver/Inc/Legacy -I../Drivers/CMSIS/Device/ST/STM32F1xx/Include -I../Drivers/CMSIS/Include -I"C:/Projet Programmation/GitHub/VoitureIntel/VoitureIntel/PS_Control_Car/BSP/delay" -I"C:/Projet Programmation/GitHub/VoitureIntel/VoitureIntel/PS_Control_Car/BSP/encoder" -I"C:/Projet Programmation/GitHub/VoitureIntel/VoitureIntel/PS_Control_Car/BSP/motor" -I"C:/Projet Programmation/GitHub/VoitureIntel/VoitureIntel/PS_Control_Car/BSP/OLED" -I"C:/Projet Programmation/GitHub/VoitureIntel/VoitureIntel/PS_Control_Car/BSP/PS2" -I"C:/Projet Programmation/GitHub/VoitureIntel/VoitureIntel/PS_Control_Car/BSP/RGB" -I"C:/Projet Programmation/GitHub/VoitureIntel/VoitureIntel/PS_Control_Car/BSP/tim" -I"C:/Projet Programmation/GitHub/VoitureIntel/VoitureIntel/PS_Control_Car/BSP/ultrasonic" -I"C:/Projet Programmation/GitHub/VoitureIntel/VoitureIntel/PS_Control_Car/BSP" -Os -ffunction-sections -fdata-sections -Wall -fstack-usage -fcyclomatic-complexity -MMD -MP -MF"Core/Src/stm32f1xx_hal_msp.d" -MT"Core/Src/stm32f1xx_hal_msp.o" --specs=nano.specs -mfloat-abi=soft -mthumb -o "Core/Src/stm32f1xx_hal_msp.o"
arm-none-eabi-gcc "../Core/Src/stm32f1xx_it.c" -mcpu=cortex-m3 -std=gnu11 -DUSE_HAL_DRIVER -DSTM32F103xE -c -I../Core/Inc -I../Drivers/STM32F1xx_HAL_Driver/Inc -I../Drivers/STM32F1xx_HAL_Driver/Inc/Legacy -I../Drivers/CMSIS/Device/ST/STM32F1xx/Include -I../Drivers/CMSIS/Include -I"C:/Projet Programmation/GitHub/VoitureIntel/VoitureIntel/PS_Control_Car/BSP/delay" -I"C:/Projet Programmation/GitHub/VoitureIntel/VoitureIntel/PS_Control_Car/BSP/encoder" -I"C:/Projet Programmation/GitHub/VoitureIntel/VoitureIntel/PS_Control_Car/BSP/motor" -I"C:/Projet Programmation/GitHub/VoitureIntel/VoitureIntel/PS_Control_Car/BSP/OLED" -I"C:/Projet Programmation/GitHub/VoitureIntel/VoitureIntel/PS_Control_Car/BSP/PS2" -I"C:/Projet Programmation/GitHub/VoitureIntel/VoitureIntel/PS_Control_Car/BSP/RGB" -I"C:/Projet Programmation/GitHub/VoitureIntel/VoitureIntel/PS_Control_Car/BSP/tim" -I"C:/Projet Programmation/GitHub/VoitureIntel/VoitureIntel/PS_Control_Car/BSP/ultrasonic" -I"C:/Projet Programmation/GitHub/VoitureIntel/VoitureIntel/PS_Control_Car/BSP" -Os -ffunction-sections -fdata-sections -Wall -fstack-usage -fcyclomatic-complexity -MMD -MP -MF"Core/Src/stm32f1xx_it.d" -MT"Core/Src/stm32f1xx_it.o" --specs=nano.specs -mfloat-abi=soft -mthumb -o "Core/Src/stm32f1xx_it.o"
arm-none-eabi-gcc "../Core/Src/syscalls.c" -mcpu=cortex-m3 -std=gnu11 -DUSE_HAL_DRIVER -DSTM32F103xE -c -I../Core/Inc -I../Drivers/STM32F1xx_HAL_Driver/Inc -I../Drivers/STM32F1xx_HAL_Driver/Inc/Legacy -I../Drivers/CMSIS/Device/ST/STM32F1xx/Include -I../Drivers/CMSIS/Include -I"C:/Projet Programmation/GitHub/VoitureIntel/VoitureIntel/PS_Control_Car/BSP/delay" -I"C:/Projet Programmation/GitHub/VoitureIntel/VoitureIntel/PS_Control_Car/BSP/encoder" -I"C:/Projet Programmation/GitHub/VoitureIntel/VoitureIntel/PS_Control_Car/BSP/motor" -I"C:/Projet Programmation/GitHub/VoitureIntel/VoitureIntel/PS_Control_Car/BSP/OLED" -I"C:/Projet Programmation/GitHub/VoitureIntel/VoitureIntel/PS_Control_Car/BSP/PS2" -I"C:/Projet Programmation/GitHub/VoitureIntel/VoitureIntel/PS_Control_Car/BSP/RGB" -I"C:/Projet Programmation/GitHub/VoitureIntel/VoitureIntel/PS_Control_Car/BSP/tim" -I"C:/Projet Programmation/GitHub/VoitureIntel/VoitureIntel/PS_Control_Car/BSP/ultrasonic" -I"C:/Projet Programmation/GitHub/VoitureIntel/VoitureIntel/PS_Control_Car/BSP" -Os -ffunction-sections -fdata-sections -Wall -fstack-usage -fcyclomatic-complexity -MMD -MP -MF"Core/Src/syscalls.d" -MT"Core/Src/syscalls.o" --specs=nano.specs -mfloat-abi=soft -mthumb -o "Core/Src/syscalls.o"
arm-none-eabi-gcc "../Core/Src/sysmem.c" -mcpu=cortex-m3 -std=gnu11 -DUSE_HAL_DRIVER -DSTM32F103xE -c -I../Core/Inc -I../Drivers/STM32F1xx_HAL_Driver/Inc -I../Drivers/STM32F1xx_HAL_Driver/Inc/Legacy -I../Drivers/CMSIS/Device/ST/STM32F1xx/Include -I../Drivers/CMSIS/Include -I"C:/Projet Programmation/GitHub/VoitureIntel/VoitureIntel/PS_Control_Car/BSP/delay" -I"C:/Projet Programmation/GitHub/VoitureIntel/VoitureIntel/PS_Control_Car/BSP/encoder" -I"C:/Projet Programmation/GitHub/VoitureIntel/VoitureIntel/PS_Control_Car/BSP/motor" -I"C:/Projet Programmation/GitHub/VoitureIntel/VoitureIntel/PS_Control_Car/BSP/OLED" -I"C:/Projet Programmation/GitHub/VoitureIntel/VoitureIntel/PS_Control_Car/BSP/PS2" -I"C:/Projet Programmation/GitHub/VoitureIntel/VoitureIntel/PS_Control_Car/BSP/RGB" -I"C:/Projet Programmation/GitHub/VoitureIntel/VoitureIntel/PS_Control_Car/BSP/tim" -I"C:/Projet Programmation/GitHub/VoitureIntel/VoitureIntel/PS_Control_Car/BSP/ultrasonic" -I"C:/Projet Programmation/GitHub/VoitureIntel/VoitureIntel/PS_Control_Car/BSP" -Os -ffunction-sections -fdata-sections -Wall -fstack-usage -fcyclomatic-complexity -MMD -MP -MF"Core/Src/sysmem.d" -MT"Core/Src/sysmem.o" --specs=nano.specs -mfloat-abi=soft -mthumb -o "Core/Src/sysmem.o"
arm-none-eabi-gcc "../Core/Src/system_stm32f1xx.c" -mcpu=cortex-m3 -std=gnu11 -DUSE_HAL_DRIVER -DSTM32F103xE -c -I../Core/Inc -I../Drivers/STM32F1xx_HAL_Driver/Inc -I../Drivers/STM32F1xx_HAL_Driver/Inc/Legacy -I../Drivers/CMSIS/Device/ST/STM32F1xx/Include -I../Drivers/CMSIS/Include -I"C:/Projet Programmation/GitHub/VoitureIntel/VoitureIntel/PS_Control_Car/BSP/delay" -I"C:/Projet Programmation/GitHub/VoitureIntel/VoitureIntel/PS_Control_Car/BSP/encoder" -I"C:/Projet Programmation/GitHub/VoitureIntel/VoitureIntel/PS_Control_Car/BSP/motor" -I"C:/Projet Programmation/GitHub/VoitureIntel/VoitureIntel/PS_Control_Car/BSP/OLED" -I"C:/Projet Programmation/GitHub/VoitureIntel/VoitureIntel/PS_Control_Car/BSP/PS2" -I"C:/Projet Programmation/GitHub/VoitureIntel/VoitureIntel/PS_Control_Car/BSP/RGB" -I"C:/Projet Programmation/GitHub/VoitureIntel/VoitureIntel/PS_Control_Car/BSP/tim" -I"C:/Projet Programmation/GitHub/VoitureIntel/VoitureIntel/PS_Control_Car/BSP/ultrasonic" -I"C:/Projet Programmation/GitHub/VoitureIntel/VoitureIntel/PS_Control_Car/BSP" -Os -ffunction-sections -fdata-sections -Wall -fstack-usage -fcyclomatic-complexity -MMD -MP -MF"Core/Src/system_stm32f1xx.d" -MT"Core/Src/system_stm32f1xx.o" --specs=nano.specs -mfloat-abi=soft -mthumb -o "Core/Src/system_stm32f1xx.o"
arm-none-eabi-gcc "../Core/Src/tim.c" -mcpu=cortex-m3 -std=gnu11 -DUSE_HAL_DRIVER -DSTM32F103xE -c -I../Core/Inc -I../Drivers/STM32F1xx_HAL_Driver/Inc -I../Drivers/STM32F1xx_HAL_Driver/Inc/Legacy -I../Drivers/CMSIS/Device/ST/STM32F1xx/Include -I../Drivers/CMSIS/Include -I"C:/Projet Programmation/GitHub/VoitureIntel/VoitureIntel/PS_Control_Car/BSP/delay" -I"C:/Projet Programmation/GitHub/VoitureIntel/VoitureIntel/PS_Control_Car/BSP/encoder" -I"C:/Projet Programmation/GitHub/VoitureIntel/VoitureIntel/PS_Control_Car/BSP/motor" -I"C:/Projet Programmation/GitHub/VoitureIntel/VoitureIntel/PS_Control_Car/BSP/OLED" -I"C:/Projet Programmation/GitHub/VoitureIntel/VoitureIntel/PS_Control_Car/BSP/PS2" -I"C:/Projet Programmation/GitHub/VoitureIntel/VoitureIntel/PS_Control_Car/BSP/RGB" -I"C:/Projet Programmation/GitHub/VoitureIntel/VoitureIntel/PS_Control_Car/BSP/tim" -I"C:/Projet Programmation/GitHub/VoitureIntel/VoitureIntel/PS_Control_Car/BSP/ultrasonic" -I"C:/Projet Programmation/GitHub/VoitureIntel/VoitureIntel/PS_Control_Car/BSP" -Os -ffunction-sections -fdata-sections -Wall -fstack-usage -fcyclomatic-complexity -MMD -MP -MF"Core/Src/tim.d" -MT"Core/Src/tim.o" --specs=nano.specs -mfloat-abi=soft -mthumb -o "Core/Src/tim.o"
arm-none-eabi-gcc "../BSP/ultrasonic/bsp_ultrasonic.c" -mcpu=cortex-m3 -std=gnu11 -DUSE_HAL_DRIVER -DSTM32F103xE -c -I../Core/Inc -I../Drivers/STM32F1xx_HAL_Driver/Inc -I../Drivers/STM32F1xx_HAL_Driver/Inc/Legacy -I../Drivers/CMSIS/Device/ST/STM32F1xx/Include -I../Drivers/CMSIS/Include -I"C:/Projet Programmation/GitHub/VoitureIntel/VoitureIntel/PS_Control_Car/BSP/delay" -I"C:/Projet Programmation/GitHub/VoitureIntel/VoitureIntel/PS_Control_Car/BSP/encoder" -I"C:/Projet Programmation/GitHub/VoitureIntel/VoitureIntel/PS_Control_Car/BSP/motor" -I"C:/Projet Programmation/GitHub/VoitureIntel/VoitureIntel/PS_Control_Car/BSP/OLED" -I"C:/Projet Programmation/GitHub/VoitureIntel/VoitureIntel/PS_Control_Car/BSP/PS2" -I"C:/Projet Programmation/GitHub/VoitureIntel/VoitureIntel/PS_Control_Car/BSP/RGB" -I"C:/Projet Programmation/GitHub/VoitureIntel/VoitureIntel/PS_Control_Car/BSP/tim" -I"C:/Projet Programmation/GitHub/VoitureIntel/VoitureIntel/PS_Control_Car/BSP/ultrasonic" -I"C:/Projet Programmation/GitHub/VoitureIntel/VoitureIntel/PS_Control_Car/BSP" -Os -ffunction-sections -fdata-sections -Wall -fstack-usage -fcyclomatic-complexity -MMD -MP -MF"BSP/ultrasonic/bsp_ultrasonic.d" -MT"BSP/ultrasonic/bsp_ultrasonic.o" --specs=nano.specs -mfloat-abi=soft -mthumb -o "BSP/ultrasonic/bsp_ultrasonic.o"
../BSP/ultrasonic/bsp_ultrasonic.c: In function 'Get_distance':
../BSP/ultrasonic/bsp_ultrasonic.c:20:17: warning: implicit declaration of function 'Delay_Us'; did you mean 'Delay_Ms'? [-Wimplicit-function-declaration]
   20 |                 Delay_Us(20);
      |                 ^~~~~~~~
      |                 Delay_Ms
arm-none-eabi-gcc "../BSP/tim/bsp_tim.c" -mcpu=cortex-m3 -std=gnu11 -DUSE_HAL_DRIVER -DSTM32F103xE -c -I../Core/Inc -I../Drivers/STM32F1xx_HAL_Driver/Inc -I../Drivers/STM32F1xx_HAL_Driver/Inc/Legacy -I../Drivers/CMSIS/Device/ST/STM32F1xx/Include -I../Drivers/CMSIS/Include -I"C:/Projet Programmation/GitHub/VoitureIntel/VoitureIntel/PS_Control_Car/BSP/delay" -I"C:/Projet Programmation/GitHub/VoitureIntel/VoitureIntel/PS_Control_Car/BSP/encoder" -I"C:/Projet Programmation/GitHub/VoitureIntel/VoitureIntel/PS_Control_Car/BSP/motor" -I"C:/Projet Programmation/GitHub/VoitureIntel/VoitureIntel/PS_Control_Car/BSP/OLED" -I"C:/Projet Programmation/GitHub/VoitureIntel/VoitureIntel/PS_Control_Car/BSP/PS2" -I"C:/Projet Programmation/GitHub/VoitureIntel/VoitureIntel/PS_Control_Car/BSP/RGB" -I"C:/Projet Programmation/GitHub/VoitureIntel/VoitureIntel/PS_Control_Car/BSP/tim" -I"C:/Projet Programmation/GitHub/VoitureIntel/VoitureIntel/PS_Control_Car/BSP/ultrasonic" -I"C:/Projet Programmation/GitHub/VoitureIntel/VoitureIntel/PS_Control_Car/BSP" -Os -ffunction-sections -fdata-sections -Wall -fstack-usage -fcyclomatic-complexity -MMD -MP -MF"BSP/tim/bsp_tim.d" -MT"BSP/tim/bsp_tim.o" --specs=nano.specs -mfloat-abi=soft -mthumb -o "BSP/tim/bsp_tim.o"
arm-none-eabi-gcc "../BSP/motor/app_motor.c" -mcpu=cortex-m3 -std=gnu11 -DUSE_HAL_DRIVER -DSTM32F103xE -c -I../Core/Inc -I../Drivers/STM32F1xx_HAL_Driver/Inc -I../Drivers/STM32F1xx_HAL_Driver/Inc/Legacy -I../Drivers/CMSIS/Device/ST/STM32F1xx/Include -I../Drivers/CMSIS/Include -I"C:/Projet Programmation/GitHub/VoitureIntel/VoitureIntel/PS_Control_Car/BSP/delay" -I"C:/Projet Programmation/GitHub/VoitureIntel/VoitureIntel/PS_Control_Car/BSP/encoder" -I"C:/Projet Programmation/GitHub/VoitureIntel/VoitureIntel/PS_Control_Car/BSP/motor" -I"C:/Projet Programmation/GitHub/VoitureIntel/VoitureIntel/PS_Control_Car/BSP/OLED" -I"C:/Projet Programmation/GitHub/VoitureIntel/VoitureIntel/PS_Control_Car/BSP/PS2" -I"C:/Projet Programmation/GitHub/VoitureIntel/VoitureIntel/PS_Control_Car/BSP/RGB" -I"C:/Projet Programmation/GitHub/VoitureIntel/VoitureIntel/PS_Control_Car/BSP/tim" -I"C:/Projet Programmation/GitHub/VoitureIntel/VoitureIntel/PS_Control_Car/BSP/ultrasonic" -I"C:/Projet Programmation/GitHub/VoitureIntel/VoitureIntel/PS_Control_Car/BSP" -Os -ffunction-sections -fdata-sections -Wall -fstack-usage -fcyclomatic-complexity -MMD -MP -MF"BSP/motor/app_motor.d" -MT"BSP/motor/app_motor.o" --specs=nano.specs -mfloat-abi=soft -mthumb -o "BSP/motor/app_motor.o"
arm-none-eabi-gcc "../BSP/motor/bsp_PID_motor.c" -mcpu=cortex-m3 -std=gnu11 -DUSE_HAL_DRIVER -DSTM32F103xE -c -I../Core/Inc -I../Drivers/STM32F1xx_HAL_Driver/Inc -I../Drivers/STM32F1xx_HAL_Driver/Inc/Legacy -I../Drivers/CMSIS/Device/ST/STM32F1xx/Include -I../Drivers/CMSIS/Include -I"C:/Projet Programmation/GitHub/VoitureIntel/VoitureIntel/PS_Control_Car/BSP/delay" -I"C:/Projet Programmation/GitHub/VoitureIntel/VoitureIntel/PS_Control_Car/BSP/encoder" -I"C:/Projet Programmation/GitHub/VoitureIntel/VoitureIntel/PS_Control_Car/BSP/motor" -I"C:/Projet Programmation/GitHub/VoitureIntel/VoitureIntel/PS_Control_Car/BSP/OLED" -I"C:/Projet Programmation/GitHub/VoitureIntel/VoitureIntel/PS_Control_Car/BSP/PS2" -I"C:/Projet Programmation/GitHub/VoitureIntel/VoitureIntel/PS_Control_Car/BSP/RGB" -I"C:/Projet Programmation/GitHub/VoitureIntel/VoitureIntel/PS_Control_Car/BSP/tim" -I"C:/Projet Programmation/GitHub/VoitureIntel/VoitureIntel/PS_Control_Car/BSP/ultrasonic" -I"C:/Projet Programmation/GitHub/VoitureIntel/VoitureIntel/PS_Control_Car/BSP" -Os -ffunction-sections -fdata-sections -Wall -fstack-usage -fcyclomatic-complexity -MMD -MP -MF"BSP/motor/bsp_PID_motor.d" -MT"BSP/motor/bsp_PID_motor.o" --specs=nano.specs -mfloat-abi=soft -mthumb -o "BSP/motor/bsp_PID_motor.o"
arm-none-eabi-gcc "../BSP/motor/bsp_motor.c" -mcpu=cortex-m3 -std=gnu11 -DUSE_HAL_DRIVER -DSTM32F103xE -c -I../Core/Inc -I../Drivers/STM32F1xx_HAL_Driver/Inc -I../Drivers/STM32F1xx_HAL_Driver/Inc/Legacy -I../Drivers/CMSIS/Device/ST/STM32F1xx/Include -I../Drivers/CMSIS/Include -I"C:/Projet Programmation/GitHub/VoitureIntel/VoitureIntel/PS_Control_Car/BSP/delay" -I"C:/Projet Programmation/GitHub/VoitureIntel/VoitureIntel/PS_Control_Car/BSP/encoder" -I"C:/Projet Programmation/GitHub/VoitureIntel/VoitureIntel/PS_Control_Car/BSP/motor" -I"C:/Projet Programmation/GitHub/VoitureIntel/VoitureIntel/PS_Control_Car/BSP/OLED" -I"C:/Projet Programmation/GitHub/VoitureIntel/VoitureIntel/PS_Control_Car/BSP/PS2" -I"C:/Projet Programmation/GitHub/VoitureIntel/VoitureIntel/PS_Control_Car/BSP/RGB" -I"C:/Projet Programmation/GitHub/VoitureIntel/VoitureIntel/PS_Control_Car/BSP/tim" -I"C:/Projet Programmation/GitHub/VoitureIntel/VoitureIntel/PS_Control_Car/BSP/ultrasonic" -I"C:/Projet Programmation/GitHub/VoitureIntel/VoitureIntel/PS_Control_Car/BSP" -Os -ffunction-sections -fdata-sections -Wall -fstack-usage -fcyclomatic-complexity -MMD -MP -MF"BSP/motor/bsp_motor.d" -MT"BSP/motor/bsp_motor.o" --specs=nano.specs -mfloat-abi=soft -mthumb -o "BSP/motor/bsp_motor.o"
arm-none-eabi-gcc "../BSP/encoder/bsp_encoder.c" -mcpu=cortex-m3 -std=gnu11 -DUSE_HAL_DRIVER -DSTM32F103xE -c -I../Core/Inc -I../Drivers/STM32F1xx_HAL_Driver/Inc -I../Drivers/STM32F1xx_HAL_Driver/Inc/Legacy -I../Drivers/CMSIS/Device/ST/STM32F1xx/Include -I../Drivers/CMSIS/Include -I"C:/Projet Programmation/GitHub/VoitureIntel/VoitureIntel/PS_Control_Car/BSP/delay" -I"C:/Projet Programmation/GitHub/VoitureIntel/VoitureIntel/PS_Control_Car/BSP/encoder" -I"C:/Projet Programmation/GitHub/VoitureIntel/VoitureIntel/PS_Control_Car/BSP/motor" -I"C:/Projet Programmation/GitHub/VoitureIntel/VoitureIntel/PS_Control_Car/BSP/OLED" -I"C:/Projet Programmation/GitHub/VoitureIntel/VoitureIntel/PS_Control_Car/BSP/PS2" -I"C:/Projet Programmation/GitHub/VoitureIntel/VoitureIntel/PS_Control_Car/BSP/RGB" -I"C:/Projet Programmation/GitHub/VoitureIntel/VoitureIntel/PS_Control_Car/BSP/tim" -I"C:/Projet Programmation/GitHub/VoitureIntel/VoitureIntel/PS_Control_Car/BSP/ultrasonic" -I"C:/Projet Programmation/GitHub/VoitureIntel/VoitureIntel/PS_Control_Car/BSP" -Os -ffunction-sections -fdata-sections -Wall -fstack-usage -fcyclomatic-complexity -MMD -MP -MF"BSP/encoder/bsp_encoder.d" -MT"BSP/encoder/bsp_encoder.o" --specs=nano.specs -mfloat-abi=soft -mthumb -o "BSP/encoder/bsp_encoder.o"
arm-none-eabi-gcc "../BSP/delay/delay.c" -mcpu=cortex-m3 -std=gnu11 -DUSE_HAL_DRIVER -DSTM32F103xE -c -I../Core/Inc -I../Drivers/STM32F1xx_HAL_Driver/Inc -I../Drivers/STM32F1xx_HAL_Driver/Inc/Legacy -I../Drivers/CMSIS/Device/ST/STM32F1xx/Include -I../Drivers/CMSIS/Include -I"C:/Projet Programmation/GitHub/VoitureIntel/VoitureIntel/PS_Control_Car/BSP/delay" -I"C:/Projet Programmation/GitHub/VoitureIntel/VoitureIntel/PS_Control_Car/BSP/encoder" -I"C:/Projet Programmation/GitHub/VoitureIntel/VoitureIntel/PS_Control_Car/BSP/motor" -I"C:/Projet Programmation/GitHub/VoitureIntel/VoitureIntel/PS_Control_Car/BSP/OLED" -I"C:/Projet Programmation/GitHub/VoitureIntel/VoitureIntel/PS_Control_Car/BSP/PS2" -I"C:/Projet Programmation/GitHub/VoitureIntel/VoitureIntel/PS_Control_Car/BSP/RGB" -I"C:/Projet Programmation/GitHub/VoitureIntel/VoitureIntel/PS_Control_Car/BSP/tim" -I"C:/Projet Programmation/GitHub/VoitureIntel/VoitureIntel/PS_Control_Car/BSP/ultrasonic" -I"C:/Projet Programmation/GitHub/VoitureIntel/VoitureIntel/PS_Control_Car/BSP" -Os -ffunction-sections -fdata-sections -Wall -fstack-usage -fcyclomatic-complexity -MMD -MP -MF"BSP/delay/delay.d" -MT"BSP/delay/delay.o" --specs=nano.specs -mfloat-abi=soft -mthumb -o "BSP/delay/delay.o"
arm-none-eabi-gcc "../BSP/RGB/app_rgb.c" -mcpu=cortex-m3 -std=gnu11 -DUSE_HAL_DRIVER -DSTM32F103xE -c -I../Core/Inc -I../Drivers/STM32F1xx_HAL_Driver/Inc -I../Drivers/STM32F1xx_HAL_Driver/Inc/Legacy -I../Drivers/CMSIS/Device/ST/STM32F1xx/Include -I../Drivers/CMSIS/Include -I"C:/Projet Programmation/GitHub/VoitureIntel/VoitureIntel/PS_Control_Car/BSP/delay" -I"C:/Projet Programmation/GitHub/VoitureIntel/VoitureIntel/PS_Control_Car/BSP/encoder" -I"C:/Projet Programmation/GitHub/VoitureIntel/VoitureIntel/PS_Control_Car/BSP/motor" -I"C:/Projet Programmation/GitHub/VoitureIntel/VoitureIntel/PS_Control_Car/BSP/OLED" -I"C:/Projet Programmation/GitHub/VoitureIntel/VoitureIntel/PS_Control_Car/BSP/PS2" -I"C:/Projet Programmation/GitHub/VoitureIntel/VoitureIntel/PS_Control_Car/BSP/RGB" -I"C:/Projet Programmation/GitHub/VoitureIntel/VoitureIntel/PS_Control_Car/BSP/tim" -I"C:/Projet Programmation/GitHub/VoitureIntel/VoitureIntel/PS_Control_Car/BSP/ultrasonic" -I"C:/Projet Programmation/GitHub/VoitureIntel/VoitureIntel/PS_Control_Car/BSP" -Os -ffunction-sections -fdata-sections -Wall -fstack-usage -fcyclomatic-complexity -MMD -MP -MF"BSP/RGB/app_rgb.d" -MT"BSP/RGB/app_rgb.o" --specs=nano.specs -mfloat-abi=soft -mthumb -o "BSP/RGB/app_rgb.o"
arm-none-eabi-gcc "../BSP/RGB/bsp_rgb.c" -mcpu=cortex-m3 -std=gnu11 -DUSE_HAL_DRIVER -DSTM32F103xE -c -I../Core/Inc -I../Drivers/STM32F1xx_HAL_Driver/Inc -I../Drivers/STM32F1xx_HAL_Driver/Inc/Legacy -I../Drivers/CMSIS/Device/ST/STM32F1xx/Include -I../Drivers/CMSIS/Include -I"C:/Projet Programmation/GitHub/VoitureIntel/VoitureIntel/PS_Control_Car/BSP/delay" -I"C:/Projet Programmation/GitHub/VoitureIntel/VoitureIntel/PS_Control_Car/BSP/encoder" -I"C:/Projet Programmation/GitHub/VoitureIntel/VoitureIntel/PS_Control_Car/BSP/motor" -I"C:/Projet Programmation/GitHub/VoitureIntel/VoitureIntel/PS_Control_Car/BSP/OLED" -I"C:/Projet Programmation/GitHub/VoitureIntel/VoitureIntel/PS_Control_Car/BSP/PS2" -I"C:/Projet Programmation/GitHub/VoitureIntel/VoitureIntel/PS_Control_Car/BSP/RGB" -I"C:/Projet Programmation/GitHub/VoitureIntel/VoitureIntel/PS_Control_Car/BSP/tim" -I"C:/Projet Programmation/GitHub/VoitureIntel/VoitureIntel/PS_Control_Car/BSP/ultrasonic" -I"C:/Projet Programmation/GitHub/VoitureIntel/VoitureIntel/PS_Control_Car/BSP" -Os -ffunction-sections -fdata-sections -Wall -fstack-usage -fcyclomatic-complexity -MMD -MP -MF"BSP/RGB/bsp_rgb.d" -MT"BSP/RGB/bsp_rgb.o" --specs=nano.specs -mfloat-abi=soft -mthumb -o "BSP/RGB/bsp_rgb.o"
arm-none-eabi-gcc "../BSP/PS2/app_ps2.c" -mcpu=cortex-m3 -std=gnu11 -DUSE_HAL_DRIVER -DSTM32F103xE -c -I../Core/Inc -I../Drivers/STM32F1xx_HAL_Driver/Inc -I../Drivers/STM32F1xx_HAL_Driver/Inc/Legacy -I../Drivers/CMSIS/Device/ST/STM32F1xx/Include -I../Drivers/CMSIS/Include -I"C:/Projet Programmation/GitHub/VoitureIntel/VoitureIntel/PS_Control_Car/BSP/delay" -I"C:/Projet Programmation/GitHub/VoitureIntel/VoitureIntel/PS_Control_Car/BSP/encoder" -I"C:/Projet Programmation/GitHub/VoitureIntel/VoitureIntel/PS_Control_Car/BSP/motor" -I"C:/Projet Programmation/GitHub/VoitureIntel/VoitureIntel/PS_Control_Car/BSP/OLED" -I"C:/Projet Programmation/GitHub/VoitureIntel/VoitureIntel/PS_Control_Car/BSP/PS2" -I"C:/Projet Programmation/GitHub/VoitureIntel/VoitureIntel/PS_Control_Car/BSP/RGB" -I"C:/Projet Programmation/GitHub/VoitureIntel/VoitureIntel/PS_Control_Car/BSP/tim" -I"C:/Projet Programmation/GitHub/VoitureIntel/VoitureIntel/PS_Control_Car/BSP/ultrasonic" -I"C:/Projet Programmation/GitHub/VoitureIntel/VoitureIntel/PS_Control_Car/BSP" -Os -ffunction-sections -fdata-sections -Wall -fstack-usage -fcyclomatic-complexity -MMD -MP -MF"BSP/PS2/app_ps2.d" -MT"BSP/PS2/app_ps2.o" --specs=nano.specs -mfloat-abi=soft -mthumb -o "BSP/PS2/app_ps2.o"
arm-none-eabi-gcc "../BSP/PS2/bsp_ps2.c" -mcpu=cortex-m3 -std=gnu11 -DUSE_HAL_DRIVER -DSTM32F103xE -c -I../Core/Inc -I../Drivers/STM32F1xx_HAL_Driver/Inc -I../Drivers/STM32F1xx_HAL_Driver/Inc/Legacy -I../Drivers/CMSIS/Device/ST/STM32F1xx/Include -I../Drivers/CMSIS/Include -I"C:/Projet Programmation/GitHub/VoitureIntel/VoitureIntel/PS_Control_Car/BSP/delay" -I"C:/Projet Programmation/GitHub/VoitureIntel/VoitureIntel/PS_Control_Car/BSP/encoder" -I"C:/Projet Programmation/GitHub/VoitureIntel/VoitureIntel/PS_Control_Car/BSP/motor" -I"C:/Projet Programmation/GitHub/VoitureIntel/VoitureIntel/PS_Control_Car/BSP/OLED" -I"C:/Projet Programmation/GitHub/VoitureIntel/VoitureIntel/PS_Control_Car/BSP/PS2" -I"C:/Projet Programmation/GitHub/VoitureIntel/VoitureIntel/PS_Control_Car/BSP/RGB" -I"C:/Projet Programmation/GitHub/VoitureIntel/VoitureIntel/PS_Control_Car/BSP/tim" -I"C:/Projet Programmation/GitHub/VoitureIntel/VoitureIntel/PS_Control_Car/BSP/ultrasonic" -I"C:/Projet Programmation/GitHub/VoitureIntel/VoitureIntel/PS_Control_Car/BSP" -Os -ffunction-sections -fdata-sections -Wall -fstack-usage -fcyclomatic-complexity -MMD -MP -MF"BSP/PS2/bsp_ps2.d" -MT"BSP/PS2/bsp_ps2.o" --specs=nano.specs -mfloat-abi=soft -mthumb -o "BSP/PS2/bsp_ps2.o"
arm-none-eabi-gcc "../BSP/OLED/bsp_oled.c" -mcpu=cortex-m3 -std=gnu11 -DUSE_HAL_DRIVER -DSTM32F103xE -c -I../Core/Inc -I../Drivers/STM32F1xx_HAL_Driver/Inc -I../Drivers/STM32F1xx_HAL_Driver/Inc/Legacy -I../Drivers/CMSIS/Device/ST/STM32F1xx/Include -I../Drivers/CMSIS/Include -I"C:/Projet Programmation/GitHub/VoitureIntel/VoitureIntel/PS_Control_Car/BSP/delay" -I"C:/Projet Programmation/GitHub/VoitureIntel/VoitureIntel/PS_Control_Car/BSP/encoder" -I"C:/Projet Programmation/GitHub/VoitureIntel/VoitureIntel/PS_Control_Car/BSP/motor" -I"C:/Projet Programmation/GitHub/VoitureIntel/VoitureIntel/PS_Control_Car/BSP/OLED" -I"C:/Projet Programmation/GitHub/VoitureIntel/VoitureIntel/PS_Control_Car/BSP/PS2" -I"C:/Projet Programmation/GitHub/VoitureIntel/VoitureIntel/PS_Control_Car/BSP/RGB" -I"C:/Projet Programmation/GitHub/VoitureIntel/VoitureIntel/PS_Control_Car/BSP/tim" -I"C:/Projet Programmation/GitHub/VoitureIntel/VoitureIntel/PS_Control_Car/BSP/ultrasonic" -I"C:/Projet Programmation/GitHub/VoitureIntel/VoitureIntel/PS_Control_Car/BSP" -Os -ffunction-sections -fdata-sections -Wall -fstack-usage -fcyclomatic-complexity -MMD -MP -MF"BSP/OLED/bsp_oled.d" -MT"BSP/OLED/bsp_oled.o" --specs=nano.specs -mfloat-abi=soft -mthumb -o "BSP/OLED/bsp_oled.o"
arm-none-eabi-gcc "../BSP/OLED/oled_fonts.c" -mcpu=cortex-m3 -std=gnu11 -DUSE_HAL_DRIVER -DSTM32F103xE -c -I../Core/Inc -I../Drivers/STM32F1xx_HAL_Driver/Inc -I../Drivers/STM32F1xx_HAL_Driver/Inc/Legacy -I../Drivers/CMSIS/Device/ST/STM32F1xx/Include -I../Drivers/CMSIS/Include -I"C:/Projet Programmation/GitHub/VoitureIntel/VoitureIntel/PS_Control_Car/BSP/delay" -I"C:/Projet Programmation/GitHub/VoitureIntel/VoitureIntel/PS_Control_Car/BSP/encoder" -I"C:/Projet Programmation/GitHub/VoitureIntel/VoitureIntel/PS_Control_Car/BSP/motor" -I"C:/Projet Programmation/GitHub/VoitureIntel/VoitureIntel/PS_Control_Car/BSP/OLED" -I"C:/Projet Programmation/GitHub/VoitureIntel/VoitureIntel/PS_Control_Car/BSP/PS2" -I"C:/Projet Programmation/GitHub/VoitureIntel/VoitureIntel/PS_Control_Car/BSP/RGB" -I"C:/Projet Programmation/GitHub/VoitureIntel/VoitureIntel/PS_Control_Car/BSP/tim" -I"C:/Projet Programmation/GitHub/VoitureIntel/VoitureIntel/PS_Control_Car/BSP/ultrasonic" -I"C:/Projet Programmation/GitHub/VoitureIntel/VoitureIntel/PS_Control_Car/BSP" -Os -ffunction-sections -fdata-sections -Wall -fstack-usage -fcyclomatic-complexity -MMD -MP -MF"BSP/OLED/oled_fonts.d" -MT"BSP/OLED/oled_fonts.o" --specs=nano.specs -mfloat-abi=soft -mthumb -o "BSP/OLED/oled_fonts.o"
arm-none-eabi-gcc "../BSP/bsp.c" -mcpu=cortex-m3 -std=gnu11 -DUSE_HAL_DRIVER -DSTM32F103xE -c -I../Core/Inc -I../Drivers/STM32F1xx_HAL_Driver/Inc -I../Drivers/STM32F1xx_HAL_Driver/Inc/Legacy -I../Drivers/CMSIS/Device/ST/STM32F1xx/Include -I../Drivers/CMSIS/Include -I"C:/Projet Programmation/GitHub/VoitureIntel/VoitureIntel/PS_Control_Car/BSP/delay" -I"C:/Projet Programmation/GitHub/VoitureIntel/VoitureIntel/PS_Control_Car/BSP/encoder" -I"C:/Projet Programmation/GitHub/VoitureIntel/VoitureIntel/PS_Control_Car/BSP/motor" -I"C:/Projet Programmation/GitHub/VoitureIntel/VoitureIntel/PS_Control_Car/BSP/OLED" -I"C:/Projet Programmation/GitHub/VoitureIntel/VoitureIntel/PS_Control_Car/BSP/PS2" -I"C:/Projet Programmation/GitHub/VoitureIntel/VoitureIntel/PS_Control_Car/BSP/RGB" -I"C:/Projet Programmation/GitHub/VoitureIntel/VoitureIntel/PS_Control_Car/BSP/tim" -I"C:/Projet Programmation/GitHub/VoitureIntel/VoitureIntel/PS_Control_Car/BSP/ultrasonic" -I"C:/Projet Programmation/GitHub/VoitureIntel/VoitureIntel/PS_Control_Car/BSP" -Os -ffunction-sections -fdata-sections -Wall -fstack-usage -fcyclomatic-complexity -MMD -MP -MF"BSP/bsp.d" -MT"BSP/bsp.o" --specs=nano.specs -mfloat-abi=soft -mthumb -o "BSP/bsp.o"
../BSP/PS2/app_ps2.c: In function 'User_PS2_Control':
../BSP/PS2/app_ps2.c:27:42: warning: '   ' directive writing 3 bytes into a region of size between 0 and 4 [-Wformat-overflow=]
   27 |         sprintf(line3, "Break Dist = %.3f   ", Offset_Wall);
      |                                          ^~~
../BSP/PS2/app_ps2.c:27:9: note: 'sprintf' output between 20 and 331 bytes into a destination of size 20
   27 |         sprintf(line3, "Break Dist = %.3f   ", Offset_Wall);
      |         ^~~~~~~~~~~~~~~~~~~~~~~~~~~~~~~~~~~~~~~~~~~~~~~~~~~
../BSP/PS2/bsp_ps2.c: In function 'PS2_Cmd':
../BSP/PS2/bsp_ps2.c:3:20: warning: implicit declaration of function 'Delay_Us'; did you mean 'Delay_Ms'? [-Wimplicit-function-declaration]
    3 | #define DELAY_TIME Delay_Us(5);
      |                    ^~~~~~~~
../BSP/PS2/bsp_ps2.c:47:17: note: in expansion of macro 'DELAY_TIME'
   47 |                 DELAY_TIME;
      |                 ^~~~~~~~~~
../BSP/PS2/bsp_ps2.c:54:9: warning: statement with no effect [-Wunused-value]
   54 |         (16);
      |         ^
../BSP/PS2/bsp_ps2.c: In function 'PS2_ReadData':
../BSP/PS2/bsp_ps2.c:102:17: warning: statement with no effect [-Wunused-value]
  102 |                 (16);
      |                 ^
../BSP/OLED/bsp_oled.c: In function 'SSD1306_UpdateScreen':
../BSP/OLED/bsp_oled.c:7:33: warning: iteration 4 invokes undefined behavior [-Waggressive-loop-optimizations]
    7 | #define SSD1306_WRITEDATA(data) I2C_WriteByte(0x40, (data))
      |                                 ^~~~~~~~~~~~~~~~~~~~~~~~~~~
../BSP/OLED/bsp_oled.c:101:13: note: in expansion of macro 'SSD1306_WRITEDATA'
  101 |             SSD1306_WRITEDATA(SSD1306_Buffer[n + SSD1306_WIDTH * m]);
      |             ^~~~~~~~~~~~~~~~~
../BSP/OLED/bsp_oled.c:92:19: note: within this loop
   92 |     for (m = 0; m < 8; m++)
      |                 ~~^~~
arm-none-eabi-gcc -o "PS_Control_Car.elf" @"objects.list"   -mcpu=cortex-m3 -T"C:\Projet Programmation\GitHub\VoitureIntel\VoitureIntel\PS_Control_Car\STM32F103ZETX_FLASH.ld" --specs=nosys.specs -Wl,-Map="PS_Control_Car.map" -Wl,--gc-sections -static --specs=nano.specs -mfloat-abi=soft -mthumb -u _printf_float -u _scanf_float -Wl,--start-group -lc -lm -Wl,--end-group
C:/Program Files/STM32CubeIDE_1.16.1/STM32CubeIDE/plugins/com.st.stm32cube.ide.mcu.externaltools.gnu-tools-for-stm32.12.3.rel1.win32_1.0.200.202406191623/tools/bin/../lib/gcc/arm-none-eabi/12.3.1/../../../../arm-none-eabi/bin/ld.exe: warning: PS_Control_Car.elf has a LOAD segment with RWX permissions
Finished building target: PS_Control_Car.elf
 
arm-none-eabi-size  PS_Control_Car.elf 
arm-none-eabi-objdump -h -S PS_Control_Car.elf  > "PS_Control_Car.list"
   text	   data	    bss	    dec	    hex	filename
  44192	    560	   3488	  48240	   bc70	PS_Control_Car.elf
Finished building: default.size.stdout
 
Finished building: PS_Control_Car.list
 

12:34:44 Build Finished. 0 errors, 7 warnings. (took 1s.943ms)

